03-07 14:51:38.188 10428 10428 V ActivityScenario: Activity lifecycle changed event received but ignored because the intent does not match. startActivityIntent=Intent { act=android.intent.action.MAIN cat=[android.intent.category.LAUNCHER] cmp=com.example.lunchtray/.MainActivity }, activity.getIntent()=Intent { act=android.intent.action.MAIN cat=[android.intent.category.LAUNCHER] flg=0x10008000 cmp=com.example.lunchtray/androidx.test.core.app.InstrumentationActivityInvoker$BootstrapActivity (has extras) }, activity=androidx.test.core.app.InstrumentationActivityInvoker$BootstrapActivity@d0ee381
03-07 14:51:38.188 10428 10428 V ActivityScenario: Activity lifecycle changed event received but ignored because the intent does not match. startActivityIntent=Intent { act=android.intent.action.MAIN cat=[android.intent.category.LAUNCHER] cmp=com.example.lunchtray/androidx.fragment.app.testing.FragmentScenario$EmptyFragmentActivity (has extras) }, activity.getIntent()=Intent { act=android.intent.action.MAIN cat=[android.intent.category.LAUNCHER] flg=0x10008000 cmp=com.example.lunchtray/androidx.test.core.app.InstrumentationActivityInvoker$BootstrapActivity (has extras) }, activity=androidx.test.core.app.InstrumentationActivityInvoker$BootstrapActivity@d0ee381
03-07 14:51:38.188 10428 10428 V ActivityScenario: Activity lifecycle changed event received but ignored because the intent does not match. startActivityIntent=Intent { act=android.intent.action.MAIN cat=[android.intent.category.LAUNCHER] cmp=com.example.lunchtray/.MainActivity }, activity.getIntent()=Intent { act=android.intent.action.MAIN cat=[android.intent.category.LAUNCHER] flg=0x10008000 cmp=com.example.lunchtray/androidx.test.core.app.InstrumentationActivityInvoker$BootstrapActivity (has extras) }, activity=androidx.test.core.app.InstrumentationActivityInvoker$BootstrapActivity@d0ee381
03-07 14:51:38.198 10428 10428 D LifecycleMonitor: Lifecycle status change: androidx.test.core.app.InstrumentationActivityInvoker$BootstrapActivity@d0ee381 in: PAUSED
03-07 14:51:38.198 10428 10428 V ActivityScenario: Activity lifecycle changed event received but ignored because the intent does not match. startActivityIntent=Intent { act=android.intent.action.MAIN cat=[android.intent.category.LAUNCHER] cmp=com.example.lunchtray/androidx.fragment.app.testing.FragmentScenario$EmptyFragmentActivity (has extras) }, activity.getIntent()=Intent { act=android.intent.action.MAIN cat=[android.intent.category.LAUNCHER] flg=0x10008000 cmp=com.example.lunchtray/androidx.test.core.app.InstrumentationActivityInvoker$BootstrapActivity (has extras) }, activity=androidx.test.core.app.InstrumentationActivityInvoker$BootstrapActivity@d0ee381
03-07 14:51:38.200 10428 10428 I chatty  : uid=10175(com.example.lunchtray) identical 11 lines
03-07 14:51:38.200 10428 10428 V ActivityScenario: Activity lifecycle changed event received but ignored because the intent does not match. startActivityIntent=Intent { act=android.intent.action.MAIN cat=[android.intent.category.LAUNCHER] cmp=com.example.lunchtray/androidx.fragment.app.testing.FragmentScenario$EmptyFragmentActivity (has extras) }, activity.getIntent()=Intent { act=android.intent.action.MAIN cat=[android.intent.category.LAUNCHER] flg=0x10008000 cmp=com.example.lunchtray/androidx.test.core.app.InstrumentationActivityInvoker$BootstrapActivity (has extras) }, activity=androidx.test.core.app.InstrumentationActivityInvoker$BootstrapActivity@d0ee381
03-07 14:51:38.201 10428 10428 V ActivityScenario: Activity lifecycle changed event received but ignored because the intent does not match. startActivityIntent=Intent { act=android.intent.action.MAIN cat=[android.intent.category.LAUNCHER] cmp=com.example.lunchtray/.MainActivity }, activity.getIntent()=Intent { act=android.intent.action.MAIN cat=[android.intent.category.LAUNCHER] flg=0x10008000 cmp=com.example.lunchtray/androidx.test.core.app.InstrumentationActivityInvoker$BootstrapActivity (has extras) }, activity=androidx.test.core.app.InstrumentationActivityInvoker$BootstrapActivity@d0ee381
03-07 14:51:38.201 10428 10428 I chatty  : uid=10175(com.example.lunchtray) identical 3 lines
03-07 14:51:38.201 10428 10428 V ActivityScenario: Activity lifecycle changed event received but ignored because the intent does not match. startActivityIntent=Intent { act=android.intent.action.MAIN cat=[android.intent.category.LAUNCHER] cmp=com.example.lunchtray/.MainActivity }, activity.getIntent()=Intent { act=android.intent.action.MAIN cat=[android.intent.category.LAUNCHER] flg=0x10008000 cmp=com.example.lunchtray/androidx.test.core.app.InstrumentationActivityInvoker$BootstrapActivity (has extras) }, activity=androidx.test.core.app.InstrumentationActivityInvoker$BootstrapActivity@d0ee381
03-07 14:51:38.201 10428 10428 V ActivityScenario: Activity lifecycle changed event received but ignored because the intent does not match. startActivityIntent=Intent { act=android.intent.action.MAIN cat=[android.intent.category.LAUNCHER] cmp=com.example.lunchtray/androidx.fragment.app.testing.FragmentScenario$EmptyFragmentActivity (has extras) }, activity.getIntent()=Intent { act=android.intent.action.MAIN cat=[android.intent.category.LAUNCHER] flg=0x10008000 cmp=com.example.lunchtray/androidx.test.core.app.InstrumentationActivityInvoker$BootstrapActivity (has extras) }, activity=androidx.test.core.app.InstrumentationActivityInvoker$BootstrapActivity@d0ee381
03-07 14:51:38.201 10428 10428 V ActivityScenario: Activity lifecycle changed event received but ignored because the intent does not match. startActivityIntent=Intent { act=android.intent.action.MAIN cat=[android.intent.category.LAUNCHER] cmp=com.example.lunchtray/.MainActivity }, activity.getIntent()=Intent { act=android.intent.action.MAIN cat=[android.intent.category.LAUNCHER] flg=0x10008000 cmp=com.example.lunchtray/androidx.test.core.app.InstrumentationActivityInvoker$BootstrapActivity (has extras) }, activity=androidx.test.core.app.InstrumentationActivityInvoker$BootstrapActivity@d0ee381
03-07 14:51:38.202 10428 10428 V ActivityScenario: Activity lifecycle changed event received but ignored because the intent does not match. startActivityIntent=Intent { act=android.intent.action.MAIN cat=[android.intent.category.LAUNCHER] cmp=com.example.lunchtray/androidx.fragment.app.testing.FragmentScenario$EmptyFragmentActivity (has extras) }, activity.getIntent()=Intent { act=android.intent.action.MAIN cat=[android.intent.category.LAUNCHER] flg=0x10008000 cmp=com.example.lunchtray/androidx.test.core.app.InstrumentationActivityInvoker$BootstrapActivity (has extras) }, activity=androidx.test.core.app.InstrumentationActivityInvoker$BootstrapActivity@d0ee381
03-07 14:51:38.202 10428 10428 V ActivityScenario: Activity lifecycle changed event received but ignored because the intent does not match. startActivityIntent=Intent { act=android.intent.action.MAIN cat=[android.intent.category.LAUNCHER] cmp=com.example.lunchtray/.MainActivity }, activity.getIntent()=Intent { act=android.intent.action.MAIN cat=[android.intent.category.LAUNCHER] flg=0x10008000 cmp=com.example.lunchtray/androidx.test.core.app.InstrumentationActivityInvoker$BootstrapActivity (has extras) }, activity=androidx.test.core.app.InstrumentationActivityInvoker$BootstrapActivity@d0ee381
03-07 14:51:38.204   541  2001 W InputReader: Device virtio_input_multi_touch_10 is associated with display ADISPLAY_ID_NONE.
03-07 14:51:38.204   541  2001 W InputReader: Device virtio_input_multi_touch_4 is associated with display ADISPLAY_ID_NONE.
03-07 14:51:38.204   541  2001 W InputReader: Device virtio_input_multi_touch_11 is associated with display ADISPLAY_ID_NONE.
03-07 14:51:38.204   541  2001 W InputReader: Device virtio_input_multi_touch_9 is associated with display ADISPLAY_ID_NONE.
03-07 14:51:38.204   541  2001 W InputReader: Device virtio_input_multi_touch_6 is associated with display ADISPLAY_ID_NONE.
03-07 14:51:38.204   541  2001 W InputReader: Device virtio_input_multi_touch_5 is associated with display ADISPLAY_ID_NONE.
03-07 14:51:38.205   541  2001 W InputReader: Device virtio_input_multi_touch_3 is associated with display ADISPLAY_ID_NONE.
03-07 14:51:38.205   541  2001 W InputReader: Device virtio_input_multi_touch_2 is associated with display ADISPLAY_ID_NONE.
03-07 14:51:38.205   541  2001 W InputReader: Device virtio_input_multi_touch_7 is associated with display ADISPLAY_ID_NONE.
03-07 14:51:38.205   541  2001 W InputReader: Device virtio_input_multi_touch_8 is associated with display ADISPLAY_ID_NONE.
03-07 14:51:38.206   541  2001 W InputReader: Device virtio_input_multi_touch_10 is associated with display ADISPLAY_ID_NONE.
03-07 14:51:38.206   541  2001 W InputReader: Device virtio_input_multi_touch_4 is associated with display ADISPLAY_ID_NONE.
03-07 14:51:38.206   541  2001 W InputReader: Device virtio_input_multi_touch_11 is associated with display ADISPLAY_ID_NONE.
03-07 14:51:38.206   541  2001 W InputReader: Device virtio_input_multi_touch_9 is associated with display ADISPLAY_ID_NONE.
03-07 14:51:38.206   541  2001 W InputReader: Device virtio_input_multi_touch_6 is associated with display ADISPLAY_ID_NONE.
03-07 14:51:38.206   541  2001 W InputReader: Device virtio_input_multi_touch_5 is associated with display ADISPLAY_ID_NONE.
03-07 14:51:38.206   541  2001 W InputReader: Device virtio_input_multi_touch_3 is associated with display ADISPLAY_ID_NONE.
03-07 14:51:38.206   541  2001 W InputReader: Device virtio_input_multi_touch_2 is associated with display ADISPLAY_ID_NONE.
03-07 14:51:38.206   541  2001 W InputReader: Device virtio_input_multi_touch_7 is associated with display ADISPLAY_ID_NONE.
03-07 14:51:38.206   541  2001 W InputReader: Device virtio_input_multi_touch_8 is associated with display ADISPLAY_ID_NONE.
03-07 14:51:38.236 10428 10428 D LifecycleMonitor: Lifecycle status change: com.example.lunchtray.MainActivity@36ac9fe in: PRE_ON_CREATE
03-07 14:51:38.236 10428 10428 V ActivityScenario: Activity lifecycle changed event received but ignored because the intent does not match. startActivityIntent=Intent { act=android.intent.action.MAIN cat=[android.intent.category.LAUNCHER] cmp=com.example.lunchtray/androidx.fragment.app.testing.FragmentScenario$EmptyFragmentActivity (has extras) }, activity.getIntent()=Intent { act=android.intent.action.MAIN cat=[android.intent.category.LAUNCHER] cmp=com.example.lunchtray/.MainActivity }, activity=com.example.lunchtray.MainActivity@36ac9fe
03-07 14:51:38.238 10428 10428 I chatty  : uid=10175(com.example.lunchtray) identical 11 lines
03-07 14:51:38.238 10428 10428 V ActivityScenario: Activity lifecycle changed event received but ignored because the intent does not match. startActivityIntent=Intent { act=android.intent.action.MAIN cat=[android.intent.category.LAUNCHER] cmp=com.example.lunchtray/androidx.fragment.app.testing.FragmentScenario$EmptyFragmentActivity (has extras) }, activity.getIntent()=Intent { act=android.intent.action.MAIN cat=[android.intent.category.LAUNCHER] cmp=com.example.lunchtray/.MainActivity }, activity=com.example.lunchtray.MainActivity@36ac9fe
03-07 14:51:38.238 10428 10428 V ActivityScenario: Activity lifecycle changed event received but ignored because the reported transition was not ON_CREATE while the last known transition was DESTROYED
03-07 14:51:38.239 10428 10428 I chatty  : uid=10175(com.example.lunchtray) identical 3 lines
03-07 14:51:38.239 10428 10428 V ActivityScenario: Activity lifecycle changed event received but ignored because the reported transition was not ON_CREATE while the last known transition was DESTROYED
03-07 14:51:38.239 10428 10428 V ActivityScenario: Activity lifecycle changed event received but ignored because the intent does not match. startActivityIntent=Intent { act=android.intent.action.MAIN cat=[android.intent.category.LAUNCHER] cmp=com.example.lunchtray/androidx.fragment.app.testing.FragmentScenario$EmptyFragmentActivity (has extras) }, activity.getIntent()=Intent { act=android.intent.action.MAIN cat=[android.intent.category.LAUNCHER] cmp=com.example.lunchtray/.MainActivity }, activity=com.example.lunchtray.MainActivity@36ac9fe
03-07 14:51:38.239 10428 10428 V ActivityScenario: Activity lifecycle changed event received but ignored because the reported transition was not ON_CREATE while the last known transition was DESTROYED
03-07 14:51:38.240 10428 10428 V ActivityScenario: Activity lifecycle changed event received but ignored because the intent does not match. startActivityIntent=Intent { act=android.intent.action.MAIN cat=[android.intent.category.LAUNCHER] cmp=com.example.lunchtray/androidx.fragment.app.testing.FragmentScenario$EmptyFragmentActivity (has extras) }, activity.getIntent()=Intent { act=android.intent.action.MAIN cat=[android.intent.category.LAUNCHER] cmp=com.example.lunchtray/.MainActivity }, activity=com.example.lunchtray.MainActivity@36ac9fe
03-07 14:51:38.240 10428 10428 V ActivityScenario: Activity lifecycle changed event received but ignored because the reported transition was not ON_CREATE while the last known transition was PRE_ON_CREATE
03-07 14:51:38.329 10428 10428 D LifecycleMonitor: Lifecycle status change: com.example.lunchtray.MainActivity@36ac9fe in: CREATED
03-07 14:51:38.329 10428 10428 V ActivityScenario: Activity lifecycle changed event received but ignored because the intent does not match. startActivityIntent=Intent { act=android.intent.action.MAIN cat=[android.intent.category.LAUNCHER] cmp=com.example.lunchtray/androidx.fragment.app.testing.FragmentScenario$EmptyFragmentActivity (has extras) }, activity.getIntent()=Intent { act=android.intent.action.MAIN cat=[android.intent.category.LAUNCHER] cmp=com.example.lunchtray/.MainActivity }, activity=com.example.lunchtray.MainActivity@36ac9fe
03-07 14:51:38.332 10428 10428 I chatty  : uid=10175(com.example.lunchtray) identical 11 lines
03-07 14:51:38.332 10428 10428 V ActivityScenario: Activity lifecycle changed event received but ignored because the intent does not match. startActivityIntent=Intent { act=android.intent.action.MAIN cat=[android.intent.category.LAUNCHER] cmp=com.example.lunchtray/androidx.fragment.app.testing.FragmentScenario$EmptyFragmentActivity (has extras) }, activity.getIntent()=Intent { act=android.intent.action.MAIN cat=[android.intent.category.LAUNCHER] cmp=com.example.lunchtray/.MainActivity }, activity=com.example.lunchtray.MainActivity@36ac9fe
03-07 14:51:38.332 10428 10428 V ActivityScenario: Update currentActivityStage to CREATED, currentActivity=com.example.lunchtray.MainActivity@36ac9fe
03-07 14:51:38.332 10428 10428 I chatty  : uid=10175(com.example.lunchtray) identical 3 lines
03-07 14:51:38.333 10428 10428 V ActivityScenario: Update currentActivityStage to CREATED, currentActivity=com.example.lunchtray.MainActivity@36ac9fe
03-07 14:51:38.333 10428 10428 V ActivityScenario: Activity lifecycle changed event received but ignored because the intent does not match. startActivityIntent=Intent { act=android.intent.action.MAIN cat=[android.intent.category.LAUNCHER] cmp=com.example.lunchtray/androidx.fragment.app.testing.FragmentScenario$EmptyFragmentActivity (has extras) }, activity.getIntent()=Intent { act=android.intent.action.MAIN cat=[android.intent.category.LAUNCHER] cmp=com.example.lunchtray/.MainActivity }, activity=com.example.lunchtray.MainActivity@36ac9fe
03-07 14:51:38.333 10428 10428 V ActivityScenario: Update currentActivityStage to CREATED, currentActivity=com.example.lunchtray.MainActivity@36ac9fe
03-07 14:51:38.333 10428 10428 V ActivityScenario: Activity lifecycle changed event received but ignored because the intent does not match. startActivityIntent=Intent { act=android.intent.action.MAIN cat=[android.intent.category.LAUNCHER] cmp=com.example.lunchtray/androidx.fragment.app.testing.FragmentScenario$EmptyFragmentActivity (has extras) }, activity.getIntent()=Intent { act=android.intent.action.MAIN cat=[android.intent.category.LAUNCHER] cmp=com.example.lunchtray/.MainActivity }, activity=com.example.lunchtray.MainActivity@36ac9fe
03-07 14:51:38.333 10428 10428 V ActivityScenario: Update currentActivityStage to CREATED, currentActivity=com.example.lunchtray.MainActivity@36ac9fe
03-07 14:51:38.388 10428 10428 D LifecycleMonitor: Lifecycle status change: com.example.lunchtray.MainActivity@36ac9fe in: STARTED
03-07 14:51:38.398 10428 10428 V ActivityScenario: Activity lifecycle changed event received but ignored because the intent does not match. startActivityIntent=Intent { act=android.intent.action.MAIN cat=[android.intent.category.LAUNCHER] cmp=com.example.lunchtray/androidx.fragment.app.testing.FragmentScenario$EmptyFragmentActivity (has extras) }, activity.getIntent()=Intent { act=android.intent.action.MAIN cat=[android.intent.category.LAUNCHER] cmp=com.example.lunchtray/.MainActivity }, activity=com.example.lunchtray.MainActivity@36ac9fe
03-07 14:51:38.417 10428 10428 I chatty  : uid=10175(com.example.lunchtray) identical 11 lines
03-07 14:51:38.417 10428 10428 V ActivityScenario: Activity lifecycle changed event received but ignored because the intent does not match. startActivityIntent=Intent { act=android.intent.action.MAIN cat=[android.intent.category.LAUNCHER] cmp=com.example.lunchtray/androidx.fragment.app.testing.FragmentScenario$EmptyFragmentActivity (has extras) }, activity.getIntent()=Intent { act=android.intent.action.MAIN cat=[android.intent.category.LAUNCHER] cmp=com.example.lunchtray/.MainActivity }, activity=com.example.lunchtray.MainActivity@36ac9fe
03-07 14:51:38.417 10428 10428 V ActivityScenario: Update currentActivityStage to STARTED, currentActivity=com.example.lunchtray.MainActivity@36ac9fe
03-07 14:51:38.419 10428 10428 I chatty  : uid=10175(com.example.lunchtray) identical 3 lines
03-07 14:51:38.419 10428 10428 V ActivityScenario: Update currentActivityStage to STARTED, currentActivity=com.example.lunchtray.MainActivity@36ac9fe
03-07 14:51:38.419 10428 10428 V ActivityScenario: Activity lifecycle changed event received but ignored because the intent does not match. startActivityIntent=Intent { act=android.intent.action.MAIN cat=[android.intent.category.LAUNCHER] cmp=com.example.lunchtray/androidx.fragment.app.testing.FragmentScenario$EmptyFragmentActivity (has extras) }, activity.getIntent()=Intent { act=android.intent.action.MAIN cat=[android.intent.category.LAUNCHER] cmp=com.example.lunchtray/.MainActivity }, activity=com.example.lunchtray.MainActivity@36ac9fe
03-07 14:51:38.419 10428 10428 V ActivityScenario: Update currentActivityStage to STARTED, currentActivity=com.example.lunchtray.MainActivity@36ac9fe
03-07 14:51:38.419 10428 10428 V ActivityScenario: Activity lifecycle changed event received but ignored because the intent does not match. startActivityIntent=Intent { act=android.intent.action.MAIN cat=[android.intent.category.LAUNCHER] cmp=com.example.lunchtray/androidx.fragment.app.testing.FragmentScenario$EmptyFragmentActivity (has extras) }, activity.getIntent()=Intent { act=android.intent.action.MAIN cat=[android.intent.category.LAUNCHER] cmp=com.example.lunchtray/.MainActivity }, activity=com.example.lunchtray.MainActivity@36ac9fe
03-07 14:51:38.420 10428 10428 V ActivityScenario: Update currentActivityStage to STARTED, currentActivity=com.example.lunchtray.MainActivity@36ac9fe
03-07 14:51:38.422 10428 10428 D LifecycleMonitor: Lifecycle status change: com.example.lunchtray.MainActivity@36ac9fe in: RESUMED
03-07 14:51:38.424 10428 10428 V ActivityScenario: Activity lifecycle changed event received but ignored because the intent does not match. startActivityIntent=Intent { act=android.intent.action.MAIN cat=[android.intent.category.LAUNCHER] cmp=com.example.lunchtray/androidx.fragment.app.testing.FragmentScenario$EmptyFragmentActivity (has extras) }, activity.getIntent()=Intent { act=android.intent.action.MAIN cat=[android.intent.category.LAUNCHER] cmp=com.example.lunchtray/.MainActivity }, activity=com.example.lunchtray.MainActivity@36ac9fe
03-07 14:51:38.441 10428 10428 I chatty  : uid=10175(com.example.lunchtray) identical 11 lines
03-07 14:51:38.441 10428 10428 V ActivityScenario: Activity lifecycle changed event received but ignored because the intent does not match. startActivityIntent=Intent { act=android.intent.action.MAIN cat=[android.intent.category.LAUNCHER] cmp=com.example.lunchtray/androidx.fragment.app.testing.FragmentScenario$EmptyFragmentActivity (has extras) }, activity.getIntent()=Intent { act=android.intent.action.MAIN cat=[android.intent.category.LAUNCHER] cmp=com.example.lunchtray/.MainActivity }, activity=com.example.lunchtray.MainActivity@36ac9fe
03-07 14:51:38.441 10428 10428 V ActivityScenario: Update currentActivityStage to RESUMED, currentActivity=com.example.lunchtray.MainActivity@36ac9fe
03-07 14:51:38.444 10428 10428 I chatty  : uid=10175(com.example.lunchtray) identical 3 lines
03-07 14:51:38.444 10428 10428 V ActivityScenario: Update currentActivityStage to RESUMED, currentActivity=com.example.lunchtray.MainActivity@36ac9fe
03-07 14:51:38.444 10428 10428 V ActivityScenario: Activity lifecycle changed event received but ignored because the intent does not match. startActivityIntent=Intent { act=android.intent.action.MAIN cat=[android.intent.category.LAUNCHER] cmp=com.example.lunchtray/androidx.fragment.app.testing.FragmentScenario$EmptyFragmentActivity (has extras) }, activity.getIntent()=Intent { act=android.intent.action.MAIN cat=[android.intent.category.LAUNCHER] cmp=com.example.lunchtray/.MainActivity }, activity=com.example.lunchtray.MainActivity@36ac9fe
03-07 14:51:38.444 10428 10428 V ActivityScenario: Update currentActivityStage to RESUMED, currentActivity=com.example.lunchtray.MainActivity@36ac9fe
03-07 14:51:38.444 10428 10428 V ActivityScenario: Activity lifecycle changed event received but ignored because the intent does not match. startActivityIntent=Intent { act=android.intent.action.MAIN cat=[android.intent.category.LAUNCHER] cmp=com.example.lunchtray/androidx.fragment.app.testing.FragmentScenario$EmptyFragmentActivity (has extras) }, activity.getIntent()=Intent { act=android.intent.action.MAIN cat=[android.intent.category.LAUNCHER] cmp=com.example.lunchtray/.MainActivity }, activity=com.example.lunchtray.MainActivity@36ac9fe
03-07 14:51:38.445 10428 10428 V ActivityScenario: Update currentActivityStage to RESUMED, currentActivity=com.example.lunchtray.MainActivity@36ac9fe
03-07 14:51:38.500   541   570 I Choreographer: Skipped 42 frames!  The application may be doing too much work on its main thread.
03-07 14:51:38.733   280   280 D goldfish-address-space: claimShared: Ask to claim region [0x3f4bbf000 0x3f5524000]
03-07 14:51:38.869   280   280 D goldfish-address-space: claimShared: Ask to claim region [0x3f6a8f000 0x3f73f4000]
03-07 14:51:38.917   280   319 D goldfish-address-space: claimShared: Ask to claim region [0x3f8965000 0x3f92ca000]
03-07 14:51:39.008   280   319 D goldfish-address-space: claimShared: Ask to claim region [0x3f92ca000 0x3f9c2f000]
03-07 14:51:39.097 10428 10428 D RootViewPicker: Root not ready - waiting: 10ms for one to appear.
03-07 14:51:39.116 10428 10428 D RootViewPicker: Root not ready - waiting: 25ms for one to appear.
03-07 14:51:39.172 10428 10428 D RootViewPicker: Root not ready - waiting: 50ms for one to appear.
03-07 14:51:39.173 10428 10428 D LifecycleMonitor: Lifecycle status change: androidx.test.core.app.InstrumentationActivityInvoker$BootstrapActivity@d0ee381 in: STOPPED
03-07 14:51:39.173 10428 10428 V ActivityScenario: Activity lifecycle changed event received but ignored because the intent does not match. startActivityIntent=Intent { act=android.intent.action.MAIN cat=[android.intent.category.LAUNCHER] cmp=com.example.lunchtray/androidx.fragment.app.testing.FragmentScenario$EmptyFragmentActivity (has extras) }, activity.getIntent()=Intent { act=android.intent.action.MAIN cat=[android.intent.category.LAUNCHER] flg=0x10008000 cmp=com.example.lunchtray/androidx.test.core.app.InstrumentationActivityInvoker$BootstrapActivity (has extras) }, activity=androidx.test.core.app.InstrumentationActivityInvoker$BootstrapActivity@d0ee381
03-07 14:51:39.176 10428 10428 I chatty  : uid=10175(com.example.lunchtray) identical 11 lines
03-07 14:51:39.176 10428 10428 V ActivityScenario: Activity lifecycle changed event received but ignored because the intent does not match. startActivityIntent=Intent { act=android.intent.action.MAIN cat=[android.intent.category.LAUNCHER] cmp=com.example.lunchtray/androidx.fragment.app.testing.FragmentScenario$EmptyFragmentActivity (has extras) }, activity.getIntent()=Intent { act=android.intent.action.MAIN cat=[android.intent.category.LAUNCHER] flg=0x10008000 cmp=com.example.lunchtray/androidx.test.core.app.InstrumentationActivityInvoker$BootstrapActivity (has extras) }, activity=androidx.test.core.app.InstrumentationActivityInvoker$BootstrapActivity@d0ee381
03-07 14:51:39.176 10428 10428 V ActivityScenario: Activity lifecycle changed event received but ignored because the intent does not match. startActivityIntent=Intent { act=android.intent.action.MAIN cat=[android.intent.category.LAUNCHER] cmp=com.example.lunchtray/.MainActivity }, activity.getIntent()=Intent { act=android.intent.action.MAIN cat=[android.intent.category.LAUNCHER] flg=0x10008000 cmp=com.example.lunchtray/androidx.test.core.app.InstrumentationActivityInvoker$BootstrapActivity (has extras) }, activity=androidx.test.core.app.InstrumentationActivityInvoker$BootstrapActivity@d0ee381
03-07 14:51:39.177 10428 10428 I chatty  : uid=10175(com.example.lunchtray) identical 3 lines
03-07 14:51:39.177 10428 10428 V ActivityScenario: Activity lifecycle changed event received but ignored because the intent does not match. startActivityIntent=Intent { act=android.intent.action.MAIN cat=[android.intent.category.LAUNCHER] cmp=com.example.lunchtray/.MainActivity }, activity.getIntent()=Intent { act=android.intent.action.MAIN cat=[android.intent.category.LAUNCHER] flg=0x10008000 cmp=com.example.lunchtray/androidx.test.core.app.InstrumentationActivityInvoker$BootstrapActivity (has extras) }, activity=androidx.test.core.app.InstrumentationActivityInvoker$BootstrapActivity@d0ee381
03-07 14:51:39.177 10428 10428 V ActivityScenario: Activity lifecycle changed event received but ignored because the intent does not match. startActivityIntent=Intent { act=android.intent.action.MAIN cat=[android.intent.category.LAUNCHER] cmp=com.example.lunchtray/androidx.fragment.app.testing.FragmentScenario$EmptyFragmentActivity (has extras) }, activity.getIntent()=Intent { act=android.intent.action.MAIN cat=[android.intent.category.LAUNCHER] flg=0x10008000 cmp=com.example.lunchtray/androidx.test.core.app.InstrumentationActivityInvoker$BootstrapActivity (has extras) }, activity=androidx.test.core.app.InstrumentationActivityInvoker$BootstrapActivity@d0ee381
03-07 14:51:39.177 10428 10428 V ActivityScenario: Activity lifecycle changed event received but ignored because the intent does not match. startActivityIntent=Intent { act=android.intent.action.MAIN cat=[android.intent.category.LAUNCHER] cmp=com.example.lunchtray/.MainActivity }, activity.getIntent()=Intent { act=android.intent.action.MAIN cat=[android.intent.category.LAUNCHER] flg=0x10008000 cmp=com.example.lunchtray/androidx.test.core.app.InstrumentationActivityInvoker$BootstrapActivity (has extras) }, activity=androidx.test.core.app.InstrumentationActivityInvoker$BootstrapActivity@d0ee381
03-07 14:51:39.177 10428 10428 V ActivityScenario: Activity lifecycle changed event received but ignored because the intent does not match. startActivityIntent=Intent { act=android.intent.action.MAIN cat=[android.intent.category.LAUNCHER] cmp=com.example.lunchtray/androidx.fragment.app.testing.FragmentScenario$EmptyFragmentActivity (has extras) }, activity.getIntent()=Intent { act=android.intent.action.MAIN cat=[android.intent.category.LAUNCHER] flg=0x10008000 cmp=com.example.lunchtray/androidx.test.core.app.InstrumentationActivityInvoker$BootstrapActivity (has extras) }, activity=androidx.test.core.app.InstrumentationActivityInvoker$BootstrapActivity@d0ee381
03-07 14:51:39.177 10428 10428 V ActivityScenario: Activity lifecycle changed event received but ignored because the intent does not match. startActivityIntent=Intent { act=android.intent.action.MAIN cat=[android.intent.category.LAUNCHER] cmp=com.example.lunchtray/.MainActivity }, activity.getIntent()=Intent { act=android.intent.action.MAIN cat=[android.intent.category.LAUNCHER] flg=0x10008000 cmp=com.example.lunchtray/androidx.test.core.app.InstrumentationActivityInvoker$BootstrapActivity (has extras) }, activity=androidx.test.core.app.InstrumentationActivityInvoker$BootstrapActivity@d0ee381
03-07 14:51:39.224 10428 10428 D RootViewPicker: Root not ready - waiting: 100ms for one to appear.
03-07 14:51:39.232  1641  3110 I PBSessionCacheImpl: (REDACTED) Deleted sessionId[%d] from persistence.
03-07 14:51:39.289   541   569 D EventSequenceValidator: Transition from ACTIVITY_LAUNCHED to ACTIVITY_FINISHED
03-07 14:51:39.334   541   574 D ArtManagerInternalImpl: /data/misc/iorapd/com.example.lunchtray/1/com.example.lunchtray.MainActivity/compiled_traces/compiled_trace.pb doesn't exist
03-07 14:51:39.347   541   574 I ActivityTaskManager: Displayed com.example.lunchtray/.MainActivity: +1s527ms
03-07 14:51:39.355 10428 10428 I ViewInteraction: Performing 'single click' action on view view.getId() is <2131231208/com.example.lunchtray:id/start_order_btn>
03-07 14:51:39.411  1641  2490 W SearchServiceCore: Abort, client detached.
03-07 14:51:39.911   541  1456 D HostConnection: HostConnection::get() New Host Connection established 0xf7537590, tid 1456
03-07 14:51:40.009 10428 10428 W MotionEvents: Overslept and turned a tap into a long press
03-07 14:51:40.045   541  2001 I system_server: oneway function results will be dropped but finished with status OK and parcel size 4
03-07 14:51:40.046   541  2001 I system_server: oneway function results will be dropped but finished with status OK and parcel size 4
03-07 14:51:40.071   339   430 D AudioFlinger: mixer(0xf09cd030) throttle end: throttle time(36)
03-07 14:51:40.110   541  1456 D HostConnection: HostComposition ext ANDROID_EMU_CHECKSUM_HELPER_v1 ANDROID_EMU_native_sync_v2 ANDROID_EMU_native_sync_v3 ANDROID_EMU_native_sync_v4 ANDROID_EMU_dma_v1 ANDROID_EMU_direct_mem ANDROID_EMU_vulkan ANDROID_EMU_deferred_vulkan_commands ANDROID_EMU_vulkan_null_optional_strings ANDROID_EMU_vulkan_create_resources_with_requirements ANDROID_EMU_YUV_Cache ANDROID_EMU_vulkan_ignored_handles ANDROID_EMU_has_shared_slots_host_memory_allocator ANDROID_EMU_vulkan_free_memory_sync ANDROID_EMU_vulkan_shader_float16_int8 ANDROID_EMU_vulkan_async_queue_submit ANDROID_EMU_sync_buffer_data ANDROID_EMU_vulkan_async_qsri ANDROID_EMU_read_color_buffer_dma GL_OES_vertex_array_object GL_KHR_texture_compression_astc_ldr ANDROID_EMU_host_side_tracing ANDROID_EMU_gles_max_version_2
03-07 14:51:40.112   541  1456 W OpenGLRenderer: Failed to choose config with EGL_SWAP_BEHAVIOR_PRESERVED, retrying without...
03-07 14:51:40.185   541  2014 I system_server: oneway function results will be dropped but finished with status OK and parcel size 4
03-07 14:51:40.188   541   570 I Choreographer: Skipped 74 frames!  The application may be doing too much work on its main thread.
03-07 14:51:40.270  2193  5792 W SQLiteConnectionPool: The connection pool for database '/data/user/0/com.google.android.gms/databases/phenotype.db' has been unable to grant a connection to thread 440 (highpool[16]) with flags 0x2 for 60.007004 seconds.
03-07 14:51:40.270  2193  5792 W SQLiteConnectionPool: Connections: 0 active, 1 idle, 0 available.
03-07 14:51:40.323   541  1456 D EGL_emulation: eglCreateContext: 0xf75224b0: maj 2 min 0 rcv 2
03-07 14:51:40.647   541  1456 D EGL_emulation: eglMakeCurrent: 0xf75224b0: ver 2 0 (tinfo 0xc29f1b10) (first time)
03-07 14:51:40.766 10428 10428 I ViewInteraction: Performing 'single click' action on view view.getId() is <2131230844/com.example.lunchtray:id/cauliflower>
03-07 14:51:40.947   339   430 D AF::Track: interceptBuffer: took 1175us to intercept 0 tracks
03-07 14:51:40.975   541  1906 I system_server: oneway function results will be dropped but finished with status OK and parcel size 4
03-07 14:51:40.978   339   430 D AudioFlinger: mixer(0xf09cd030) throttle end: throttle time(1)
03-07 14:51:41.100   541   685 I system_server: oneway function results will be dropped but finished with status OK and parcel size 4
03-07 14:51:41.552 10428 10428 I ViewInteraction: Performing 'single click' action on view view.getId() is <2131231081/com.example.lunchtray:id/next_button>
03-07 14:51:41.674   541  2001 I system_server: oneway function results will be dropped but finished with status OK and parcel size 4
03-07 14:51:41.761   339   430 D AudioFlinger: mixer(0xf09cd030) throttle end: throttle time(21)
03-07 14:51:41.946   541   685 I system_server: oneway function results will be dropped but finished with status OK and parcel size 4
03-07 14:51:42.342 10428 10428 I ViewInteraction: Performing 'single click' action on view view.getId() is <2131231138/com.example.lunchtray:id/salad>
03-07 14:51:42.477   541   685 I system_server: oneway function results will be dropped but finished with status OK and parcel size 4
03-07 14:51:42.620   541  2001 I system_server: oneway function results will be dropped but finished with status OK and parcel size 4
03-07 14:51:42.785 10428 10428 I ViewInteraction: Performing 'single click' action on view view.getId() is <2131231081/com.example.lunchtray:id/next_button>
03-07 14:51:42.925   266  4584 W android.hardware.audio.service.ranchu: TinyalsaSink::write:125 pcm_write was late reading frames, dropping 22131 us of audio
03-07 14:51:42.937   541  2001 I system_server: oneway function results will be dropped but finished with status OK and parcel size 4
03-07 14:51:42.951   266  4584 W android.hardware.audio.service.ranchu: TinyalsaSink::write:125 pcm_write was late reading frames, dropping 22131 us of audio
03-07 14:51:42.977   266  4584 I chatty  : uid=1041(audioserver) audio.service.r identical 1 line
03-07 14:51:43.014   266  4584 W android.hardware.audio.service.ranchu: TinyalsaSink::write:125 pcm_write was late reading frames, dropping 22131 us of audio
03-07 14:51:43.017   541   685 I system_server: oneway function results will be dropped but finished with status OK and parcel size 4
03-07 14:51:43.171   266  4584 W android.hardware.audio.service.ranchu: TinyalsaSink::write:125 pcm_write was late reading frames, dropping 22131 us of audio
03-07 14:51:43.461   266  4584 I chatty  : uid=1041(audioserver) audio.service.r identical 4 lines
03-07 14:51:43.480   266  4584 W android.hardware.audio.service.ranchu: TinyalsaSink::write:125 pcm_write was late reading frames, dropping 22131 us of audio
03-07 14:51:43.499 10428 10428 I ViewInteraction: Performing 'single click' action on view view.getId() is <2131230835/com.example.lunchtray:id/bread>
03-07 14:51:43.619   339   430 D AudioFlinger: mixer(0xf09cd030) throttle end: throttle time(75)
03-07 14:51:43.636   266  4584 W android.hardware.audio.service.ranchu: TinyalsaSink::write:125 pcm_write was late reading frames, dropping 22131 us of audio
03-07 14:51:43.638   541  2014 I system_server: oneway function results will be dropped but finished with status OK and parcel size 4
03-07 14:51:43.741   541  2001 I system_server: oneway function results will be dropped but finished with status OK and parcel size 4
03-07 14:51:43.905 10428 10428 I ViewInteraction: Performing 'single click' action on view view.getId() is <2131231081/com.example.lunchtray:id/next_button>
03-07 14:51:44.035   541  2014 I system_server: oneway function results will be dropped but finished with status OK and parcel size 4
03-07 14:51:44.173   541  2001 I system_server: oneway function results will be dropped but finished with status OK and parcel size 4
03-07 14:51:44.569 10428 10441 I ample.lunchtra: Background young concurrent copying GC freed 81373(5120KB) AllocSpace objects, 2(32KB) LOS objects, 43% free, 7188KB/12MB, paused 22.415ms total 318.028ms
03-07 14:51:44.605 10428 10428 I ViewInteraction: Performing 'single click' action on view view.getId() is <2131230842/com.example.lunchtray:id/cancel_button>
03-07 14:51:44.699   541   685 I system_server: oneway function results will be dropped but finished with status OK and parcel size 4
03-07 14:51:44.887   541   685 I system_server: oneway function results will be dropped but finished with status OK and parcel size 4
03-07 14:51:45.307 10428 10428 I ViewInteraction: Performing 'single click' action on view view.getId() is <2131231208/com.example.lunchtray:id/start_order_btn>
03-07 14:51:45.518   541  2001 I system_server: oneway function results will be dropped but finished with status OK and parcel size 4
03-07 14:51:45.645   339   430 D AudioFlinger: mixer(0xf09cd030) throttle end: throttle time(1)
03-07 14:51:45.708   541  2001 I system_server: oneway function results will be dropped but finished with status OK and parcel size 4
03-07 14:51:45.967 10428 10443 W System  : A resource failed to call dispose.
03-07 14:51:46.122 10428 10428 I ViewInteraction: Checking 'MatchesViewAssertion{viewMatcher=(view has effective visibility <VISIBLE> and view.getGlobalVisibleRect() to return non-empty rectangle)}' assertion on view an instance of android.widget.TextView and view.getText() with or without transformation to match: is "Subtotal: $0.00"
03-07 14:51:46.123 10428 10453 I TestRunner: finished: order_reset_after_cancel_from_checkout(com.example.lunchtray.OrderFunctionalityTests)
