03-07 14:51:35.293 10428 10453 I TestRunner: started: order_reset_after_cancel_from_checkout(com.example.lunchtray.OrderFunctionalityTests)
03-07 14:51:35.302 10428 10428 I MonitoringInstr: Activities that are still in CREATED to STOPPED: 1
03-07 14:51:35.303 10428 10453 I MonitoringInstr: Unstopped activity count: 1
03-07 14:51:35.909   541  2004 I system_server: oneway function results will be dropped but finished with status OK and parcel size 4
03-07 14:51:36.007 10428 10453 I MonitoringInstr: Unstopped activity count: 1
03-07 14:51:36.018  1120  1136 W System  : A resource failed to call release.
03-07 14:51:36.028  1120  1136 I chatty  : uid=10138(com.google.android.apps.nexuslauncher) FinalizerDaemon identical 3 lines
03-07 14:51:36.028  1120  1136 W System  : A resource failed to call release.
03-07 14:51:36.049  1120  1699 I OpenGLRenderer: Davey! duration=2037ms; Flags=0, IntendedVsync=1444617427340, Vsync=1444634094006, OldestInputEvent=9223372036854775807, NewestInputEvent=0, HandleInputStart=1444643915600, AnimationStart=1444643968800, PerformTraversalsStart=1444644763300, DrawStart=1444644876600, SyncQueued=1444646484800, SyncStart=1444650848000, IssueDrawCommandsStart=1444652784500, SwapBuffers=1445144857800, FrameCompleted=1446659624100, DequeueBufferDuration=729300, QueueBufferDuration=4835400, GpuCompleted=1354849677400,
03-07 14:51:36.130 10428 10453 I MonitoringInstr: Unstopped activity count: 1
03-07 14:51:36.264  1120  1120 I Choreographer: Skipped 119 frames!  The application may be doing too much work on its main thread.
03-07 14:51:36.303 10428 10453 I MonitoringInstr: Unstopped activity count: 1
03-07 14:51:36.322  1641  2490 I A       : getLocaleToModelSpecsMap
03-07 14:51:36.327  1641  2490 I A       : Using proto config with mendel
03-07 14:51:36.329  1641  2490 W A       : (REDACTED) Queue length for executor %s is now %d. Perhaps some tasks are too long, or the pool is too small.
03-07 14:51:36.354 10428 10453 I MonitoringInstr: Unstopped activity count: 1
03-07 14:51:36.408 10428 10453 I MonitoringInstr: Unstopped activity count: 1
03-07 14:51:36.426   343   343 E Layer   : [Surface(name=Task=1)/@0x49c7d1c - animation-leash#0] No local sync point found
03-07 14:51:36.426   343   343 E Layer   : [Surface(name=Task=235)/@0x61f1b59 - animation-leash#0] No local sync point found
03-07 14:51:36.510 10428 10453 I MonitoringInstr: Unstopped activity count: 1
03-07 14:51:36.537  2193  2795 W AlarmManager: unable to access set() reflectively [CONTEXT service_id=231 ]
03-07 14:51:36.537  2193  2795 W AlarmManager: java.lang.NoSuchMethodException: android.app.AlarmManager.set [int, long, int, int, class java.lang.String, interface android.app.AlarmManager$OnAlarmListener, class android.os.Handler, class android.os.WorkSource]
03-07 14:51:36.537  2193  2795 W AlarmManager: 	at java.lang.Class.getMethod(Class.java:2072)
03-07 14:51:36.537  2193  2795 W AlarmManager: 	at java.lang.Class.getDeclaredMethod(Class.java:2050)
03-07 14:51:36.537  2193  2795 W AlarmManager: 	at asvf.a(:com.google.android.gms@230514040@23.05.14 (150700-509319212):2)
03-07 14:51:36.537  2193  2795 W AlarmManager: 	at asvf.c(:com.google.android.gms@230514040@23.05.14 (150700-509319212):0)
03-07 14:51:36.537  2193  2795 W AlarmManager: 	at asmt.h(:com.google.android.gms@230514040@23.05.14 (150700-509319212):4)
03-07 14:51:36.537  2193  2795 W AlarmManager: 	at asmo.g(:com.google.android.gms@230514040@23.05.14 (150700-509319212):5)
03-07 14:51:36.537  2193  2795 W AlarmManager: 	at asmo.b(:com.google.android.gms@230514040@23.05.14 (150700-509319212):3)
03-07 14:51:36.537  2193  2795 W AlarmManager: 	at com.google.android.location.fused.StationaryThrottlingEngine.p(:com.google.android.gms@230514040@23.05.14 (150700-509319212):4)
03-07 14:51:36.537  2193  2795 W AlarmManager: 	at com.google.android.location.fused.StationaryThrottlingEngine.o(:com.google.android.gms@230514040@23.05.14 (150700-509319212):3)
03-07 14:51:36.537  2193  2795 W AlarmManager: 	at com.google.android.location.fused.StationaryThrottlingEngine.u(:com.google.android.gms@230514040@23.05.14 (150700-509319212):5)
03-07 14:51:36.537  2193  2795 W AlarmManager: 	at com.google.android.location.fused.StationaryThrottlingEngine.kP(:com.google.android.gms@230514040@23.05.14 (150700-509319212):0)
03-07 14:51:36.537  2193  2795 W AlarmManager: 	at asmm.run(:com.google.android.gms@230514040@23.05.14 (150700-509319212):2)
03-07 14:51:36.537  2193  2795 W AlarmManager: 	at cnqy.run(:com.google.android.gms@230514040@23.05.14 (150700-509319212):2)
03-07 14:51:36.537  2193  2795 W AlarmManager: 	at android.os.Handler.handleCallback(Handler.java:938)
03-07 14:51:36.537  2193  2795 W AlarmManager: 	at android.os.Handler.dispatchMessage(Handler.java:99)
03-07 14:51:36.537  2193  2795 W AlarmManager: 	at asun.le(:com.google.android.gms@230514040@23.05.14 (150700-509319212):0)
03-07 14:51:36.537  2193  2795 W AlarmManager: 	at asun.dispatchMessage(:com.google.android.gms@230514040@23.05.14 (150700-509319212):13)
03-07 14:51:36.537  2193  2795 W AlarmManager: 	at android.os.Looper.loop(Looper.java:223)
03-07 14:51:36.537  2193  2795 W AlarmManager: 	at android.os.HandlerThread.run(HandlerThread.java:67)
03-07 14:51:36.672 10428 10453 I MonitoringInstr: Unstopped activity count: 1
03-07 14:51:36.702   343   343 E Layer   : [Surface(name=Task=1)/@0x49c7d1c - animation-leash#0] No local sync point found
03-07 14:51:36.703   343   343 E Layer   : [Surface(name=Task=235)/@0x61f1b59 - animation-leash#0] No local sync point found
03-07 14:51:36.728 10428 10453 I MonitoringInstr: Unstopped activity count: 1
03-07 14:51:36.779 10428 10453 I MonitoringInstr: Unstopped activity count: 1
03-07 14:51:36.820  1120  1699 I OpenGLRenderer: Davey! duration=2329ms; Flags=0, IntendedVsync=1444884093996, Vsync=1446867427250, OldestInputEvent=9223372036854775807, NewestInputEvent=0, HandleInputStart=1446881705200, AnimationStart=1446881845400, PerformTraversalsStart=1446883760300, DrawStart=1446884656100, SyncQueued=1446885056500, SyncStart=1447102433200, IssueDrawCommandsStart=1447110406800, SwapBuffers=1447350716200, FrameCompleted=1447431102300, DequeueBufferDuration=58340600, QueueBufferDuration=4404700, GpuCompleted=1354940722000,
03-07 14:51:36.832 10428 10453 I MonitoringInstr: Unstopped activity count: 1
03-07 14:51:37.167 10428 10453 I chatty  : uid=10175(com.example.lunchtray) roidJUnitRunner identical 4 lines
03-07 14:51:37.218 10428 10453 I MonitoringInstr: Unstopped activity count: 1
03-07 14:51:37.250  1641  2490 I A       : getLocaleToModelSpecsMap
03-07 14:51:37.251  1641  2490 I A       : Using proto config with mendel
03-07 14:51:37.252  1641  2490 W A       : (REDACTED) Task %s was queued for %dms before starting on executor %s
03-07 14:51:37.276 10428 10453 I MonitoringInstr: Unstopped activity count: 1
03-07 14:51:37.318 10119 10330 I GMS_MM_Logger: Memory Metric Logging not allowed. Stopping.
03-07 14:51:37.396 10428 10453 E THREAD_STATE:   Thread[Signal Catcher,10,system]
03-07 14:51:37.396 10428 10453 E THREAD_STATE:
03-07 14:51:37.396 10428 10453 E THREAD_STATE:   Thread[Binder:10428_1,5,main]
03-07 14:51:37.396 10428 10453 E THREAD_STATE:
03-07 14:51:37.396 10428 10453 E THREAD_STATE:   Thread[Binder:10428_2,5,main]
03-07 14:51:37.396 10428 10453 E THREAD_STATE:
03-07 14:51:37.396 10428 10453 E THREAD_STATE:   Thread[main,5,main]
03-07 14:51:37.396 10428 10453 E THREAD_STATE:     android.os.Message.markInUse(Message.java:523)
03-07 14:51:37.396 10428 10453 E THREAD_STATE:     android.os.MessageQueue.next(MessageQueue.java:363)
03-07 14:51:37.396 10428 10453 E THREAD_STATE:     android.os.Looper.loop(Looper.java:183)
03-07 14:51:37.396 10428 10453 E THREAD_STATE:     android.app.ActivityThread.main(ActivityThread.java:7656)
03-07 14:51:37.396 10428 10453 E THREAD_STATE:     java.lang.reflect.Method.invoke(Native Method)
03-07 14:51:37.396 10428 10453 E THREAD_STATE:     com.android.internal.os.RuntimeInit$MethodAndArgsCaller.run(RuntimeInit.java:592)
03-07 14:51:37.396 10428 10453 E THREAD_STATE:     com.android.internal.os.ZygoteInit.main(ZygoteInit.java:947)
03-07 14:51:37.396 10428 10453 E THREAD_STATE:
03-07 14:51:37.396 10428 10453 E THREAD_STATE:   Thread[Binder:10428_5,5,main]
03-07 14:51:37.396 10428 10453 E THREAD_STATE:
03-07 14:51:37.396 10428 10453 E THREAD_STATE:   Thread[queued-work-looper,5,main]
03-07 14:51:37.396 10428 10453 E THREAD_STATE:     android.os.MessageQueue.nativePollOnce(Native Method)
03-07 14:51:37.396 10428 10453 E THREAD_STATE:     android.os.MessageQueue.next(MessageQueue.java:335)
03-07 14:51:37.396 10428 10453 E THREAD_STATE:     android.os.Looper.loop(Looper.java:183)
03-07 14:51:37.396 10428 10453 E THREAD_STATE:     android.os.HandlerThread.run(HandlerThread.java:67)
03-07 14:51:37.396 10428 10453 E THREAD_STATE:
03-07 14:51:37.396 10428 10453 E THREAD_STATE:   Thread[Jit thread pool worker thread 0,5,system]
03-07 14:51:37.396 10428 10453 E THREAD_STATE:
03-07 14:51:37.396 10428 10453 E THREAD_STATE:   Thread[Instr: androidx.test.runner.AndroidJUnitRunner,5,main]
03-07 14:51:37.396 10428 10453 E THREAD_STATE:     dalvik.system.VMStack.getThreadStackTrace(Native Method)
03-07 14:51:37.396 10428 10453 E THREAD_STATE:     java.lang.Thread.getStackTrace(Thread.java:1736)
03-07 14:51:37.396 10428 10453 E THREAD_STATE:     java.lang.Thread.getAllStackTraces(Thread.java:1812)
03-07 14:51:37.396 10428 10453 E THREAD_STATE:     androidx.test.runner.MonitoringInstrumentation.getThreadState(MonitoringInstrumentation.java:699)
03-07 14:51:37.396 10428 10453 E THREAD_STATE:     androidx.test.runner.MonitoringInstrumentation.dumpThreadStateToOutputs(MonitoringInstrumentation.java:694)
03-07 14:51:37.396 10428 10453 E THREAD_STATE:     androidx.test.runner.MonitoringInstrumentation.waitForActivitiesToComplete(MonitoringInstrumentation.java:420)
03-07 14:51:37.396 10428 10453 E THREAD_STATE:     androidx.test.runner.AndroidJUnitRunner$1.run(AndroidJUnitRunner.java:500)
03-07 14:51:37.396 10428 10453 E THREAD_STATE:     androidx.test.internal.runner.listener.ActivityFinisherRunListener.testStarted(ActivityFinisherRunListener.java:48)
03-07 14:51:37.396 10428 10453 E THREAD_STATE:     org.junit.runner.notification.SynchronizedRunListener.testStarted(SynchronizedRunListener.java:49)
03-07 14:51:37.396 10428 10453 E THREAD_STATE:     org.junit.runner.notification.RunNotifier$3.notifyListener(RunNotifier.java:121)
03-07 14:51:37.396 10428 10453 E THREAD_STATE:     org.junit.runner.notification.RunNotifier$SafeNotifier.run(RunNotifier.java:72)
03-07 14:51:37.396 10428 10453 E THREAD_STATE:     org.junit.runner.notification.RunNotifier.fireTestStarted(RunNotifier.java:118)
03-07 14:51:37.396 10428 10453 E THREAD_STATE:     org.junit.internal.runners.model.EachTestNotifier.fireTestStarted(EachTestNotifier.java:42)
03-07 14:51:37.396 10428 10453 E THREAD_STATE:     org.junit.runners.ParentRunner.runLeaf(ParentRunner.java:323)
03-07 14:51:37.396 10428 10453 E THREAD_STATE:     org.junit.runners.BlockJUnit4ClassRunner.runChild(BlockJUnit4ClassRunner.java:78)
03-07 14:51:37.396 10428 10453 E THREAD_STATE:     org.junit.runners.BlockJUnit4ClassRunner.runChild(BlockJUnit4ClassRunner.java:57)
03-07 14:51:37.396 10428 10453 E THREAD_STATE:     org.junit.runners.ParentRunner$3.run(ParentRunner.java:290)
03-07 14:51:37.396 10428 10453 E THREAD_STATE:     org.junit.runners.ParentRunner$1.schedule(ParentRunner.java:71)
03-07 14:51:37.396 10428 10453 E THREAD_STATE:     org.junit.runners.ParentRunner.runChildren(ParentRunner.java:288)
03-07 14:51:37.396 10428 10453 E THREAD_STATE:     org.junit.runners.ParentRunner.access$000(ParentRunner.java:58)
03-07 14:51:37.396 10428 10453 E THREAD_STATE:     org.junit.runners.ParentRunner$2.evaluate(ParentRunner.java:268)
03-07 14:51:37.396 10428 10453 E THREAD_STATE:     org.junit.runners.ParentRunner.run(ParentRunner.java:363)
03-07 14:51:37.396 10428 10453 E THREAD_STATE:     androidx.test.ext.junit.runners.AndroidJUnit4.run(AndroidJUnit4.java:162)
03-07 14:51:37.396 10428 10453 E THREAD_STATE:     org.junit.runners.Suite.runChild(Suite.java:128)
03-07 14:51:37.396 10428 10453 E THREAD_STATE:     org.junit.runners.Suite.runChild(Suite.java:27)
03-07 14:51:37.396 10428 10453 E THREAD_STATE:     org.junit.runners.ParentRunner$3.run(ParentRunner.java:290)
03-07 14:51:37.396 10428 10453 E THREAD_STATE:     org.junit.runners.ParentRunner$1.schedule(ParentRunner.java:71)
03-07 14:51:37.396 10428 10453 E THREAD_STATE:     org.junit.runners.ParentRunner.runChildren(ParentRunner.java:288)
03-07 14:51:37.396 10428 10453 E THREAD_STATE:     org.junit.runners.ParentRunner.access$000(ParentRunner.java:58)
03-07 14:51:37.396 10428 10453 E THREAD_STATE:     org.junit.runners.ParentRunner$2.evaluate(ParentRunner.java:268)
03-07 14:51:37.396 10428 10453 E THREAD_STATE:     org.junit.runners.ParentRunner.run(ParentRunner.java:363)
03-07 14:51:37.396 10428 10453 E THREAD_STATE:     org.junit.runner.JUnitCore.run(JUnitCore.java:137)
03-07 14:51:37.396 10428 10453 E THREAD_STATE:     org.junit.runner.JUnitCore.run(JUnitCore.java:115)
03-07 14:51:37.396 10428 10453 E THREAD_STATE:     androidx.test.internal.runner.TestExecutor.execute(TestExecutor.java:56)
03-07 14:51:37.396 10428 10453 E THREAD_STATE:     androidx.test.runner.AndroidJUnitRunner.onStart(AndroidJUnitRunner.java:444)
03-07 14:51:37.396 10428 10453 E THREAD_STATE:     android.app.Instrumentation$InstrumentationThread.run(Instrumentation.java:2205)
03-07 14:51:37.396 10428 10453 E THREAD_STATE:
03-07 14:51:37.396 10428 10453 E THREAD_STATE:   Thread[FinalizerDaemon,5,system]
03-07 14:51:37.396 10428 10453 E THREAD_STATE:     java.lang.Object.wait(Native Method)
03-07 14:51:37.396 10428 10453 E THREAD_STATE:     java.lang.Object.wait(Object.java:442)
03-07 14:51:37.396 10428 10453 E THREAD_STATE:     java.lang.ref.ReferenceQueue.remove(ReferenceQueue.java:190)
03-07 14:51:37.396 10428 10453 E THREAD_STATE:     java.lang.ref.ReferenceQueue.remove(ReferenceQueue.java:211)
03-07 14:51:37.396 10428 10453 E THREAD_STATE:     java.lang.Daemons$FinalizerDaemon.runInternal(Daemons.java:273)
03-07 14:51:37.396 10428 10453 E THREAD_STATE:     java.lang.Daemons$Daemon.run(Daemons.java:139)
03-07 14:51:37.396 10428 10453 E THREAD_STATE:     java.lang.Thread.run(Thread.java:923)
03-07 14:51:37.396 10428 10453 E THREAD_STATE:
03-07 14:51:37.396 10428 10453 E THREAD_STATE:   Thread[Binder:10428_4,5,main]
03-07 14:51:37.396 10428 10453 E THREAD_STATE:
03-07 14:51:37.396 10428 10453 E THREAD_STATE:   Thread[InstrumentationConnectionThread,5,main]
03-07 14:51:37.396 10428 10453 E THREAD_STATE:     android.os.MessageQueue.nativePollOnce(Native Method)
03-07 14:51:37.396 10428 10453 E THREAD_STATE:     android.os.MessageQueue.next(MessageQueue.java:335)
03-07 14:51:37.396 10428 10453 E THREAD_STATE:     android.os.Looper.loop(Looper.java:183)
03-07 14:51:37.396 10428 10453 E THREAD_STATE:     android.os.HandlerThread.run(HandlerThread.java:67)
03-07 14:51:37.396 10428 10453 E THREAD_STATE:
03-07 14:51:37.396 10428 10453 E THREAD_STATE:   Thread[RenderThread,7,main]
03-07 14:51:37.396 10428 10453 E THREAD_STATE:
03-07 14:51:37.396 10428 10453 E THREAD_STATE:   Thread[Espresso Remote #1,5,main]
03-07 14:51:37.396 10428 10453 E THREAD_STATE:     sun.misc.Unsafe.park(Native Method)
03-07 14:51:37.396 10428 10453 E THREAD_STATE:     java.util.concurrent.locks.LockSupport.parkNanos(LockSupport.java:230)
03-07 14:51:37.396 10428 10453 E THREAD_STATE:     java.util.concurrent.locks.AbstractQueuedSynchronizer$ConditionObject.awaitNanos(AbstractQueuedSynchronizer.java:2109)
03-07 14:51:37.396 10428 10453 E THREAD_STATE:     java.util.concurrent.LinkedBlockingQueue.poll(LinkedBlockingQueue.java:467)
03-07 14:51:37.396 10428 10453 E THREAD_STATE:     java.util.concurrent.ThreadPoolExecutor.getTask(ThreadPoolExecutor.java:1091)
03-07 14:51:37.396 10428 10453 E THREAD_STATE:     java.util.concurrent.ThreadPoolExecutor.runWorker(ThreadPoolExecutor.java:1152)
03-07 14:51:37.396 10428 10453 E THREAD_STATE:     java.util.concurrent.ThreadPoolExecutor$Worker.run(ThreadPoolExecutor.java:641)
03-07 14:51:37.396 10428 10453 E THREAD_STATE:     java.lang.Thread.run(Thread.java:923)
03-07 14:51:37.396 10428 10453 E THREAD_STATE:
03-07 14:51:37.396 10428 10453 E THREAD_STATE:   Thread[HeapTaskDaemon,5,system]
03-07 14:51:37.396 10428 10453 E THREAD_STATE:
03-07 14:51:37.396 10428 10453 E THREAD_STATE:   Thread[Profile Saver,5,system]
03-07 14:51:37.396 10428 10453 E THREAD_STATE:
03-07 14:51:37.396 10428 10453 E THREAD_STATE:   Thread[ReferenceQueueDaemon,5,system]
03-07 14:51:37.396 10428 10453 E THREAD_STATE:     java.lang.Object.wait(Native Method)
03-07 14:51:37.396 10428 10453 E THREAD_STATE:     java.lang.Object.wait(Object.java:442)
03-07 14:51:37.396 10428 10453 E THREAD_STATE:     java.lang.Object.wait(Object.java:568)
03-07 14:51:37.396 10428 10453 E THREAD_STATE:     java.lang.Daemons$ReferenceQueueDaemon.runInternal(Daemons.java:217)
03-07 14:51:37.396 10428 10453 E THREAD_STATE:     java.lang.Daemons$Daemon.run(Daemons.java:139)
03-07 14:51:37.396 10428 10453 E THREAD_STATE:     java.lang.Thread.run(Thread.java:923)
03-07 14:51:37.396 10428 10453 E THREAD_STATE:
03-07 14:51:37.396 10428 10453 E THREAD_STATE:   Thread[FinalizerWatchdogDaemon,5,system]
03-07 14:51:37.396 10428 10453 E THREAD_STATE:     java.lang.Thread.sleep(Native Method)
03-07 14:51:37.396 10428 10453 E THREAD_STATE:     java.lang.Thread.sleep(Thread.java:442)
03-07 14:51:37.396 10428 10453 E THREAD_STATE:     java.lang.Thread.sleep(Thread.java:358)
03-07 14:51:37.396 10428 10453 E THREAD_STATE:     java.lang.Daemons$FinalizerWatchdogDaemon.sleepForNanos(Daemons.java:390)
03-07 14:51:37.396 10428 10453 E THREAD_STATE:     java.lang.Daemons$FinalizerWatchdogDaemon.waitForFinalization(Daemons.java:419)
03-07 14:51:37.396 10428 10453 E THREAD_STATE:     java.lang.Daemons$FinalizerWatchdogDaemon.runInternal(Daemons.java:325)
03-07 14:51:37.396 10428 10453 E THREAD_STATE:     java.lang.Daemons$Daemon.run(Daemons.java:139)
03-07 14:51:37.396 10428 10453 E THREAD_STATE:     java.lang.Thread.run(Thread.java:923)
03-07 14:51:37.396 10428 10453 E THREAD_STATE:
03-07 14:51:37.396 10428 10453 E THREAD_STATE:   Thread[InsetsAnimations,5,main]
03-07 14:51:37.396 10428 10453 E THREAD_STATE:     android.os.MessageQueue.nativePollOnce(Native Method)
03-07 14:51:37.396 10428 10453 E THREAD_STATE:     android.os.MessageQueue.next(MessageQueue.java:335)
03-07 14:51:37.396 10428 10453 E THREAD_STATE:     android.os.Looper.loop(Looper.java:183)
03-07 14:51:37.396 10428 10453 E THREAD_STATE:     android.os.HandlerThread.run(HandlerThread.java:67)
03-07 14:51:37.396 10428 10453 E THREAD_STATE:
03-07 14:51:37.396 10428 10453 E THREAD_STATE:   Thread[Espresso Key Event #0,5,main]
03-07 14:51:37.396 10428 10453 E THREAD_STATE:     sun.misc.Unsafe.park(Native Method)
03-07 14:51:37.396 10428 10453 E THREAD_STATE:     java.util.concurrent.locks.LockSupport.park(LockSupport.java:190)
03-07 14:51:37.396 10428 10453 E THREAD_STATE:     java.util.concurrent.locks.AbstractQueuedSynchronizer$ConditionObject.await(AbstractQueuedSynchronizer.java:2067)
03-07 14:51:37.396 10428 10453 E THREAD_STATE:     java.util.concurrent.LinkedBlockingQueue.take(LinkedBlockingQueue.java:442)
03-07 14:51:37.396 10428 10453 E THREAD_STATE:     java.util.concurrent.ThreadPoolExecutor.getTask(ThreadPoolExecutor.java:1092)
03-07 14:51:37.396 10428 10453 E THREAD_STATE:     java.util.concurrent.ThreadPoolExecutor.runWorker(ThreadPoolExecutor.java:1152)
03-07 14:51:37.396 10428 10453 E THREAD_STATE:     java.util.concurrent.ThreadPoolExecutor$Worker.run(ThreadPoolExecutor.java:641)
03-07 14:51:37.396 10428 10453 E THREAD_STATE:     java.lang.Thread.run(Thread.java:923)
03-07 14:51:37.396 10428 10453 E THREAD_STATE:
03-07 14:51:37.396 10428 10453 E THREAD_STATE:   Thread[Binder:10428_3,5,main]
03-07 14:51:37.396 10428 10453 E THREAD_STATE:
03-07 14:51:37.397 10428 10453 W MonitoringInstr: Still 1 activities active after waiting 2000 ms.
03-07 14:51:37.402 10428 10428 D LifecycleMonitor: Lifecycle status change: androidx.fragment.app.testing.FragmentScenario$EmptyFragmentActivity@d564bd1 in: STOPPED
03-07 14:51:37.402 10428 10428 V ActivityScenario: Update currentActivityStage to STOPPED, currentActivity=androidx.fragment.app.testing.FragmentScenario$EmptyFragmentActivity@d564bd1
03-07 14:51:37.407 10428 10428 I chatty  : uid=10175(com.example.lunchtray) identical 11 lines
03-07 14:51:37.442 10428 10428 V ActivityScenario: Update currentActivityStage to STOPPED, currentActivity=androidx.fragment.app.testing.FragmentScenario$EmptyFragmentActivity@d564bd1
03-07 14:51:37.513 10428 10428 V ActivityScenario: Activity lifecycle changed event received but ignored because the intent does not match. startActivityIntent=Intent { act=android.intent.action.MAIN cat=[android.intent.category.LAUNCHER] cmp=com.example.lunchtray/.MainActivity }, activity.getIntent()=Intent { act=android.intent.action.MAIN cat=[android.intent.category.LAUNCHER] cmp=com.example.lunchtray/androidx.fragment.app.testing.FragmentScenario$EmptyFragmentActivity (has extras) }, activity=androidx.fragment.app.testing.FragmentScenario$EmptyFragmentActivity@d564bd1
03-07 14:51:37.532 10428 10428 I chatty  : uid=10175(com.example.lunchtray) identical 3 lines
03-07 14:51:37.533 10428 10428 V ActivityScenario: Activity lifecycle changed event received but ignored because the intent does not match. startActivityIntent=Intent { act=android.intent.action.MAIN cat=[android.intent.category.LAUNCHER] cmp=com.example.lunchtray/.MainActivity }, activity.getIntent()=Intent { act=android.intent.action.MAIN cat=[android.intent.category.LAUNCHER] cmp=com.example.lunchtray/androidx.fragment.app.testing.FragmentScenario$EmptyFragmentActivity (has extras) }, activity=androidx.fragment.app.testing.FragmentScenario$EmptyFragmentActivity@d564bd1
03-07 14:51:37.533 10428 10428 V ActivityScenario: Update currentActivityStage to STOPPED, currentActivity=androidx.fragment.app.testing.FragmentScenario$EmptyFragmentActivity@d564bd1
03-07 14:51:37.548 10428 10428 V ActivityScenario: Activity lifecycle changed event received but ignored because the intent does not match. startActivityIntent=Intent { act=android.intent.action.MAIN cat=[android.intent.category.LAUNCHER] cmp=com.example.lunchtray/.MainActivity }, activity.getIntent()=Intent { act=android.intent.action.MAIN cat=[android.intent.category.LAUNCHER] cmp=com.example.lunchtray/androidx.fragment.app.testing.FragmentScenario$EmptyFragmentActivity (has extras) }, activity=androidx.fragment.app.testing.FragmentScenario$EmptyFragmentActivity@d564bd1
03-07 14:51:37.549 10428 10428 V ActivityScenario: Update currentActivityStage to STOPPED, currentActivity=androidx.fragment.app.testing.FragmentScenario$EmptyFragmentActivity@d564bd1
03-07 14:51:37.672 10428 10453 W Settings: Setting always_finish_activities has moved from android.provider.Settings.System to android.provider.Settings.Global, returning read-only value.
03-07 14:51:37.686 10428 10428 D LifecycleMonitor: Lifecycle status change: androidx.fragment.app.testing.FragmentScenario$EmptyFragmentActivity@d564bd1 in: DESTROYED
03-07 14:51:37.687 10428 10428 V ActivityScenario: Update currentActivityStage to DESTROYED, currentActivity=null
03-07 14:51:37.689 10428 10428 I chatty  : uid=10175(com.example.lunchtray) identical 11 lines
03-07 14:51:37.689 10428 10428 V ActivityScenario: Update currentActivityStage to DESTROYED, currentActivity=null
03-07 14:51:37.691 10428 10428 V ActivityScenario: Activity lifecycle changed event received but ignored because the intent does not match. startActivityIntent=Intent { act=android.intent.action.MAIN cat=[android.intent.category.LAUNCHER] cmp=com.example.lunchtray/.MainActivity }, activity.getIntent()=Intent { act=android.intent.action.MAIN cat=[android.intent.category.LAUNCHER] cmp=com.example.lunchtray/androidx.fragment.app.testing.FragmentScenario$EmptyFragmentActivity (has extras) }, activity=androidx.fragment.app.testing.FragmentScenario$EmptyFragmentActivity@d564bd1
03-07 14:51:37.692 10428 10428 I chatty  : uid=10175(com.example.lunchtray) identical 3 lines
03-07 14:51:37.692 10428 10428 V ActivityScenario: Activity lifecycle changed event received but ignored because the intent does not match. startActivityIntent=Intent { act=android.intent.action.MAIN cat=[android.intent.category.LAUNCHER] cmp=com.example.lunchtray/.MainActivity }, activity.getIntent()=Intent { act=android.intent.action.MAIN cat=[android.intent.category.LAUNCHER] cmp=com.example.lunchtray/androidx.fragment.app.testing.FragmentScenario$EmptyFragmentActivity (has extras) }, activity=androidx.fragment.app.testing.FragmentScenario$EmptyFragmentActivity@d564bd1
03-07 14:51:37.692 10428 10428 V ActivityScenario: Update currentActivityStage to DESTROYED, currentActivity=null
03-07 14:51:37.692 10428 10428 V ActivityScenario: Activity lifecycle changed event received but ignored because the intent does not match. startActivityIntent=Intent { act=android.intent.action.MAIN cat=[android.intent.category.LAUNCHER] cmp=com.example.lunchtray/.MainActivity }, activity.getIntent()=Intent { act=android.intent.action.MAIN cat=[android.intent.category.LAUNCHER] cmp=com.example.lunchtray/androidx.fragment.app.testing.FragmentScenario$EmptyFragmentActivity (has extras) }, activity=androidx.fragment.app.testing.FragmentScenario$EmptyFragmentActivity@d564bd1
03-07 14:51:37.692 10428 10428 V ActivityScenario: Update currentActivityStage to DESTROYED, currentActivity=null
03-07 14:51:37.709   343   343 W SurfaceFlinger: couldn't log to binary event log: overflow.
03-07 14:51:37.748   541   569 D EventSequenceValidator: Transition from ACTIVITY_FINISHED to INTENT_STARTED
03-07 14:51:37.768   541  2001 W InputReader: Device virtio_input_multi_touch_10 is associated with display ADISPLAY_ID_NONE.
03-07 14:51:37.769   541  2001 W InputReader: Device virtio_input_multi_touch_4 is associated with display ADISPLAY_ID_NONE.
03-07 14:51:37.769   541  2001 W InputReader: Device virtio_input_multi_touch_11 is associated with display ADISPLAY_ID_NONE.
03-07 14:51:37.769   541  2001 W InputReader: Device virtio_input_multi_touch_9 is associated with display ADISPLAY_ID_NONE.
03-07 14:51:37.769   541  2001 W InputReader: Device virtio_input_multi_touch_6 is associated with display ADISPLAY_ID_NONE.
03-07 14:51:37.769   541  2001 W InputReader: Device virtio_input_multi_touch_5 is associated with display ADISPLAY_ID_NONE.
03-07 14:51:37.769   541  2001 W InputReader: Device virtio_input_multi_touch_3 is associated with display ADISPLAY_ID_NONE.
03-07 14:51:37.769   541  2001 W InputReader: Device virtio_input_multi_touch_2 is associated with display ADISPLAY_ID_NONE.
03-07 14:51:37.769   541  2001 W InputReader: Device virtio_input_multi_touch_7 is associated with display ADISPLAY_ID_NONE.
03-07 14:51:37.769   541  2001 W InputReader: Device virtio_input_multi_touch_8 is associated with display ADISPLAY_ID_NONE.
03-07 14:51:37.769   541  2001 W InputReader: Device virtio_input_multi_touch_10 is associated with display ADISPLAY_ID_NONE.
03-07 14:51:37.769   541  2001 W InputReader: Device virtio_input_multi_touch_4 is associated with display ADISPLAY_ID_NONE.
03-07 14:51:37.769   541  2001 W InputReader: Device virtio_input_multi_touch_11 is associated with display ADISPLAY_ID_NONE.
03-07 14:51:37.769   541  2001 W InputReader: Device virtio_input_multi_touch_9 is associated with display ADISPLAY_ID_NONE.
03-07 14:51:37.770   541  2001 W InputReader: Device virtio_input_multi_touch_6 is associated with display ADISPLAY_ID_NONE.
03-07 14:51:37.771   541  2001 W InputReader: Device virtio_input_multi_touch_5 is associated with display ADISPLAY_ID_NONE.
03-07 14:51:37.771   541  2001 W InputReader: Device virtio_input_multi_touch_3 is associated with display ADISPLAY_ID_NONE.
03-07 14:51:37.771   541  2001 W InputReader: Device virtio_input_multi_touch_2 is associated with display ADISPLAY_ID_NONE.
03-07 14:51:37.771   541  2001 W InputReader: Device virtio_input_multi_touch_7 is associated with display ADISPLAY_ID_NONE.
03-07 14:51:37.771   541  2001 W InputReader: Device virtio_input_multi_touch_8 is associated with display ADISPLAY_ID_NONE.
03-07 14:51:38.078 10428 10428 D LifecycleMonitor: Lifecycle status change: androidx.test.core.app.InstrumentationActivityInvoker$BootstrapActivity@d0ee381 in: PRE_ON_CREATE
03-07 14:51:38.079 10428 10428 V ActivityScenario: Activity lifecycle changed event received but ignored because the intent does not match. startActivityIntent=Intent { act=android.intent.action.MAIN cat=[android.intent.category.LAUNCHER] cmp=com.example.lunchtray/androidx.fragment.app.testing.FragmentScenario$EmptyFragmentActivity (has extras) }, activity.getIntent()=Intent { act=android.intent.action.MAIN cat=[android.intent.category.LAUNCHER] flg=0x10008000 cmp=com.example.lunchtray/androidx.test.core.app.InstrumentationActivityInvoker$BootstrapActivity (has extras) }, activity=androidx.test.core.app.InstrumentationActivityInvoker$BootstrapActivity@d0ee381
03-07 14:51:38.079 10428 10428 I chatty  : uid=10175(com.example.lunchtray) identical 1 line
03-07 14:51:38.079 10428 10428 V ActivityScenario: Activity lifecycle changed event received but ignored because the intent does not match. startActivityIntent=Intent { act=android.intent.action.MAIN cat=[android.intent.category.LAUNCHER] cmp=com.example.lunchtray/androidx.fragment.app.testing.FragmentScenario$EmptyFragmentActivity (has extras) }, activity.getIntent()=Intent { act=android.intent.action.MAIN cat=[android.intent.category.LAUNCHER] flg=0x10008000 cmp=com.example.lunchtray/androidx.test.core.app.InstrumentationActivityInvoker$BootstrapActivity (has extras) }, activity=androidx.test.core.app.InstrumentationActivityInvoker$BootstrapActivity@d0ee381
03-07 14:51:38.080   280   280 D goldfish-address-space: claimShared: Ask to claim region [0x3f5524000 0x3f5e89000]
03-07 14:51:38.083 10428 10428 V ActivityScenario: Activity lifecycle changed event received but ignored because the intent does not match. startActivityIntent=Intent { act=android.intent.action.MAIN cat=[android.intent.category.LAUNCHER] cmp=com.example.lunchtray/androidx.fragment.app.testing.FragmentScenario$EmptyFragmentActivity (has extras) }, activity.getIntent()=Intent { act=android.intent.action.MAIN cat=[android.intent.category.LAUNCHER] flg=0x10008000 cmp=com.example.lunchtray/androidx.test.core.app.InstrumentationActivityInvoker$BootstrapActivity (has extras) }, activity=androidx.test.core.app.InstrumentationActivityInvoker$BootstrapActivity@d0ee381
03-07 14:51:38.085 10428 10428 I chatty  : uid=10175(com.example.lunchtray) identical 8 lines
03-07 14:51:38.086 10428 10428 V ActivityScenario: Activity lifecycle changed event received but ignored because the intent does not match. startActivityIntent=Intent { act=android.intent.action.MAIN cat=[android.intent.category.LAUNCHER] cmp=com.example.lunchtray/androidx.fragment.app.testing.FragmentScenario$EmptyFragmentActivity (has extras) }, activity.getIntent()=Intent { act=android.intent.action.MAIN cat=[android.intent.category.LAUNCHER] flg=0x10008000 cmp=com.example.lunchtray/androidx.test.core.app.InstrumentationActivityInvoker$BootstrapActivity (has extras) }, activity=androidx.test.core.app.InstrumentationActivityInvoker$BootstrapActivity@d0ee381
03-07 14:51:38.087 10428 10428 V ActivityScenario: Activity lifecycle changed event received but ignored because the intent does not match. startActivityIntent=Intent { act=android.intent.action.MAIN cat=[android.intent.category.LAUNCHER] cmp=com.example.lunchtray/.MainActivity }, activity.getIntent()=Intent { act=android.intent.action.MAIN cat=[android.intent.category.LAUNCHER] flg=0x10008000 cmp=com.example.lunchtray/androidx.test.core.app.InstrumentationActivityInvoker$BootstrapActivity (has extras) }, activity=androidx.test.core.app.InstrumentationActivityInvoker$BootstrapActivity@d0ee381
03-07 14:51:38.087 10428 10428 I chatty  : uid=10175(com.example.lunchtray) identical 3 lines
03-07 14:51:38.087 10428 10428 V ActivityScenario: Activity lifecycle changed event received but ignored because the intent does not match. startActivityIntent=Intent { act=android.intent.action.MAIN cat=[android.intent.category.LAUNCHER] cmp=com.example.lunchtray/.MainActivity }, activity.getIntent()=Intent { act=android.intent.action.MAIN cat=[android.intent.category.LAUNCHER] flg=0x10008000 cmp=com.example.lunchtray/androidx.test.core.app.InstrumentationActivityInvoker$BootstrapActivity (has extras) }, activity=androidx.test.core.app.InstrumentationActivityInvoker$BootstrapActivity@d0ee381
03-07 14:51:38.088 10428 10428 V ActivityScenario: Activity lifecycle changed event received but ignored because the intent does not match. startActivityIntent=Intent { act=android.intent.action.MAIN cat=[android.intent.category.LAUNCHER] cmp=com.example.lunchtray/androidx.fragment.app.testing.FragmentScenario$EmptyFragmentActivity (has extras) }, activity.getIntent()=Intent { act=android.intent.action.MAIN cat=[android.intent.category.LAUNCHER] flg=0x10008000 cmp=com.example.lunchtray/androidx.test.core.app.InstrumentationActivityInvoker$BootstrapActivity (has extras) }, activity=androidx.test.core.app.InstrumentationActivityInvoker$BootstrapActivity@d0ee381
03-07 14:51:38.089 10428 10428 V ActivityScenario: Activity lifecycle changed event received but ignored because the intent does not match. startActivityIntent=Intent { act=android.intent.action.MAIN cat=[android.intent.category.LAUNCHER] cmp=com.example.lunchtray/.MainActivity }, activity.getIntent()=Intent { act=android.intent.action.MAIN cat=[android.intent.category.LAUNCHER] flg=0x10008000 cmp=com.example.lunchtray/androidx.test.core.app.InstrumentationActivityInvoker$BootstrapActivity (has extras) }, activity=androidx.test.core.app.InstrumentationActivityInvoker$BootstrapActivity@d0ee381
03-07 14:51:38.089 10428 10428 V ActivityScenario: Activity lifecycle changed event received but ignored because the intent does not match. startActivityIntent=Intent { act=android.intent.action.MAIN cat=[android.intent.category.LAUNCHER] cmp=com.example.lunchtray/androidx.fragment.app.testing.FragmentScenario$EmptyFragmentActivity (has extras) }, activity.getIntent()=Intent { act=android.intent.action.MAIN cat=[android.intent.category.LAUNCHER] flg=0x10008000 cmp=com.example.lunchtray/androidx.test.core.app.InstrumentationActivityInvoker$BootstrapActivity (has extras) }, activity=androidx.test.core.app.InstrumentationActivityInvoker$BootstrapActivity@d0ee381
03-07 14:51:38.089 10428 10428 V ActivityScenario: Activity lifecycle changed event received but ignored because the intent does not match. startActivityIntent=Intent { act=android.intent.action.MAIN cat=[android.intent.category.LAUNCHER] cmp=com.example.lunchtray/.MainActivity }, activity.getIntent()=Intent { act=android.intent.action.MAIN cat=[android.intent.category.LAUNCHER] flg=0x10008000 cmp=com.example.lunchtray/androidx.test.core.app.InstrumentationActivityInvoker$BootstrapActivity (has extras) }, activity=androidx.test.core.app.InstrumentationActivityInvoker$BootstrapActivity@d0ee381
03-07 14:51:38.114   541   569 D EventSequenceValidator: Transition from INTENT_STARTED to ACTIVITY_LAUNCHED
03-07 14:51:38.126 10428 10428 D LifecycleMonitor: Lifecycle status change: androidx.test.core.app.InstrumentationActivityInvoker$BootstrapActivity@d0ee381 in: CREATED
03-07 14:51:38.126 10428 10428 V ActivityScenario: Activity lifecycle changed event received but ignored because the intent does not match. startActivityIntent=Intent { act=android.intent.action.MAIN cat=[android.intent.category.LAUNCHER] cmp=com.example.lunchtray/androidx.fragment.app.testing.FragmentScenario$EmptyFragmentActivity (has extras) }, activity.getIntent()=Intent { act=android.intent.action.MAIN cat=[android.intent.category.LAUNCHER] flg=0x10008000 cmp=com.example.lunchtray/androidx.test.core.app.InstrumentationActivityInvoker$BootstrapActivity (has extras) }, activity=androidx.test.core.app.InstrumentationActivityInvoker$BootstrapActivity@d0ee381
03-07 14:51:38.129 10428 10428 I chatty  : uid=10175(com.example.lunchtray) identical 11 lines
03-07 14:51:38.129 10428 10428 V ActivityScenario: Activity lifecycle changed event received but ignored because the intent does not match. startActivityIntent=Intent { act=android.intent.action.MAIN cat=[android.intent.category.LAUNCHER] cmp=com.example.lunchtray/androidx.fragment.app.testing.FragmentScenario$EmptyFragmentActivity (has extras) }, activity.getIntent()=Intent { act=android.intent.action.MAIN cat=[android.intent.category.LAUNCHER] flg=0x10008000 cmp=com.example.lunchtray/androidx.test.core.app.InstrumentationActivityInvoker$BootstrapActivity (has extras) }, activity=androidx.test.core.app.InstrumentationActivityInvoker$BootstrapActivity@d0ee381
03-07 14:51:38.129 10428 10428 V ActivityScenario: Activity lifecycle changed event received but ignored because the intent does not match. startActivityIntent=Intent { act=android.intent.action.MAIN cat=[android.intent.category.LAUNCHER] cmp=com.example.lunchtray/.MainActivity }, activity.getIntent()=Intent { act=android.intent.action.MAIN cat=[android.intent.category.LAUNCHER] flg=0x10008000 cmp=com.example.lunchtray/androidx.test.core.app.InstrumentationActivityInvoker$BootstrapActivity (has extras) }, activity=androidx.test.core.app.InstrumentationActivityInvoker$BootstrapActivity@d0ee381
03-07 14:51:38.130 10428 10428 I chatty  : uid=10175(com.example.lunchtray) identical 3 lines
03-07 14:51:38.132 10428 10428 V ActivityScenario: Activity lifecycle changed event received but ignored because the intent does not match. startActivityIntent=Intent { act=android.intent.action.MAIN cat=[android.intent.category.LAUNCHER] cmp=com.example.lunchtray/.MainActivity }, activity.getIntent()=Intent { act=android.intent.action.MAIN cat=[android.intent.category.LAUNCHER] flg=0x10008000 cmp=com.example.lunchtray/androidx.test.core.app.InstrumentationActivityInvoker$BootstrapActivity (has extras) }, activity=androidx.test.core.app.InstrumentationActivityInvoker$BootstrapActivity@d0ee381
03-07 14:51:38.133 10428 10428 V ActivityScenario: Activity lifecycle changed event received but ignored because the intent does not match. startActivityIntent=Intent { act=android.intent.action.MAIN cat=[android.intent.category.LAUNCHER] cmp=com.example.lunchtray/androidx.fragment.app.testing.FragmentScenario$EmptyFragmentActivity (has extras) }, activity.getIntent()=Intent { act=android.intent.action.MAIN cat=[android.intent.category.LAUNCHER] flg=0x10008000 cmp=com.example.lunchtray/androidx.test.core.app.InstrumentationActivityInvoker$BootstrapActivity (has extras) }, activity=androidx.test.core.app.InstrumentationActivityInvoker$BootstrapActivity@d0ee381
03-07 14:51:38.133 10428 10428 V ActivityScenario: Activity lifecycle changed event received but ignored because the intent does not match. startActivityIntent=Intent { act=android.intent.action.MAIN cat=[android.intent.category.LAUNCHER] cmp=com.example.lunchtray/.MainActivity }, activity.getIntent()=Intent { act=android.intent.action.MAIN cat=[android.intent.category.LAUNCHER] flg=0x10008000 cmp=com.example.lunchtray/androidx.test.core.app.InstrumentationActivityInvoker$BootstrapActivity (has extras) }, activity=androidx.test.core.app.InstrumentationActivityInvoker$BootstrapActivity@d0ee381
03-07 14:51:38.133 10428 10428 V ActivityScenario: Activity lifecycle changed event received but ignored because the intent does not match. startActivityIntent=Intent { act=android.intent.action.MAIN cat=[android.intent.category.LAUNCHER] cmp=com.example.lunchtray/androidx.fragment.app.testing.FragmentScenario$EmptyFragmentActivity (has extras) }, activity.getIntent()=Intent { act=android.intent.action.MAIN cat=[android.intent.category.LAUNCHER] flg=0x10008000 cmp=com.example.lunchtray/androidx.test.core.app.InstrumentationActivityInvoker$BootstrapActivity (has extras) }, activity=androidx.test.core.app.InstrumentationActivityInvoker$BootstrapActivity@d0ee381
03-07 14:51:38.134 10428 10428 V ActivityScenario: Activity lifecycle changed event received but ignored because the intent does not match. startActivityIntent=Intent { act=android.intent.action.MAIN cat=[android.intent.category.LAUNCHER] cmp=com.example.lunchtray/.MainActivity }, activity.getIntent()=Intent { act=android.intent.action.MAIN cat=[android.intent.category.LAUNCHER] flg=0x10008000 cmp=com.example.lunchtray/androidx.test.core.app.InstrumentationActivityInvoker$BootstrapActivity (has extras) }, activity=androidx.test.core.app.InstrumentationActivityInvoker$BootstrapActivity@d0ee381
03-07 14:51:38.146 10428 10428 D LifecycleMonitor: Lifecycle status change: androidx.test.core.app.InstrumentationActivityInvoker$BootstrapActivity@d0ee381 in: STARTED
03-07 14:51:38.146 10428 10428 V ActivityScenario: Activity lifecycle changed event received but ignored because the intent does not match. startActivityIntent=Intent { act=android.intent.action.MAIN cat=[android.intent.category.LAUNCHER] cmp=com.example.lunchtray/androidx.fragment.app.testing.FragmentScenario$EmptyFragmentActivity (has extras) }, activity.getIntent()=Intent { act=android.intent.action.MAIN cat=[android.intent.category.LAUNCHER] flg=0x10008000 cmp=com.example.lunchtray/androidx.test.core.app.InstrumentationActivityInvoker$BootstrapActivity (has extras) }, activity=androidx.test.core.app.InstrumentationActivityInvoker$BootstrapActivity@d0ee381
03-07 14:51:38.149 10428 10428 I chatty  : uid=10175(com.example.lunchtray) identical 11 lines
03-07 14:51:38.150 10428 10428 V ActivityScenario: Activity lifecycle changed event received but ignored because the intent does not match. startActivityIntent=Intent { act=android.intent.action.MAIN cat=[android.intent.category.LAUNCHER] cmp=com.example.lunchtray/androidx.fragment.app.testing.FragmentScenario$EmptyFragmentActivity (has extras) }, activity.getIntent()=Intent { act=android.intent.action.MAIN cat=[android.intent.category.LAUNCHER] flg=0x10008000 cmp=com.example.lunchtray/androidx.test.core.app.InstrumentationActivityInvoker$BootstrapActivity (has extras) }, activity=androidx.test.core.app.InstrumentationActivityInvoker$BootstrapActivity@d0ee381
03-07 14:51:38.150 10428 10428 V ActivityScenario: Activity lifecycle changed event received but ignored because the intent does not match. startActivityIntent=Intent { act=android.intent.action.MAIN cat=[android.intent.category.LAUNCHER] cmp=com.example.lunchtray/.MainActivity }, activity.getIntent()=Intent { act=android.intent.action.MAIN cat=[android.intent.category.LAUNCHER] flg=0x10008000 cmp=com.example.lunchtray/androidx.test.core.app.InstrumentationActivityInvoker$BootstrapActivity (has extras) }, activity=androidx.test.core.app.InstrumentationActivityInvoker$BootstrapActivity@d0ee381
03-07 14:51:38.150 10428 10428 I chatty  : uid=10175(com.example.lunchtray) identical 3 lines
03-07 14:51:38.150 10428 10428 V ActivityScenario: Activity lifecycle changed event received but ignored because the intent does not match. startActivityIntent=Intent { act=android.intent.action.MAIN cat=[android.intent.category.LAUNCHER] cmp=com.example.lunchtray/.MainActivity }, activity.getIntent()=Intent { act=android.intent.action.MAIN cat=[android.intent.category.LAUNCHER] flg=0x10008000 cmp=com.example.lunchtray/androidx.test.core.app.InstrumentationActivityInvoker$BootstrapActivity (has extras) }, activity=androidx.test.core.app.InstrumentationActivityInvoker$BootstrapActivity@d0ee381
03-07 14:51:38.151 10428 10428 V ActivityScenario: Activity lifecycle changed event received but ignored because the intent does not match. startActivityIntent=Intent { act=android.intent.action.MAIN cat=[android.intent.category.LAUNCHER] cmp=com.example.lunchtray/androidx.fragment.app.testing.FragmentScenario$EmptyFragmentActivity (has extras) }, activity.getIntent()=Intent { act=android.intent.action.MAIN cat=[android.intent.category.LAUNCHER] flg=0x10008000 cmp=com.example.lunchtray/androidx.test.core.app.InstrumentationActivityInvoker$BootstrapActivity (has extras) }, activity=androidx.test.core.app.InstrumentationActivityInvoker$BootstrapActivity@d0ee381
03-07 14:51:38.151 10428 10428 V ActivityScenario: Activity lifecycle changed event received but ignored because the intent does not match. startActivityIntent=Intent { act=android.intent.action.MAIN cat=[android.intent.category.LAUNCHER] cmp=com.example.lunchtray/.MainActivity }, activity.getIntent()=Intent { act=android.intent.action.MAIN cat=[android.intent.category.LAUNCHER] flg=0x10008000 cmp=com.example.lunchtray/androidx.test.core.app.InstrumentationActivityInvoker$BootstrapActivity (has extras) }, activity=androidx.test.core.app.InstrumentationActivityInvoker$BootstrapActivity@d0ee381
03-07 14:51:38.151 10428 10428 V ActivityScenario: Activity lifecycle changed event received but ignored because the intent does not match. startActivityIntent=Intent { act=android.intent.action.MAIN cat=[android.intent.category.LAUNCHER] cmp=com.example.lunchtray/androidx.fragment.app.testing.FragmentScenario$EmptyFragmentActivity (has extras) }, activity.getIntent()=Intent { act=android.intent.action.MAIN cat=[android.intent.category.LAUNCHER] flg=0x10008000 cmp=com.example.lunchtray/androidx.test.core.app.InstrumentationActivityInvoker$BootstrapActivity (has extras) }, activity=androidx.test.core.app.InstrumentationActivityInvoker$BootstrapActivity@d0ee381
03-07 14:51:38.151 10428 10428 V ActivityScenario: Activity lifecycle changed event received but ignored because the intent does not match. startActivityIntent=Intent { act=android.intent.action.MAIN cat=[android.intent.category.LAUNCHER] cmp=com.example.lunchtray/.MainActivity }, activity.getIntent()=Intent { act=android.intent.action.MAIN cat=[android.intent.category.LAUNCHER] flg=0x10008000 cmp=com.example.lunchtray/androidx.test.core.app.InstrumentationActivityInvoker$BootstrapActivity (has extras) }, activity=androidx.test.core.app.InstrumentationActivityInvoker$BootstrapActivity@d0ee381
03-07 14:51:38.175 10428 10428 D LifecycleMonitor: Lifecycle status change: androidx.test.core.app.InstrumentationActivityInvoker$BootstrapActivity@d0ee381 in: RESUMED
03-07 14:51:38.175 10428 10428 V ActivityScenario: Activity lifecycle changed event received but ignored because the intent does not match. startActivityIntent=Intent { act=android.intent.action.MAIN cat=[android.intent.category.LAUNCHER] cmp=com.example.lunchtray/androidx.fragment.app.testing.FragmentScenario$EmptyFragmentActivity (has extras) }, activity.getIntent()=Intent { act=android.intent.action.MAIN cat=[android.intent.category.LAUNCHER] flg=0x10008000 cmp=com.example.lunchtray/androidx.test.core.app.InstrumentationActivityInvoker$BootstrapActivity (has extras) }, activity=androidx.test.core.app.InstrumentationActivityInvoker$BootstrapActivity@d0ee381
03-07 14:51:38.185 10428 10428 I chatty  : uid=10175(com.example.lunchtray) identical 11 lines
03-07 14:51:38.185 10428 10428 V ActivityScenario: Activity lifecycle changed event received but ignored because the intent does not match. startActivityIntent=Intent { act=android.intent.action.MAIN cat=[android.intent.category.LAUNCHER] cmp=com.example.lunchtray/androidx.fragment.app.testing.FragmentScenario$EmptyFragmentActivity (has extras) }, activity.getIntent()=Intent { act=android.intent.action.MAIN cat=[android.intent.category.LAUNCHER] flg=0x10008000 cmp=com.example.lunchtray/androidx.test.core.app.InstrumentationActivityInvoker$BootstrapActivity (has extras) }, activity=androidx.test.core.app.InstrumentationActivityInvoker$BootstrapActivity@d0ee381
03-07 14:51:38.185 10428 10428 V ActivityScenario: Activity lifecycle changed event received but ignored because the intent does not match. startActivityIntent=Intent { act=android.intent.action.MAIN cat=[android.intent.category.LAUNCHER] cmp=com.example.lunchtray/.MainActivity }, activity.getIntent()=Intent { act=android.intent.action.MAIN cat=[android.intent.category.LAUNCHER] flg=0x10008000 cmp=com.example.lunchtray/androidx.test.core.app.InstrumentationActivityInvoker$BootstrapActivity (has extras) }, activity=androidx.test.core.app.InstrumentationActivityInvoker$BootstrapActivity@d0ee381
03-07 14:51:38.186 10428 10428 I chatty  : uid=10175(com.example.lunchtray) identical 3 lines
03-07 14:51:38.187 10428 10428 V ActivityScenario: Activity lifecycle changed event received but ignored because the intent does not match. startActivityIntent=Intent { act=android.intent.action.MAIN cat=[android.intent.category.LAUNCHER] cmp=com.example.lunchtray/.MainActivity }, activity.getIntent()=Intent { act=android.intent.action.MAIN cat=[android.intent.category.LAUNCHER] flg=0x10008000 cmp=com.example.lunchtray/androidx.test.core.app.InstrumentationActivityInvoker$BootstrapActivity (has extras) }, activity=androidx.test.core.app.InstrumentationActivityInvoker$BootstrapActivity@d0ee381
03-07 14:51:38.188 10428 10428 V ActivityScenario: Activity lifecycle changed event received but ignored because the intent does not match. startActivityIntent=Intent { act=android.intent.action.MAIN cat=[android.intent.category.LAUNCHER] cmp=com.example.lunchtray/androidx.fragment.app.testing.FragmentScenario$EmptyFragmentActivity (has extras) }, activity.getIntent()=Intent { act=android.intent.action.MAIN cat=[android.intent.category.LAUNCHER] flg=0x10008000 cmp=com.example.lunchtray/androidx.test.core.app.InstrumentationActivityInvoker$BootstrapActivity (has extras) }, activity=androidx.test.core.app.InstrumentationActivityInvoker$BootstrapActivity@d0ee381
