03-07 14:50:19.314  2193 10626 W PhenotypeConfigurationU: 	at gqh.run(:com.google.android.gms@230514040@23.05.14 (150700-509319212):3)
03-07 14:50:19.314  2193 10626 W PhenotypeConfigurationU: 	at gqg.run(:com.google.android.gms@230514040@23.05.14 (150700-509319212):11)
03-07 14:50:19.314  2193 10626 W PhenotypeConfigurationU: 	at cnqy.run(:com.google.android.gms@230514040@23.05.14 (150700-509319212):2)
03-07 14:50:19.314  2193 10626 W PhenotypeConfigurationU: 	at java.util.concurrent.ThreadPoolExecutor.runWorker(ThreadPoolExecutor.java:1167)
03-07 14:50:19.314  2193 10626 W PhenotypeConfigurationU: 	at java.util.concurrent.ThreadPoolExecutor$Worker.run(ThreadPoolExecutor.java:641)
03-07 14:50:19.314  2193 10626 W PhenotypeConfigurationU: 	at java.lang.Thread.run(Thread.java:923)
03-07 14:50:19.381   541  2336 I system_server: oneway function results will be dropped but finished with status OK and parcel size 4
03-07 14:50:19.639 10428 10428 W ample.lunchtra: JNI critical lock held for 21.126ms on Thread[1,tid=10428,Runnable,Thread*=0xe9804610,peer=0x716d3c28,"main"]
03-07 14:50:19.835 10428 10428 I Choreographer: Skipped 36 frames!  The application may be doing too much work on its main thread.
03-07 14:50:20.049 10428 10459 I OpenGLRenderer: Davey! duration=821ms; Flags=0, IntendedVsync=1369834113183, Vsync=1370434113159, OldestInputEvent=9223372036854775807, NewestInputEvent=0, HandleInputStart=1370446121500, AnimationStart=1370447296600, PerformTraversalsStart=1370478348600, DrawStart=1370523302700, SyncQueued=1370584950900, SyncStart=1370588585200, IssueDrawCommandsStart=1370591516900, SwapBuffers=1370638456300, FrameCompleted=1370659745000, DequeueBufferDuration=837800, QueueBufferDuration=12932200, GpuCompleted=0,
03-07 14:50:20.291 10428 10428 I ViewInteraction: Performing 'single click' action on view view.getId() is <2131230835/com.example.lunchtray:id/bread>
03-07 14:50:20.504   541  1906 I system_server: oneway function results will be dropped but finished with status OK and parcel size 4
03-07 14:50:20.551   339   430 D AudioFlinger: mixer(0xf09cd030) throttle end: throttle time(16)
03-07 14:50:20.593   541  2336 I system_server: oneway function results will be dropped but finished with status OK and parcel size 4
03-07 14:50:21.110 10428 10428 I ViewInteraction: Performing 'single click' action on view view.getId() is <2131230842/com.example.lunchtray:id/cancel_button>
03-07 14:50:21.741  2193 10626 E PhenotypeFlagCommitter: Retrieving snapshot for com.google.android.gms.pay failed
03-07 14:50:21.741  2193 10626 E PhenotypeFlagCommitter: java.util.concurrent.TimeoutException: Timed out waiting for Task
03-07 14:50:21.741  2193 10626 E PhenotypeFlagCommitter: 	at braz.m(:com.google.android.gms@230514040@23.05.14 (150700-509319212):6)
03-07 14:50:21.741  2193 10626 E PhenotypeFlagCommitter: 	at biga.c(:com.google.android.gms@230514040@23.05.14 (150700-509319212):2)
03-07 14:50:21.741  2193 10626 E PhenotypeFlagCommitter: 	at biga.i(:com.google.android.gms@230514040@23.05.14 (150700-509319212):2)
03-07 14:50:21.741  2193 10626 E PhenotypeFlagCommitter: 	at biga.f(:com.google.android.gms@230514040@23.05.14 (150700-509319212):0)
03-07 14:50:21.741  2193 10626 E PhenotypeFlagCommitter: 	at zjq.d(:com.google.android.gms@230514040@23.05.14 (150700-509319212):6)
03-07 14:50:21.741  2193 10626 E PhenotypeFlagCommitter: 	at com.google.android.gms.common.config.PhenotypeUpdateOperation.onHandleIntent(:com.google.android.gms@230514040@23.05.14 (150700-509319212):10)
03-07 14:50:21.741  2193 10626 E PhenotypeFlagCommitter: 	at com.google.android.chimera.IntentOperation.onHandleIntent(:com.google.android.gms@230514040@23.05.14 (150700-509319212):2)
03-07 14:50:21.741  2193 10626 E PhenotypeFlagCommitter: 	at xqs.onHandleIntent(:com.google.android.gms@230514040@23.05.14 (150700-509319212):4)
03-07 14:50:21.741  2193 10626 E PhenotypeFlagCommitter: 	at gqh.run(:com.google.android.gms@230514040@23.05.14 (150700-509319212):3)
03-07 14:50:21.741  2193 10626 E PhenotypeFlagCommitter: 	at gqg.run(:com.google.android.gms@230514040@23.05.14 (150700-509319212):11)
03-07 14:50:21.741  2193 10626 E PhenotypeFlagCommitter: 	at cnqy.run(:com.google.android.gms@230514040@23.05.14 (150700-509319212):2)
03-07 14:50:21.741  2193 10626 E PhenotypeFlagCommitter: 	at java.util.concurrent.ThreadPoolExecutor.runWorker(ThreadPoolExecutor.java:1167)
03-07 14:50:21.741  2193 10626 E PhenotypeFlagCommitter: 	at java.util.concurrent.ThreadPoolExecutor$Worker.run(ThreadPoolExecutor.java:641)
03-07 14:50:21.741  2193 10626 E PhenotypeFlagCommitter: 	at java.lang.Thread.run(Thread.java:923)
03-07 14:50:21.943 10428 10428 W MotionEvents: Overslept and turned a tap into a long press
03-07 14:50:22.041  2193 10657 I ExperimentPackageManage: Package com.google.android.as name not found! Using module version.
03-07 14:50:22.048  2193 10657 I ExperimentPackageManage: Package com.android.refreshratecontrol name not found! Using module version.
03-07 14:50:22.050  2193 10657 I ExperimentPackageManage: Package com.google.android.as name not found! Using module version.
03-07 14:50:22.054  2193 10657 I ExperimentPackageManage: Package com.google.oslo name not found! Using module version.
03-07 14:50:22.056  2193 10657 I ExperimentPackageManage: Package com.google.android.art name not found! Using module version.
03-07 14:50:22.060  2193 10657 I ExperimentPackageManage: Package com.google.android.art name not found! Using module version.
03-07 14:50:22.064  2193 10657 I ExperimentPackageManage: Package com.android.media name not found! Using module version.
03-07 14:50:22.109  2193 10657 I ExperimentPackageManage: Package com.android.media.swcodec name not found! Using module version.
03-07 14:50:22.113  2193 10657 I ExperimentPackageManage: Package com.android.appsearch name not found! Using module version.
03-07 14:50:22.117   541  2336 I system_server: oneway function results will be dropped but finished with status OK and parcel size 4
03-07 14:50:22.117  2193 10657 I ExperimentPackageManage: Package com.android.neuralnetworks name not found! Using module version.
03-07 14:50:22.120  2193 10657 I ExperimentPackageManage: Package com.google.android.odad name not found! Using module version.
03-07 14:50:22.200  2193 10657 I ExperimentPackageManage: Package com.android.media name not found! Using module version.
03-07 14:50:22.287  2193 10657 I ExperimentPackageManage: Package com.google.android.adservices name not found! Using module version.
03-07 14:50:22.486   541   554 I system_server: oneway function results will be dropped but finished with status OK and parcel size 4
03-07 14:50:22.937 10428 10459 I OpenGLRenderer: Davey! duration=785ms; Flags=1, IntendedVsync=1372709096883, Vsync=1373125763533, OldestInputEvent=9223372036854775807, NewestInputEvent=0, HandleInputStart=1373131028100, AnimationStart=1373131208400, PerformTraversalsStart=1373131908000, DrawStart=1373422490100, SyncQueued=1373433305400, SyncStart=1373486080100, IssueDrawCommandsStart=1373533250100, SwapBuffers=1373538014700, FrameCompleted=1373547511900, DequeueBufferDuration=189700, QueueBufferDuration=4089300, GpuCompleted=0,
03-07 14:50:22.972  2193 10657 I ExperimentPackageManage: Package com.google.android.as.oss name not found! Using module version.
03-07 14:50:22.973  2193 10657 I ExperimentPackageManage: Package 1 name not found! Using module version.
03-07 14:50:22.974  2193 10657 I ExperimentPackageManage: Package com.google.android.sdksandbox name not found! Using module version.
03-07 14:50:23.140 10428 10428 I ViewInteraction: Performing 'single click' action on view view.getId() is <2131231208/com.example.lunchtray:id/start_order_btn>
03-07 14:50:23.149  2193 10657 W ConfiguratorPhenotypeUt: Package com.google.android.sdksandbox name not found! Using module version. [CONTEXT service_id=204 ]
03-07 14:50:23.150  2193 10657 W ConfiguratorPhenotypeUt: Package com.google.android.odad name not found! Using module version. [CONTEXT service_id=204 ]
03-07 14:50:23.207  2193 10657 W ConfiguratorPhenotypeUt: Package com.google.android.as name not found! Using module version. [CONTEXT service_id=204 ]
03-07 14:50:23.209  2193 10657 W ConfiguratorPhenotypeUt: Package com.android.media.swcodec name not found! Using module version. [CONTEXT service_id=204 ]
03-07 14:50:23.215  2193 10657 W ConfiguratorPhenotypeUt: Package com.google.android.art name not found! Using module version. [CONTEXT service_id=204 ]
03-07 14:50:23.217  2193 10657 W ConfiguratorPhenotypeUt: Package com.android.appsearch name not found! Using module version. [CONTEXT service_id=204 ]
03-07 14:50:23.220  2193 10657 W ConfiguratorPhenotypeUt: Package com.google.android.art name not found! Using module version. [CONTEXT service_id=204 ]
03-07 14:50:23.267  2193 10657 W ConfiguratorPhenotypeUt: Package com.google.android.adservices name not found! Using module version. [CONTEXT service_id=204 ]
03-07 14:50:23.268  2193 10657 W ConfiguratorPhenotypeUt: Package com.google.android.as name not found! Using module version. [CONTEXT service_id=204 ]
03-07 14:50:23.268  2193 10657 W ConfiguratorPhenotypeUt: Package com.android.media name not found! Using module version. [CONTEXT service_id=204 ]
03-07 14:50:23.269  2193 10657 W ConfiguratorPhenotypeUt: Package com.google.android.as.oss name not found! Using module version. [CONTEXT service_id=204 ]
03-07 14:50:23.270  2193 10657 W ConfiguratorPhenotypeUt: Package com.google.oslo name not found! Using module version. [CONTEXT service_id=204 ]
03-07 14:50:23.274  2193 10657 W ConfiguratorPhenotypeUt: Package com.android.refreshratecontrol name not found! Using module version. [CONTEXT service_id=204 ]
03-07 14:50:23.274  2193 10657 W ConfiguratorPhenotypeUt: Package com.android.media name not found! Using module version. [CONTEXT service_id=204 ]
03-07 14:50:23.280  2193 10657 W ConfiguratorPhenotypeUt: Package com.android.neuralnetworks name not found! Using module version. [CONTEXT service_id=204 ]
03-07 14:50:23.288  2193 10657 W ConfiguratorPhenotypeUt: Package 1 name not found! Using module version. [CONTEXT service_id=204 ]
03-07 14:50:23.658   541  2000 I system_server: oneway function results will be dropped but finished with status OK and parcel size 4
03-07 14:50:23.668   339   430 D AF::Track: interceptBuffer: took 1731us to intercept 0 tracks
03-07 14:50:23.851   339   430 D AF::Track: interceptBuffer: took 9720us to intercept 0 tracks
03-07 14:50:23.982   266  4584 W android.hardware.audio.service.ranchu: TinyalsaSink::write:125 pcm_write was late reading frames, dropping 22131 us of audio
03-07 14:50:24.000   266  4584 W android.hardware.audio.service.ranchu: TinyalsaSink::write:125 pcm_write was late reading frames, dropping 22131 us of audio
03-07 14:50:24.050   541   554 I system_server: oneway function results will be dropped but finished with status OK and parcel size 4
03-07 14:50:24.186  2193  2488 W SQLiteConnectionPool: The connection pool for database '/data/user/0/com.google.android.gms/databases/phenotype.db' has been unable to grant a connection to thread 214 (highpool[3]) with flags 0x2 for 90.047005 seconds.
03-07 14:50:24.186  2193  2488 W SQLiteConnectionPool: Connections: 0 active, 1 idle, 1 available.
03-07 14:50:24.198 10428 10428 I Choreographer: Skipped 34 frames!  The application may be doing too much work on its main thread.
03-07 14:50:24.731 10428 10459 I OpenGLRenderer: Davey! duration=1107ms; Flags=1, IntendedVsync=1374234096822, Vsync=1374800763466, OldestInputEvent=9223372036854775807, NewestInputEvent=0, HandleInputStart=1374809126500, AnimationStart=1374809185000, PerformTraversalsStart=1374809666300, DrawStart=1375010553700, SyncQueued=1375149843800, SyncStart=1375150155600, IssueDrawCommandsStart=1375150499600, SwapBuffers=1375334776800, FrameCompleted=1375342064500, DequeueBufferDuration=249800, QueueBufferDuration=1489400, GpuCompleted=0,
03-07 14:50:25.081 10428 10428 I ViewInteraction: Checking 'MatchesViewAssertion{viewMatcher=(view has effective visibility <VISIBLE> and view.getGlobalVisibleRect() to return non-empty rectangle)}' assertion on view an instance of android.widget.TextView and view.getText() with or without transformation to match: is "Subtotal: $0.00"
03-07 14:50:25.082 10428 10453 I TestRunner: finished: order_reset_after_cancel_from_accompaniment_menu(com.example.lunchtray.OrderFunctionalityTests)
