03-07 14:50:53.037 10428 10428 D LifecycleMonitor: Lifecycle status change: com.example.lunchtray.MainActivity@15cfb67 in: PRE_ON_CREATE
03-07 14:50:53.037 10428 10428 V ActivityScenario: Activity lifecycle changed event received but ignored because the intent does not match. startActivityIntent=Intent { act=android.intent.action.MAIN cat=[android.intent.category.LAUNCHER] cmp=com.example.lunchtray/androidx.fragment.app.testing.FragmentScenario$EmptyFragmentActivity (has extras) }, activity.getIntent()=Intent { act=android.intent.action.MAIN cat=[android.intent.category.LAUNCHER] cmp=com.example.lunchtray/.MainActivity }, activity=com.example.lunchtray.MainActivity@15cfb67
03-07 14:50:53.039 10428 10428 I chatty  : uid=10175(com.example.lunchtray) identical 11 lines
03-07 14:50:53.039 10428 10428 V ActivityScenario: Activity lifecycle changed event received but ignored because the intent does not match. startActivityIntent=Intent { act=android.intent.action.MAIN cat=[android.intent.category.LAUNCHER] cmp=com.example.lunchtray/androidx.fragment.app.testing.FragmentScenario$EmptyFragmentActivity (has extras) }, activity.getIntent()=Intent { act=android.intent.action.MAIN cat=[android.intent.category.LAUNCHER] cmp=com.example.lunchtray/.MainActivity }, activity=com.example.lunchtray.MainActivity@15cfb67
03-07 14:50:53.039 10428 10428 V ActivityScenario: Activity lifecycle changed event received but ignored because the reported transition was not ON_CREATE while the last known transition was DESTROYED
03-07 14:50:53.039 10428 10428 I chatty  : uid=10175(com.example.lunchtray) identical 1 line
03-07 14:50:53.039 10428 10428 V ActivityScenario: Activity lifecycle changed event received but ignored because the reported transition was not ON_CREATE while the last known transition was DESTROYED
03-07 14:50:53.039 10428 10428 V ActivityScenario: Activity lifecycle changed event received but ignored because the reported transition was not ON_CREATE while the last known transition was PRE_ON_CREATE
03-07 14:50:53.088 10703 10703 E d.configupdate: Not starting debugger since process cannot load the jdwp agent.
03-07 14:50:53.107 10428 10428 D LifecycleMonitor: Lifecycle status change: com.example.lunchtray.MainActivity@15cfb67 in: CREATED
03-07 14:50:53.108 10428 10428 V ActivityScenario: Activity lifecycle changed event received but ignored because the intent does not match. startActivityIntent=Intent { act=android.intent.action.MAIN cat=[android.intent.category.LAUNCHER] cmp=com.example.lunchtray/androidx.fragment.app.testing.FragmentScenario$EmptyFragmentActivity (has extras) }, activity.getIntent()=Intent { act=android.intent.action.MAIN cat=[android.intent.category.LAUNCHER] cmp=com.example.lunchtray/.MainActivity }, activity=com.example.lunchtray.MainActivity@15cfb67
03-07 14:50:53.109 10428 10428 I chatty  : uid=10175(com.example.lunchtray) identical 11 lines
03-07 14:50:53.109 10428 10428 V ActivityScenario: Activity lifecycle changed event received but ignored because the intent does not match. startActivityIntent=Intent { act=android.intent.action.MAIN cat=[android.intent.category.LAUNCHER] cmp=com.example.lunchtray/androidx.fragment.app.testing.FragmentScenario$EmptyFragmentActivity (has extras) }, activity.getIntent()=Intent { act=android.intent.action.MAIN cat=[android.intent.category.LAUNCHER] cmp=com.example.lunchtray/.MainActivity }, activity=com.example.lunchtray.MainActivity@15cfb67
03-07 14:50:53.110 10428 10428 V ActivityScenario: Update currentActivityStage to CREATED, currentActivity=com.example.lunchtray.MainActivity@15cfb67
03-07 14:50:53.110 10428 10428 I chatty  : uid=10175(com.example.lunchtray) identical 2 lines
03-07 14:50:53.110 10428 10428 V ActivityScenario: Update currentActivityStage to CREATED, currentActivity=com.example.lunchtray.MainActivity@15cfb67
03-07 14:50:53.133 10428 10428 D LifecycleMonitor: Lifecycle status change: com.example.lunchtray.MainActivity@15cfb67 in: STARTED
03-07 14:50:53.133 10428 10428 V ActivityScenario: Activity lifecycle changed event received but ignored because the intent does not match. startActivityIntent=Intent { act=android.intent.action.MAIN cat=[android.intent.category.LAUNCHER] cmp=com.example.lunchtray/androidx.fragment.app.testing.FragmentScenario$EmptyFragmentActivity (has extras) }, activity.getIntent()=Intent { act=android.intent.action.MAIN cat=[android.intent.category.LAUNCHER] cmp=com.example.lunchtray/.MainActivity }, activity=com.example.lunchtray.MainActivity@15cfb67
03-07 14:50:53.141 10428 10428 I chatty  : uid=10175(com.example.lunchtray) identical 11 lines
03-07 14:50:53.141 10428 10428 V ActivityScenario: Activity lifecycle changed event received but ignored because the intent does not match. startActivityIntent=Intent { act=android.intent.action.MAIN cat=[android.intent.category.LAUNCHER] cmp=com.example.lunchtray/androidx.fragment.app.testing.FragmentScenario$EmptyFragmentActivity (has extras) }, activity.getIntent()=Intent { act=android.intent.action.MAIN cat=[android.intent.category.LAUNCHER] cmp=com.example.lunchtray/.MainActivity }, activity=com.example.lunchtray.MainActivity@15cfb67
03-07 14:50:53.142 10428 10428 V ActivityScenario: Update currentActivityStage to STARTED, currentActivity=com.example.lunchtray.MainActivity@15cfb67
03-07 14:50:53.142 10428 10428 I chatty  : uid=10175(com.example.lunchtray) identical 2 lines
03-07 14:50:53.142 10428 10428 V ActivityScenario: Update currentActivityStage to STARTED, currentActivity=com.example.lunchtray.MainActivity@15cfb67
03-07 14:50:53.145 10428 10428 D LifecycleMonitor: Lifecycle status change: com.example.lunchtray.MainActivity@15cfb67 in: RESUMED
03-07 14:50:53.145 10428 10428 V ActivityScenario: Activity lifecycle changed event received but ignored because the intent does not match. startActivityIntent=Intent { act=android.intent.action.MAIN cat=[android.intent.category.LAUNCHER] cmp=com.example.lunchtray/androidx.fragment.app.testing.FragmentScenario$EmptyFragmentActivity (has extras) }, activity.getIntent()=Intent { act=android.intent.action.MAIN cat=[android.intent.category.LAUNCHER] cmp=com.example.lunchtray/.MainActivity }, activity=com.example.lunchtray.MainActivity@15cfb67
03-07 14:50:53.148 10428 10428 I chatty  : uid=10175(com.example.lunchtray) identical 11 lines
03-07 14:50:53.148 10428 10428 V ActivityScenario: Activity lifecycle changed event received but ignored because the intent does not match. startActivityIntent=Intent { act=android.intent.action.MAIN cat=[android.intent.category.LAUNCHER] cmp=com.example.lunchtray/androidx.fragment.app.testing.FragmentScenario$EmptyFragmentActivity (has extras) }, activity.getIntent()=Intent { act=android.intent.action.MAIN cat=[android.intent.category.LAUNCHER] cmp=com.example.lunchtray/.MainActivity }, activity=com.example.lunchtray.MainActivity@15cfb67
03-07 14:50:53.148 10428 10428 V ActivityScenario: Update currentActivityStage to RESUMED, currentActivity=com.example.lunchtray.MainActivity@15cfb67
03-07 14:50:53.148 10428 10428 I chatty  : uid=10175(com.example.lunchtray) identical 2 lines
03-07 14:50:53.149 10428 10428 V ActivityScenario: Update currentActivityStage to RESUMED, currentActivity=com.example.lunchtray.MainActivity@15cfb67
03-07 14:50:53.205   541   570 I Choreographer: Skipped 42 frames!  The application may be doing too much work on its main thread.
03-07 14:50:53.309   280   321 D goldfish-address-space: claimShared: Ask to claim region [0x3f4bbf000 0x3f5524000]
03-07 14:50:53.372   280   321 D goldfish-address-space: claimShared: Ask to claim region [0x3f5524000 0x3f5e89000]
03-07 14:50:53.612   280   319 D goldfish-address-space: claimShared: Ask to claim region [0x3f8000000 0x3f8965000]
03-07 14:50:53.628 10703 10703 D ApplicationLoaders: Returning zygote-cached class loader: /system/framework/android.test.base.jar
03-07 14:50:53.785   280  7979 D goldfish-address-space: claimShared: Ask to claim region [0x3f8965000 0x3f92ca000]
03-07 14:50:53.976 10703 10703 I d.configupdate: The ClassLoaderContext is a special shared library.
03-07 14:50:53.979 10703 10703 D nativeloader: classloader namespace configured for unbundled product apk. library_path=/product/priv-app/ConfigUpdater/lib/x86:/product/lib:/system/product/lib
03-07 14:50:54.040 10428 10428 I Choreographer: Skipped 49 frames!  The application may be doing too much work on its main thread.
03-07 14:50:54.161 10428 10459 I OpenGLRenderer: Davey! duration=950ms; Flags=0, IntendedVsync=1403817445702, Vsync=1404634112336, OldestInputEvent=9223372036854775807, NewestInputEvent=0, HandleInputStart=1404650928400, AnimationStart=1404650981000, PerformTraversalsStart=1404651301900, DrawStart=1404676616000, SyncQueued=1404676992400, SyncStart=1404680659400, IssueDrawCommandsStart=1404680876400, SwapBuffers=1404682506200, FrameCompleted=1404771854400, DequeueBufferDuration=4283500, QueueBufferDuration=41258800, GpuCompleted=1329766864000,
03-07 14:50:54.240 10703 10703 D NetworkSecurityConfig: No Network Security Config specified, using platform default
03-07 14:50:54.242 10703 10703 D NetworkSecurityConfig: No Network Security Config specified, using platform default
03-07 14:50:54.250 10428 10428 D RootViewPicker: Root not ready - waiting: 10ms for one to appear.
03-07 14:50:54.257 10428 10428 D LifecycleMonitor: Lifecycle status change: androidx.test.core.app.InstrumentationActivityInvoker$BootstrapActivity@3d11f05 in: STOPPED
03-07 14:50:54.257 10428 10428 V ActivityScenario: Activity lifecycle changed event received but ignored because the intent does not match. startActivityIntent=Intent { act=android.intent.action.MAIN cat=[android.intent.category.LAUNCHER] cmp=com.example.lunchtray/androidx.fragment.app.testing.FragmentScenario$EmptyFragmentActivity (has extras) }, activity.getIntent()=Intent { act=android.intent.action.MAIN cat=[android.intent.category.LAUNCHER] flg=0x10008000 cmp=com.example.lunchtray/androidx.test.core.app.InstrumentationActivityInvoker$BootstrapActivity (has extras) }, activity=androidx.test.core.app.InstrumentationActivityInvoker$BootstrapActivity@3d11f05
03-07 14:50:54.263 10428 10428 I chatty  : uid=10175(com.example.lunchtray) identical 11 lines
03-07 14:50:54.263 10428 10428 V ActivityScenario: Activity lifecycle changed event received but ignored because the intent does not match. startActivityIntent=Intent { act=android.intent.action.MAIN cat=[android.intent.category.LAUNCHER] cmp=com.example.lunchtray/androidx.fragment.app.testing.FragmentScenario$EmptyFragmentActivity (has extras) }, activity.getIntent()=Intent { act=android.intent.action.MAIN cat=[android.intent.category.LAUNCHER] flg=0x10008000 cmp=com.example.lunchtray/androidx.test.core.app.InstrumentationActivityInvoker$BootstrapActivity (has extras) }, activity=androidx.test.core.app.InstrumentationActivityInvoker$BootstrapActivity@3d11f05
03-07 14:50:54.264 10428 10428 V ActivityScenario: Activity lifecycle changed event received but ignored because the intent does not match. startActivityIntent=Intent { act=android.intent.action.MAIN cat=[android.intent.category.LAUNCHER] cmp=com.example.lunchtray/.MainActivity }, activity.getIntent()=Intent { act=android.intent.action.MAIN cat=[android.intent.category.LAUNCHER] flg=0x10008000 cmp=com.example.lunchtray/androidx.test.core.app.InstrumentationActivityInvoker$BootstrapActivity (has extras) }, activity=androidx.test.core.app.InstrumentationActivityInvoker$BootstrapActivity@3d11f05
03-07 14:50:54.264 10428 10428 I chatty  : uid=10175(com.example.lunchtray) identical 2 lines
03-07 14:50:54.265 10428 10428 V ActivityScenario: Activity lifecycle changed event received but ignored because the intent does not match. startActivityIntent=Intent { act=android.intent.action.MAIN cat=[android.intent.category.LAUNCHER] cmp=com.example.lunchtray/.MainActivity }, activity.getIntent()=Intent { act=android.intent.action.MAIN cat=[android.intent.category.LAUNCHER] flg=0x10008000 cmp=com.example.lunchtray/androidx.test.core.app.InstrumentationActivityInvoker$BootstrapActivity (has extras) }, activity=androidx.test.core.app.InstrumentationActivityInvoker$BootstrapActivity@3d11f05
03-07 14:50:54.378 10428 10428 D RootViewPicker: Root not ready - waiting: 25ms for one to appear.
03-07 14:50:54.388  1641  3110 I PBSessionCacheImpl: (REDACTED) Deleted sessionId[%d] from persistence.
03-07 14:50:54.410 10428 10428 D RootViewPicker: Root not ready - waiting: 50ms for one to appear.
03-07 14:50:54.441   541   569 D EventSequenceValidator: Transition from ACTIVITY_LAUNCHED to ACTIVITY_FINISHED
03-07 14:50:54.475 10428 10428 D RootViewPicker: Root not ready - waiting: 100ms for one to appear.
03-07 14:50:54.576 10428 10428 I ViewInteraction: Performing 'single click' action on view view.getId() is <2131231208/com.example.lunchtray:id/start_order_btn>
03-07 14:50:54.756  1641  2490 W SearchServiceCore: Abort, client detached.
03-07 14:50:54.800   541   574 D ArtManagerInternalImpl: /data/misc/iorapd/com.example.lunchtray/1/com.example.lunchtray.MainActivity/compiled_traces/compiled_trace.pb doesn't exist
03-07 14:50:54.921   541   574 I ActivityTaskManager: Displayed com.example.lunchtray/.MainActivity: +2s110ms
03-07 14:50:55.049   541  2004 I system_server: oneway function results will be dropped but finished with status OK and parcel size 4
03-07 14:50:55.055   541  2004 I system_server: oneway function results will be dropped but finished with status OK and parcel size 4
03-07 14:50:55.116   339   430 D AudioFlinger: mixer(0xf09cd030) throttle end: throttle time(40)
03-07 14:50:55.203   339   430 D AudioFlinger: mixer(0xf09cd030) throttle end: throttle time(7)
03-07 14:50:55.226 10428 10428 W ample.lunchtra: JNI critical lock held for 33.045ms on Thread[1,tid=10428,Runnable,Thread*=0xe9804610,peer=0x716d3c28,"main"]
03-07 14:50:55.359   541  2004 I system_server: oneway function results will be dropped but finished with status OK and parcel size 4
03-07 14:50:55.383 10428 10428 W ample.lunchtra: JNI critical lock held for 68.326ms on Thread[1,tid=10428,Runnable,Thread*=0xe9804610,peer=0x716d3c28,"main"]
03-07 14:50:55.738   541   570 I Choreographer: Skipped 138 frames!  The application may be doing too much work on its main thread.
03-07 14:50:56.067 10428 10428 W ample.lunchtra: JNI critical lock held for 25.087ms on Thread[1,tid=10428,Runnable,Thread*=0xe9804610,peer=0x716d3c28,"main"]
03-07 14:50:56.137   266  4584 W android.hardware.audio.service.ranchu: TinyalsaSink::write:125 pcm_write was late reading frames, dropping 22131 us of audio
03-07 14:50:56.371 10428 10428 I Choreographer: Skipped 81 frames!  The application may be doing too much work on its main thread.
03-07 14:50:56.505 10428 10459 I OpenGLRenderer: Davey! duration=1497ms; Flags=1, IntendedVsync=1405617442562, Vsync=1406967442508, OldestInputEvent=9223372036854775807, NewestInputEvent=0, HandleInputStart=1406982147100, AnimationStart=1406982203400, PerformTraversalsStart=1406982858900, DrawStart=1407058956600, SyncQueued=1407082826200, SyncStart=1407083438000, IssueDrawCommandsStart=1407100493400, SwapBuffers=1407107653200, FrameCompleted=1407115951700, DequeueBufferDuration=761100, QueueBufferDuration=1280400, GpuCompleted=1330060861600,
03-07 14:50:56.748 10428 10441 I ample.lunchtra: Background young concurrent copying GC freed 139309(8873KB) AllocSpace objects, 3(60KB) LOS objects, 49% free, 7466KB/14MB, paused 6.693ms total 3.788s
03-07 14:50:56.806   443   443 E netmgr  : qemu_pipe_open_ns:62: Could not connect to the 'pipe:qemud:network' service: Invalid argument
03-07 14:50:56.806   443   443 E netmgr  : Failed to open QEMU pipe 'qemud:network': Invalid argument
03-07 14:50:56.904 10428 10428 I ViewInteraction: Performing 'single click' action on view view.getId() is <2131230844/com.example.lunchtray:id/cauliflower>
03-07 14:50:56.980  1641  1648 W earchbox:searc: Suspending all threads took: 5.986ms
03-07 14:50:57.097   339   430 D AF::Track: interceptBuffer: took 3883us to intercept 0 tracks
03-07 14:50:57.120   541  1606 I system_server: oneway function results will be dropped but finished with status OK and parcel size 4
03-07 14:50:57.456   541  2004 I system_server: oneway function results will be dropped but finished with status OK and parcel size 4
03-07 14:50:57.483 10428 10428 I ViewInteraction: Performing 'single click' action on view view.getId() is <2131230842/com.example.lunchtray:id/cancel_button>
03-07 14:50:57.604   451   451 E wifi_forwarder: qemu_pipe_open_ns:62: Could not connect to the 'pipe:qemud:wififorward' service: Invalid argument
03-07 14:50:57.604   451   451 E wifi_forwarder: RemoteConnection failed to initialize: RemoteConnection failed to open pipe
03-07 14:50:57.807   541  2004 I system_server: oneway function results will be dropped but finished with status OK and parcel size 4
03-07 14:50:57.821   339   430 D AudioFlinger: mixer(0xf09cd030) throttle end: throttle time(33)
03-07 14:50:57.903   541  1606 I system_server: oneway function results will be dropped but finished with status OK and parcel size 4
03-07 14:50:58.220  2193 10672 W ConfiguratorPhenotypeUt: Phenotype bulk platform registration failed. [CONTEXT service_id=204 ]
03-07 14:50:58.220  2193 10672 W ConfiguratorPhenotypeUt: java.util.concurrent.TimeoutException: Timed out waiting for Task
03-07 14:50:58.220  2193 10672 W ConfiguratorPhenotypeUt: 	at braz.m(:com.google.android.gms@230514040@23.05.14 (150700-509319212):6)
03-07 14:50:58.220  2193 10672 W ConfiguratorPhenotypeUt: 	at bilt.f(:com.google.android.gms@230514040@23.05.14 (150700-509319212):9)
03-07 14:50:58.220  2193 10672 W ConfiguratorPhenotypeUt: 	at com.google.android.gms.platformconfigurator.PhenotypeConfigurationUpdateListener.b(:com.google.android.gms@230514040@23.05.14 (150700-509319212):26)
03-07 14:50:58.220  2193 10672 W ConfiguratorPhenotypeUt: 	at com.google.android.gms.platformconfigurator.PhenotypeConfigurationUpdateListener.c(:com.google.android.gms@230514040@23.05.14 (150700-509319212):0)
03-07 14:50:58.220  2193 10672 W ConfiguratorPhenotypeUt: 	at com.google.android.gms.platformconfigurator.PhenotypeConfigurationUpdateListener.onHandleIntent(:com.google.android.gms@230514040@23.05.14 (150700-509319212):6)
03-07 14:50:58.220  2193 10672 W ConfiguratorPhenotypeUt: 	at com.google.android.chimera.IntentOperation.onHandleIntent(:com.google.android.gms@230514040@23.05.14 (150700-509319212):2)
03-07 14:50:58.220  2193 10672 W ConfiguratorPhenotypeUt: 	at xqs.onHandleIntent(:com.google.android.gms@230514040@23.05.14 (150700-509319212):4)
03-07 14:50:58.220  2193 10672 W ConfiguratorPhenotypeUt: 	at gqh.run(:com.google.android.gms@230514040@23.05.14 (150700-509319212):3)
03-07 14:50:58.220  2193 10672 W ConfiguratorPhenotypeUt: 	at gqg.run(:com.google.android.gms@230514040@23.05.14 (150700-509319212):11)
03-07 14:50:58.220  2193 10672 W ConfiguratorPhenotypeUt: 	at cnqy.run(:com.google.android.gms@230514040@23.05.14 (150700-509319212):2)
03-07 14:50:58.220  2193 10672 W ConfiguratorPhenotypeUt: 	at java.util.concurrent.ThreadPoolExecutor.runWorker(ThreadPoolExecutor.java:1167)
03-07 14:50:58.220  2193 10672 W ConfiguratorPhenotypeUt: 	at java.util.concurrent.ThreadPoolExecutor$Worker.run(ThreadPoolExecutor.java:641)
03-07 14:50:58.220  2193 10672 W ConfiguratorPhenotypeUt: 	at java.lang.Thread.run(Thread.java:923)
03-07 14:50:58.258  2193 10672 I ExperimentPackageManage: Package com.google.android.as name not found! Using module version.
03-07 14:50:58.268  2193 10672 I ExperimentPackageManage: Package com.android.refreshratecontrol name not found! Using module version.
03-07 14:50:58.288  2193 10672 I ExperimentPackageManage: Package com.google.android.as name not found! Using module version.
03-07 14:50:58.289  2193 10672 I ExperimentPackageManage: Package com.google.oslo name not found! Using module version.
03-07 14:50:58.299  2193 10672 I ExperimentPackageManage: Package com.google.android.art name not found! Using module version.
03-07 14:50:58.320  2193 10672 I ExperimentPackageManage: Package com.google.android.art name not found! Using module version.
03-07 14:50:58.322  2193 10672 I ExperimentPackageManage: Package com.android.media name not found! Using module version.
03-07 14:50:58.330  2193 10672 I ExperimentPackageManage: Package com.android.media.swcodec name not found! Using module version.
03-07 14:50:58.332 10428 10428 I ViewInteraction: Performing 'single click' action on view view.getId() is <2131231208/com.example.lunchtray:id/start_order_btn>
03-07 14:50:58.418  2193 10672 I ExperimentPackageManage: Package com.android.appsearch name not found! Using module version.
03-07 14:50:58.447  2193 10672 I ExperimentPackageManage: Package com.android.neuralnetworks name not found! Using module version.
03-07 14:50:58.449  2193 10672 I ExperimentPackageManage: Package com.google.android.odad name not found! Using module version.
03-07 14:50:58.466  2193 10672 I ExperimentPackageManage: Package com.android.media name not found! Using module version.
03-07 14:50:58.467  2193 10672 I ExperimentPackageManage: Package com.google.android.adservices name not found! Using module version.
03-07 14:50:58.503  2193 10672 I ExperimentPackageManage: Package com.google.android.as.oss name not found! Using module version.
03-07 14:50:58.519  2193 10672 I ExperimentPackageManage: Package 1 name not found! Using module version.
03-07 14:50:58.520  2193 10672 I ExperimentPackageManage: Package com.google.android.sdksandbox name not found! Using module version.
03-07 14:50:58.521  2193 10672 W PhenotypeConfigurationU: Update for unknown DeviceConfig package com.google.android.gms.people [CONTEXT service_id=204 ]
03-07 14:50:58.521  2193 10672 W PhenotypeConfigurationU: bily: No package exists for config package: com.google.android.gms.people
03-07 14:50:58.521  2193 10672 W PhenotypeConfigurationU: 	at com.google.android.gms.platformconfigurator.PhenotypeConfigurationUpdateListener.a(:com.google.android.gms@230514040@23.05.14 (150700-509319212):7)
03-07 14:50:58.521  2193 10672 W PhenotypeConfigurationU: 	at com.google.android.gms.platformconfigurator.PhenotypeConfigurationUpdateListener.onHandleIntent(:com.google.android.gms@230514040@23.05.14 (150700-509319212):7)
03-07 14:50:58.521  2193 10672 W PhenotypeConfigurationU: 	at com.google.android.chimera.IntentOperation.onHandleIntent(:com.google.android.gms@230514040@23.05.14 (150700-509319212):2)
03-07 14:50:58.521  2193 10672 W PhenotypeConfigurationU: 	at xqs.onHandleIntent(:com.google.android.gms@230514040@23.05.14 (150700-509319212):4)
03-07 14:50:58.521  2193 10672 W PhenotypeConfigurationU: 	at gqh.run(:com.google.android.gms@230514040@23.05.14 (150700-509319212):3)
03-07 14:50:58.521  2193 10672 W PhenotypeConfigurationU: 	at gqg.run(:com.google.android.gms@230514040@23.05.14 (150700-509319212):11)
03-07 14:50:58.521  2193 10672 W PhenotypeConfigurationU: 	at cnqy.run(:com.google.android.gms@230514040@23.05.14 (150700-509319212):2)
03-07 14:50:58.521  2193 10672 W PhenotypeConfigurationU: 	at java.util.concurrent.ThreadPoolExecutor.runWorker(ThreadPoolExecutor.java:1167)
03-07 14:50:58.521  2193 10672 W PhenotypeConfigurationU: 	at java.util.concurrent.ThreadPoolExecutor$Worker.run(ThreadPoolExecutor.java:641)
03-07 14:50:58.521  2193 10672 W PhenotypeConfigurationU: 	at java.lang.Thread.run(Thread.java:923)
03-07 14:50:58.589   339   430 D AudioFlinger: mixer(0xf09cd030) throttle end: throttle time(22)
03-07 14:50:58.621  2193 10729 I ExperimentPackageManage: Package com.google.android.as name not found! Using module version.
03-07 14:50:58.630   339   430 D AF::Track: interceptBuffer: took 589us to intercept 0 tracks
03-07 14:50:58.631   541  2000 I system_server: oneway function results will be dropped but finished with status OK and parcel size 4
03-07 14:50:58.684  2193 10729 I ExperimentPackageManage: Package com.android.refreshratecontrol name not found! Using module version.
03-07 14:50:58.687  2193 10729 I ExperimentPackageManage: Package com.google.android.as name not found! Using module version.
03-07 14:50:58.692  2193 10729 I ExperimentPackageManage: Package com.google.oslo name not found! Using module version.
03-07 14:50:58.699  2193 10729 I ExperimentPackageManage: Package com.google.android.art name not found! Using module version.
03-07 14:50:58.700  2193 10729 I ExperimentPackageManage: Package com.google.android.art name not found! Using module version.
03-07 14:50:58.738  2193 10729 I ExperimentPackageManage: Package com.android.media name not found! Using module version.
03-07 14:50:58.739  2193 10729 I ExperimentPackageManage: Package com.android.media.swcodec name not found! Using module version.
03-07 14:50:58.740  2193 10729 I ExperimentPackageManage: Package com.android.appsearch name not found! Using module version.
03-07 14:50:58.740  2193 10729 I ExperimentPackageManage: Package com.android.neuralnetworks name not found! Using module version.
03-07 14:50:58.741  2193 10729 I ExperimentPackageManage: Package com.google.android.odad name not found! Using module version.
03-07 14:50:58.757  2193 10729 I ExperimentPackageManage: Package com.android.media name not found! Using module version.
03-07 14:50:58.758  2193 10729 I ExperimentPackageManage: Package com.google.android.adservices name not found! Using module version.
03-07 14:50:58.797  2193 10729 I ExperimentPackageManage: Package com.google.android.as.oss name not found! Using module version.
03-07 14:50:58.801  2193 10729 I ExperimentPackageManage: Package 1 name not found! Using module version.
03-07 14:50:58.802 10428 10443 W System  : A resource failed to call dispose.
03-07 14:50:58.843   541  2000 I system_server: oneway function results will be dropped but finished with status OK and parcel size 4
03-07 14:50:59.007  2193 10729 I ExperimentPackageManage: Package com.google.android.sdksandbox name not found! Using module version.
03-07 14:50:59.040  2193 10729 W ConfiguratorPhenotypeUt: Package com.google.android.sdksandbox name not found! Using module version. [CONTEXT service_id=204 ]
03-07 14:50:59.051  2193 10729 W ConfiguratorPhenotypeUt: Package com.google.android.odad name not found! Using module version. [CONTEXT service_id=204 ]
03-07 14:50:59.060  2193 10729 W ConfiguratorPhenotypeUt: Package com.google.android.as name not found! Using module version. [CONTEXT service_id=204 ]
03-07 14:50:59.148  2193 10729 W ConfiguratorPhenotypeUt: Package com.android.media.swcodec name not found! Using module version. [CONTEXT service_id=204 ]
03-07 14:50:59.180  2193 10729 W ConfiguratorPhenotypeUt: Package com.google.android.art name not found! Using module version. [CONTEXT service_id=204 ]
03-07 14:50:59.183  2193 10729 W ConfiguratorPhenotypeUt: Package com.android.appsearch name not found! Using module version. [CONTEXT service_id=204 ]
03-07 14:50:59.228  2193 10729 W ConfiguratorPhenotypeUt: Package com.google.android.art name not found! Using module version. [CONTEXT service_id=204 ]
03-07 14:50:59.232  2193 10729 W ConfiguratorPhenotypeUt: Package com.google.android.adservices name not found! Using module version. [CONTEXT service_id=204 ]
03-07 14:50:59.238  2193 10729 W ConfiguratorPhenotypeUt: Package com.google.android.as name not found! Using module version. [CONTEXT service_id=204 ]
03-07 14:50:59.269  2193 10729 W ConfiguratorPhenotypeUt: Package com.android.media name not found! Using module version. [CONTEXT service_id=204 ]
03-07 14:50:59.270  2193 10729 W ConfiguratorPhenotypeUt: Package com.google.android.as.oss name not found! Using module version. [CONTEXT service_id=204 ]
03-07 14:50:59.273  2193 10729 W ConfiguratorPhenotypeUt: Package com.google.oslo name not found! Using module version. [CONTEXT service_id=204 ]
03-07 14:50:59.282  2193 10729 W ConfiguratorPhenotypeUt: Package com.android.refreshratecontrol name not found! Using module version. [CONTEXT service_id=204 ]
03-07 14:50:59.286  2193 10729 W ConfiguratorPhenotypeUt: Package com.android.media name not found! Using module version. [CONTEXT service_id=204 ]
03-07 14:50:59.312  2193 10729 W ConfiguratorPhenotypeUt: Package com.android.neuralnetworks name not found! Using module version. [CONTEXT service_id=204 ]
03-07 14:50:59.330 10428 10459 I OpenGLRenderer: Davey! duration=803ms; Flags=1, IntendedVsync=1409134110132, Vsync=1409617443446, OldestInputEvent=9223372036854775807, NewestInputEvent=0, HandleInputStart=1409630294400, AnimationStart=1409630375600, PerformTraversalsStart=1409630757500, DrawStart=1409699696700, SyncQueued=1409810531900, SyncStart=1409814659100, IssueDrawCommandsStart=1409814991100, SwapBuffers=1409909814700, FrameCompleted=1409941323500, DequeueBufferDuration=23068300, QueueBufferDuration=4364500, GpuCompleted=0,
03-07 14:50:59.330  2193 10729 W ConfiguratorPhenotypeUt: Package 1 name not found! Using module version. [CONTEXT service_id=204 ]
03-07 14:50:59.507 10428 10443 W System  : A resource failed to call dispose.
03-07 14:50:59.656 10428 10428 I ViewInteraction: Checking 'MatchesViewAssertion{viewMatcher=(view has effective visibility <VISIBLE> and view.getGlobalVisibleRect() to return non-empty rectangle)}' assertion on view an instance of android.widget.TextView and view.getText() with or without transformation to match: is "Subtotal: $0.00"
03-07 14:50:59.657 10428 10453 I TestRunner: finished: order_reset_after_cancel_from_entree_menu(com.example.lunchtray.OrderFunctionalityTests)
