03-07 14:51:08.494   266  4584 W android.hardware.audio.service.ranchu: TinyalsaSink::write:125 pcm_write was late reading frames, dropping 22131 us of audio
03-07 14:51:08.549   541  2000 I system_server: oneway function results will be dropped but finished with status OK and parcel size 4
03-07 14:51:08.558   541  2000 I system_server: oneway function results will be dropped but finished with status OK and parcel size 4
03-07 14:51:08.936 10428 10428 W ample.lunchtra: JNI critical lock held for 177.698ms on Thread[1,tid=10428,Runnable,Thread*=0xe9804610,peer=0x716d3c28,"main"]
03-07 14:51:09.188 10428 10428 I Choreographer: Skipped 55 frames!  The application may be doing too much work on its main thread.
03-07 14:51:09.239   541   570 I Choreographer: Skipped 43 frames!  The application may be doing too much work on its main thread.
03-07 14:51:09.367 10428 10459 I OpenGLRenderer: Davey! duration=1094ms; Flags=1, IntendedVsync=1418878801946, Vsync=1419795468576, OldestInputEvent=9223372036854775807, NewestInputEvent=0, HandleInputStart=1419798838200, AnimationStart=1419798902400, PerformTraversalsStart=1419799981900, DrawStart=1419905618900, SyncQueued=1419934341700, SyncStart=1419937552100, IssueDrawCommandsStart=1419943314000, SwapBuffers=1419957039400, FrameCompleted=1419976637100, DequeueBufferDuration=1064900, QueueBufferDuration=4219300, GpuCompleted=1335053405600,
03-07 14:51:09.632 10428 10428 I ViewInteraction: Performing 'single click' action on view view.getId() is <2131230844/com.example.lunchtray:id/cauliflower>
03-07 14:51:09.748   339   430 D AF::Track: interceptBuffer: took 1059us to intercept 0 tracks
03-07 14:51:09.754   339   430 D AudioFlinger: mixer(0xf09cd030) throttle end: throttle time(6)
03-07 14:51:09.814   541  1196 I system_server: oneway function results will be dropped but finished with status OK and parcel size 4
03-07 14:51:09.851   541  1196 I system_server: oneway function results will be dropped but finished with status OK and parcel size 4
03-07 14:51:10.110   266  4584 W android.hardware.audio.service.ranchu: TinyalsaSink::write:125 pcm_write was late reading frames, dropping 22131 us of audio
03-07 14:51:10.123 10428 10428 I ViewInteraction: Performing 'single click' action on view view.getId() is <2131231081/com.example.lunchtray:id/next_button>
03-07 14:51:10.265  2193  5792 W SQLiteConnectionPool: The connection pool for database '/data/user/0/com.google.android.gms/databases/phenotype.db' has been unable to grant a connection to thread 440 (highpool[16]) with flags 0x2 for 30.001001 seconds.
03-07 14:51:10.265  2193  5792 W SQLiteConnectionPool: Connections: 0 active, 1 idle, 1 available.
03-07 14:51:10.267   266  4584 W android.hardware.audio.service.ranchu: TinyalsaSink::write:125 pcm_write was late reading frames, dropping 22131 us of audio
03-07 14:51:10.288   339   430 D AudioFlinger: mixer(0xf09cd030) throttle end: throttle time(40)
03-07 14:51:10.293   541  2000 I system_server: oneway function results will be dropped but finished with status OK and parcel size 4
03-07 14:51:10.309   266  4584 W android.hardware.audio.service.ranchu: TinyalsaSink::write:125 pcm_write was late reading frames, dropping 22131 us of audio
03-07 14:51:10.316   339   430 D AudioFlinger: mixer(0xf09cd030) throttle end: throttle time(8)
03-07 14:51:10.372   541  2001 I system_server: oneway function results will be dropped but finished with status OK and parcel size 4
03-07 14:51:10.985 10428 10428 I ViewInteraction: Performing 'single click' action on view view.getId() is <2131231138/com.example.lunchtray:id/salad>
03-07 14:51:11.006   266  4584 W android.hardware.audio.service.ranchu: TinyalsaSink::write:125 pcm_write was late reading frames, dropping 22131 us of audio
03-07 14:51:11.053   266  4584 W android.hardware.audio.service.ranchu: TinyalsaSink::write:125 pcm_write was late reading frames, dropping 22131 us of audio
03-07 14:51:11.099   541  2000 I system_server: oneway function results will be dropped but finished with status OK and parcel size 4
03-07 14:51:11.110   266  4584 W android.hardware.audio.service.ranchu: TinyalsaSink::write:125 pcm_write was late reading frames, dropping 22131 us of audio
03-07 14:51:11.182   541  2001 I system_server: oneway function results will be dropped but finished with status OK and parcel size 4
03-07 14:51:11.204   266  4584 W android.hardware.audio.service.ranchu: TinyalsaSink::write:125 pcm_write was late reading frames, dropping 22131 us of audio
03-07 14:51:11.247   266  4584 W android.hardware.audio.service.ranchu: TinyalsaSink::write:125 pcm_write was late reading frames, dropping 22131 us of audio
03-07 14:51:11.432 10428 10428 I ViewInteraction: Performing 'single click' action on view view.getId() is <2131231081/com.example.lunchtray:id/next_button>
03-07 14:51:11.467   266  4584 W android.hardware.audio.service.ranchu: TinyalsaSink::write:125 pcm_write was late reading frames, dropping 22131 us of audio
03-07 14:51:11.487   266  4584 W android.hardware.audio.service.ranchu: TinyalsaSink::write:125 pcm_write was late reading frames, dropping 22131 us of audio
03-07 14:51:12.048   541  2000 I system_server: oneway function results will be dropped but finished with status OK and parcel size 4
03-07 14:51:12.068   339   430 D AudioFlinger: mixer(0xf09cd030) throttle end: throttle time(44)
03-07 14:51:12.103 10428 10428 W ample.lunchtra: JNI critical lock held for 25.855ms on Thread[1,tid=10428,Runnable,Thread*=0xe9804610,peer=0x716d3c28,"main"]
03-07 14:51:12.199   541  2000 I system_server: oneway function results will be dropped but finished with status OK and parcel size 4
03-07 14:51:12.646 10428 10428 I ViewInteraction: Performing 'single click' action on view view.getId() is <2131230835/com.example.lunchtray:id/bread>
03-07 14:51:12.740  1641  1694 I earchbox:searc: Waiting for a blocking GC ProfileSaver
03-07 14:51:12.793   541  2000 I system_server: oneway function results will be dropped but finished with status OK and parcel size 4
03-07 14:51:12.796   339   430 D AudioFlinger: mixer(0xf09cd030) throttle end: throttle time(15)
03-07 14:51:12.869   339   430 D AudioFlinger: mixer(0xf09cd030) throttle end: throttle time(26)
03-07 14:51:12.927   541  1196 I system_server: oneway function results will be dropped but finished with status OK and parcel size 4
03-07 14:51:13.218 10428 10428 I ViewInteraction: Performing 'single click' action on view view.getId() is <2131231081/com.example.lunchtray:id/next_button>
03-07 14:51:13.388   541  2000 I system_server: oneway function results will be dropped but finished with status OK and parcel size 4
03-07 14:51:13.518   541  1196 I system_server: oneway function results will be dropped but finished with status OK and parcel size 4
03-07 14:51:13.729  1641  1694 I earchbox:searc: WaitForGcToComplete blocked ProfileSaver on HeapTrim for 989.262ms
03-07 14:51:13.939 10428 10428 I ViewInteraction: Checking 'MatchesViewAssertion{viewMatcher=an instance of android.widget.TextView and view.getText() with or without transformation to match: a string containing "Subtotal: $10.00"}' assertion on view view.getId() is <2131231217/com.example.lunchtray:id/subtotal>
03-07 14:51:13.945 10428 10428 I ViewInteraction: Checking 'MatchesViewAssertion{viewMatcher=an instance of android.widget.TextView and view.getText() with or without transformation to match: a string containing "Tax: $0.80"}' assertion on view view.getId() is <2131231233/com.example.lunchtray:id/tax>
03-07 14:51:13.949 10428 10428 I ViewInteraction: Checking 'MatchesViewAssertion{viewMatcher=an instance of android.widget.TextView and view.getText() with or without transformation to match: a string containing "Total: $10.80"}' assertion on view view.getId() is <2131231262/com.example.lunchtray:id/total>
03-07 14:51:13.951 10428 10453 I TestRunner: finished: subtotal_tax_total_in_checkout(com.example.lunchtray.OrderFunctionalityTests)
