03-07 14:51:29.238 10428 10428 V ActivityScenario: Activity lifecycle changed event received but ignored because the intent does not match. startActivityIntent=Intent { act=android.intent.action.MAIN cat=[android.intent.category.LAUNCHER] cmp=com.example.lunchtray/androidx.fragment.app.testing.FragmentScenario$EmptyFragmentActivity (has extras) }, activity.getIntent()=Intent { act=android.intent.action.MAIN cat=[android.intent.category.LAUNCHER] flg=0x10008000 cmp=com.example.lunchtray/androidx.test.core.app.InstrumentationActivityInvoker$BootstrapActivity (has extras) }, activity=androidx.test.core.app.InstrumentationActivityInvoker$BootstrapActivity@cd6113f
03-07 14:51:29.270   541   569 D EventSequenceValidator: Transition from ACTIVITY_LAUNCHED to ACTIVITY_FINISHED
03-07 14:51:29.271  1641  2490 W SearchServiceCore: Abort, client detached.
03-07 14:51:29.317   541   574 D ArtManagerInternalImpl: /data/misc/iorapd/com.example.lunchtray/1/androidx.fragment.app.testing.FragmentScenario$EmptyFragmentActivity/compiled_traces/compiled_trace.pb doesn't exist
03-07 14:51:29.516   541   574 I ActivityTaskManager: Displayed com.example.lunchtray/androidx.fragment.app.testing.FragmentScenario$EmptyFragmentActivity: +801ms
03-07 14:51:29.592   541   570 I Choreographer: Skipped 42 frames!  The application may be doing too much work on its main thread.
03-07 14:51:29.893 10428 10428 I ViewInteraction: Performing 'single click' action on view view.getId() is <2131230844/com.example.lunchtray:id/cauliflower>
03-07 14:51:30.188   541  2004 I system_server: oneway function results will be dropped but finished with status OK and parcel size 4
03-07 14:51:30.189   541  2004 I system_server: oneway function results will be dropped but finished with status OK and parcel size 4
03-07 14:51:30.293   339   430 D AudioFlinger: mixer(0xf09cd030) throttle end: throttle time(4)
03-07 14:51:30.545   541  2000 I system_server: oneway function results will be dropped but finished with status OK and parcel size 4
03-07 14:51:30.598 10428 10428 I ViewInteraction: Checking 'MatchesViewAssertion{viewMatcher=an instance of android.widget.TextView and view.getText() with or without transformation to match: a string containing "Subtotal: $7.00"}' assertion on view view.getId() is <2131231217/com.example.lunchtray:id/subtotal>
03-07 14:51:30.617 10428 10428 I ViewInteraction: Performing 'single click' action on view view.getId() is <2131230858/com.example.lunchtray:id/chili>
03-07 14:51:31.208   339   430 D AudioFlinger: mixer(0xf09cd030) throttle end: throttle time(3)
03-07 14:51:31.208   541  1196 I system_server: oneway function results will be dropped but finished with status OK and parcel size 4
03-07 14:51:31.249   339   430 D AudioFlinger: mixer(0xf09cd030) throttle end: throttle time(20)
03-07 14:51:31.340   541  2004 I system_server: oneway function results will be dropped but finished with status OK and parcel size 4
03-07 14:51:31.634   266  4584 W android.hardware.audio.service.ranchu: TinyalsaSink::write:125 pcm_write was late reading frames, dropping 22131 us of audio
03-07 14:51:31.706 10428 10428 I ViewInteraction: Checking 'MatchesViewAssertion{viewMatcher=an instance of android.widget.TextView and view.getText() with or without transformation to match: a string containing "Subtotal: $4.00"}' assertion on view view.getId() is <2131231217/com.example.lunchtray:id/subtotal>
03-07 14:51:31.711 10428 10428 I ViewInteraction: Performing 'single click' action on view view.getId() is <2131231106/com.example.lunchtray:id/pasta>
03-07 14:51:31.802   266  4584 W android.hardware.audio.service.ranchu: TinyalsaSink::write:125 pcm_write was late reading frames, dropping 22131 us of audio
03-07 14:51:31.808   541  2000 I system_server: oneway function results will be dropped but finished with status OK and parcel size 4
03-07 14:51:31.811   266  4584 W android.hardware.audio.service.ranchu: TinyalsaSink::write:125 pcm_write was late reading frames, dropping 22131 us of audio
03-07 14:51:31.850   339   430 D AudioFlinger: mixer(0xf09cd030) throttle end: throttle time(16)
03-07 14:51:31.874   266  4584 W android.hardware.audio.service.ranchu: TinyalsaSink::write:125 pcm_write was late reading frames, dropping 22131 us of audio
03-07 14:51:31.921   541  2000 I system_server: oneway function results will be dropped but finished with status OK and parcel size 4
03-07 14:51:32.050 10428 10443 W System  : A resource failed to call dispose.
03-07 14:51:32.257   541   550 I system_server: NativeAlloc concurrent copying GC freed 707451(15MB) AllocSpace objects, 23(972KB) LOS objects, 50% free, 17MB/35MB, paused 1.273ms total 4.056s
03-07 14:51:32.304 10428 10428 I ViewInteraction: Checking 'MatchesViewAssertion{viewMatcher=an instance of android.widget.TextView and view.getText() with or without transformation to match: a string containing "Subtotal: $5.50"}' assertion on view view.getId() is <2131231217/com.example.lunchtray:id/subtotal>
03-07 14:51:32.313 10428 10428 I ViewInteraction: Performing 'single click' action on view view.getId() is <2131231175/com.example.lunchtray:id/skillet>
03-07 14:51:32.463   541   552 W System  : A resource failed to call release.
03-07 14:51:32.474   541   552 I chatty  : uid=1000(system) FinalizerDaemon identical 5 lines
03-07 14:51:32.504   541   552 W System  : A resource failed to call release.
03-07 14:51:32.504   541  2004 I system_server: oneway function results will be dropped but finished with status OK and parcel size 4
03-07 14:51:32.504   541   552 W System  : A resource failed to call release.
03-07 14:51:32.509   541   552 I chatty  : uid=1000(system) FinalizerDaemon identical 4 lines
03-07 14:51:32.509   541   552 W System  : A resource failed to call release.
03-07 14:51:32.510   541   552 W System  : A resource failed to call dispose.
03-07 14:51:32.557   541   552 W System  : A resource failed to call release.
03-07 14:51:32.567   541   552 I chatty  : uid=1000(system) FinalizerDaemon identical 5 lines
03-07 14:51:32.567   541   552 W System  : A resource failed to call release.
03-07 14:51:32.568   541   552 W System  : A resource failed to call dispose.
03-07 14:51:32.680   541  1196 I system_server: oneway function results will be dropped but finished with status OK and parcel size 4
03-07 14:51:32.725   541   552 W System  : A resource failed to call release.
03-07 14:51:32.726   541   552 I chatty  : uid=1000(system) FinalizerDaemon identical 4 lines
03-07 14:51:32.733   541   552 W System  : A resource failed to call release.
03-07 14:51:32.794 10428 10428 I ViewInteraction: Checking 'MatchesViewAssertion{viewMatcher=an instance of android.widget.TextView and view.getText() with or without transformation to match: a string containing "Subtotal: $5.50"}' assertion on view view.getId() is <2131231217/com.example.lunchtray:id/subtotal>
03-07 14:51:32.796 10428 10453 I TestRunner: finished: radio_buttons_update_entree_menu_subtotal(com.example.lunchtray.OrderFunctionalityTests)
