03-07 14:50:37.012 10428 10453 I TestRunner: started: order_snackbar(com.example.lunchtray.OrderFunctionalityTests)
03-07 14:50:37.043 10428 10428 D LifecycleMonitor: Lifecycle status change: com.example.lunchtray.MainActivity@2c7111b in: DESTROYED
03-07 14:50:37.043 10428 10428 V ActivityScenario: Activity lifecycle changed event received but ignored because the intent does not match. startActivityIntent=Intent { act=android.intent.action.MAIN cat=[android.intent.category.LAUNCHER] cmp=com.example.lunchtray/androidx.fragment.app.testing.FragmentScenario$EmptyFragmentActivity (has extras) }, activity.getIntent()=Intent { act=android.intent.action.MAIN cat=[android.intent.category.LAUNCHER] cmp=com.example.lunchtray/.MainActivity }, activity=com.example.lunchtray.MainActivity@2c7111b
03-07 14:50:37.045 10428 10428 I chatty  : uid=10175(com.example.lunchtray) identical 6 lines
03-07 14:50:37.045 10428 10428 V ActivityScenario: Activity lifecycle changed event received but ignored because the intent does not match. startActivityIntent=Intent { act=android.intent.action.MAIN cat=[android.intent.category.LAUNCHER] cmp=com.example.lunchtray/androidx.fragment.app.testing.FragmentScenario$EmptyFragmentActivity (has extras) }, activity.getIntent()=Intent { act=android.intent.action.MAIN cat=[android.intent.category.LAUNCHER] cmp=com.example.lunchtray/.MainActivity }, activity=com.example.lunchtray.MainActivity@2c7111b
03-07 14:50:37.052   541  1456 D HostConnection: HostComposition ext ANDROID_EMU_CHECKSUM_HELPER_v1 ANDROID_EMU_native_sync_v2 ANDROID_EMU_native_sync_v3 ANDROID_EMU_native_sync_v4 ANDROID_EMU_dma_v1 ANDROID_EMU_direct_mem ANDROID_EMU_vulkan ANDROID_EMU_deferred_vulkan_commands ANDROID_EMU_vulkan_null_optional_strings ANDROID_EMU_vulkan_create_resources_with_requirements ANDROID_EMU_YUV_Cache ANDROID_EMU_vulkan_ignored_handles ANDROID_EMU_has_shared_slots_host_memory_allocator ANDROID_EMU_vulkan_free_memory_sync ANDROID_EMU_vulkan_shader_float16_int8 ANDROID_EMU_vulkan_async_queue_submit ANDROID_EMU_sync_buffer_data ANDROID_EMU_vulkan_async_qsri ANDROID_EMU_read_color_buffer_dma GL_OES_vertex_array_object GL_KHR_texture_compression_astc_ldr ANDROID_EMU_host_side_tracing ANDROID_EMU_gles_max_version_2
03-07 14:50:37.057   541  1456 W OpenGLRenderer: Failed to choose config with EGL_SWAP_BEHAVIOR_PRESERVED, retrying without...
03-07 14:50:37.088 10428 10428 V ActivityScenario: Activity lifecycle changed event received but ignored because the intent does not match. startActivityIntent=Intent { act=android.intent.action.MAIN cat=[android.intent.category.LAUNCHER] cmp=com.example.lunchtray/androidx.fragment.app.testing.FragmentScenario$EmptyFragmentActivity (has extras) }, activity.getIntent()=Intent { act=android.intent.action.MAIN cat=[android.intent.category.LAUNCHER] cmp=com.example.lunchtray/.MainActivity }, activity=com.example.lunchtray.MainActivity@2c7111b
03-07 14:50:37.088 10428 10428 I chatty  : uid=10175(com.example.lunchtray) identical 3 lines
03-07 14:50:37.088 10428 10428 V ActivityScenario: Activity lifecycle changed event received but ignored because the intent does not match. startActivityIntent=Intent { act=android.intent.action.MAIN cat=[android.intent.category.LAUNCHER] cmp=com.example.lunchtray/androidx.fragment.app.testing.FragmentScenario$EmptyFragmentActivity (has extras) }, activity.getIntent()=Intent { act=android.intent.action.MAIN cat=[android.intent.category.LAUNCHER] cmp=com.example.lunchtray/.MainActivity }, activity=com.example.lunchtray.MainActivity@2c7111b
03-07 14:50:37.088 10428 10428 V ActivityScenario: Update currentActivityStage to DESTROYED, currentActivity=null
03-07 14:50:37.088 10428 10428 V ActivityScenario: Update currentActivityStage to DESTROYED, currentActivity=null
03-07 14:50:37.107  1641  2490 I A       : getLocaleToModelSpecsMap
03-07 14:50:37.107  1641  2490 I A       : Using proto config with mendel
03-07 14:50:37.109  1641  2490 W A       : (REDACTED) Queue length for executor %s is now %d. Perhaps some tasks are too long, or the pool is too small.
03-07 14:50:37.156   541  1456 D EGL_emulation: eglCreateContext: 0xc128e780: maj 2 min 0 rcv 2
03-07 14:50:37.182 10428 10443 W System  : A resource failed to call dispose.
03-07 14:50:37.269   541  1456 D EGL_emulation: eglMakeCurrent: 0xc128e780: ver 2 0 (tinfo 0xc29f1b10) (first time)
03-07 14:50:37.271 10428 10453 W Settings: Setting always_finish_activities has moved from android.provider.Settings.System to android.provider.Settings.Global, returning read-only value.
03-07 14:50:37.410   541   569 D EventSequenceValidator: Transition from ACTIVITY_FINISHED to INTENT_STARTED
03-07 14:50:37.414   541   685 I system_server: oneway function results will be dropped but finished with status OK and parcel size 4
03-07 14:50:37.605   541  2000 W InputReader: Device virtio_input_multi_touch_10 is associated with display ADISPLAY_ID_NONE.
03-07 14:50:37.605   541  2000 W InputReader: Device virtio_input_multi_touch_4 is associated with display ADISPLAY_ID_NONE.
03-07 14:50:37.605   541  2000 W InputReader: Device virtio_input_multi_touch_11 is associated with display ADISPLAY_ID_NONE.
03-07 14:50:37.605   541  2000 W InputReader: Device virtio_input_multi_touch_9 is associated with display ADISPLAY_ID_NONE.
03-07 14:50:37.605   541  2000 W InputReader: Device virtio_input_multi_touch_6 is associated with display ADISPLAY_ID_NONE.
03-07 14:50:37.605   541  2000 W InputReader: Device virtio_input_multi_touch_5 is associated with display ADISPLAY_ID_NONE.
03-07 14:50:37.605   541  2000 W InputReader: Device virtio_input_multi_touch_3 is associated with display ADISPLAY_ID_NONE.
03-07 14:50:37.605   541  2000 W InputReader: Device virtio_input_multi_touch_2 is associated with display ADISPLAY_ID_NONE.
03-07 14:50:37.605   541  2000 W InputReader: Device virtio_input_multi_touch_7 is associated with display ADISPLAY_ID_NONE.
03-07 14:50:37.605   541  2000 W InputReader: Device virtio_input_multi_touch_8 is associated with display ADISPLAY_ID_NONE.
03-07 14:50:37.605   541  2000 W InputReader: Device virtio_input_multi_touch_10 is associated with display ADISPLAY_ID_NONE.
03-07 14:50:37.605   541  2000 W InputReader: Device virtio_input_multi_touch_4 is associated with display ADISPLAY_ID_NONE.
03-07 14:50:37.605   541  2000 W InputReader: Device virtio_input_multi_touch_11 is associated with display ADISPLAY_ID_NONE.
03-07 14:50:37.605   541  2000 W InputReader: Device virtio_input_multi_touch_9 is associated with display ADISPLAY_ID_NONE.
03-07 14:50:37.606   541  2000 W InputReader: Device virtio_input_multi_touch_6 is associated with display ADISPLAY_ID_NONE.
03-07 14:50:37.606   541  2000 W InputReader: Device virtio_input_multi_touch_5 is associated with display ADISPLAY_ID_NONE.
03-07 14:50:37.606   541  2000 W InputReader: Device virtio_input_multi_touch_3 is associated with display ADISPLAY_ID_NONE.
03-07 14:50:37.606   541  2000 W InputReader: Device virtio_input_multi_touch_2 is associated with display ADISPLAY_ID_NONE.
03-07 14:50:37.606   541  2000 W InputReader: Device virtio_input_multi_touch_7 is associated with display ADISPLAY_ID_NONE.
03-07 14:50:37.606   541  2000 W InputReader: Device virtio_input_multi_touch_8 is associated with display ADISPLAY_ID_NONE.
03-07 14:50:37.669   541   569 D EventSequenceValidator: Transition from INTENT_STARTED to ACTIVITY_LAUNCHED
03-07 14:50:37.720 10428 10428 D LifecycleMonitor: Lifecycle status change: androidx.test.core.app.InstrumentationActivityInvoker$BootstrapActivity@37df59d in: PRE_ON_CREATE
03-07 14:50:37.720 10428 10428 V ActivityScenario: Activity lifecycle changed event received but ignored because the intent does not match. startActivityIntent=Intent { act=android.intent.action.MAIN cat=[android.intent.category.LAUNCHER] cmp=com.example.lunchtray/androidx.fragment.app.testing.FragmentScenario$EmptyFragmentActivity (has extras) }, activity.getIntent()=Intent { act=android.intent.action.MAIN cat=[android.intent.category.LAUNCHER] flg=0x10008000 cmp=com.example.lunchtray/androidx.test.core.app.InstrumentationActivityInvoker$BootstrapActivity (has extras) }, activity=androidx.test.core.app.InstrumentationActivityInvoker$BootstrapActivity@37df59d
03-07 14:50:37.732 10428 10428 I chatty  : uid=10175(com.example.lunchtray) identical 11 lines
03-07 14:50:37.732 10428 10428 V ActivityScenario: Activity lifecycle changed event received but ignored because the intent does not match. startActivityIntent=Intent { act=android.intent.action.MAIN cat=[android.intent.category.LAUNCHER] cmp=com.example.lunchtray/androidx.fragment.app.testing.FragmentScenario$EmptyFragmentActivity (has extras) }, activity.getIntent()=Intent { act=android.intent.action.MAIN cat=[android.intent.category.LAUNCHER] flg=0x10008000 cmp=com.example.lunchtray/androidx.test.core.app.InstrumentationActivityInvoker$BootstrapActivity (has extras) }, activity=androidx.test.core.app.InstrumentationActivityInvoker$BootstrapActivity@37df59d
03-07 14:50:37.733 10428 10428 V ActivityScenario: Activity lifecycle changed event received but ignored because the intent does not match. startActivityIntent=Intent { act=android.intent.action.MAIN cat=[android.intent.category.LAUNCHER] cmp=com.example.lunchtray/.MainActivity }, activity.getIntent()=Intent { act=android.intent.action.MAIN cat=[android.intent.category.LAUNCHER] flg=0x10008000 cmp=com.example.lunchtray/androidx.test.core.app.InstrumentationActivityInvoker$BootstrapActivity (has extras) }, activity=androidx.test.core.app.InstrumentationActivityInvoker$BootstrapActivity@37df59d
03-07 14:50:37.733 10428 10428 I chatty  : uid=10175(com.example.lunchtray) identical 1 line
03-07 14:50:37.733 10428 10428 V ActivityScenario: Activity lifecycle changed event received but ignored because the intent does not match. startActivityIntent=Intent { act=android.intent.action.MAIN cat=[android.intent.category.LAUNCHER] cmp=com.example.lunchtray/.MainActivity }, activity.getIntent()=Intent { act=android.intent.action.MAIN cat=[android.intent.category.LAUNCHER] flg=0x10008000 cmp=com.example.lunchtray/androidx.test.core.app.InstrumentationActivityInvoker$BootstrapActivity (has extras) }, activity=androidx.test.core.app.InstrumentationActivityInvoker$BootstrapActivity@37df59d
03-07 14:50:37.918 10428 10428 D LifecycleMonitor: Lifecycle status change: androidx.test.core.app.InstrumentationActivityInvoker$BootstrapActivity@37df59d in: CREATED
03-07 14:50:37.919 10428 10428 V ActivityScenario: Activity lifecycle changed event received but ignored because the intent does not match. startActivityIntent=Intent { act=android.intent.action.MAIN cat=[android.intent.category.LAUNCHER] cmp=com.example.lunchtray/androidx.fragment.app.testing.FragmentScenario$EmptyFragmentActivity (has extras) }, activity.getIntent()=Intent { act=android.intent.action.MAIN cat=[android.intent.category.LAUNCHER] flg=0x10008000 cmp=com.example.lunchtray/androidx.test.core.app.InstrumentationActivityInvoker$BootstrapActivity (has extras) }, activity=androidx.test.core.app.InstrumentationActivityInvoker$BootstrapActivity@37df59d
03-07 14:50:37.921 10428 10428 I chatty  : uid=10175(com.example.lunchtray) identical 11 lines
03-07 14:50:37.921 10428 10428 V ActivityScenario: Activity lifecycle changed event received but ignored because the intent does not match. startActivityIntent=Intent { act=android.intent.action.MAIN cat=[android.intent.category.LAUNCHER] cmp=com.example.lunchtray/androidx.fragment.app.testing.FragmentScenario$EmptyFragmentActivity (has extras) }, activity.getIntent()=Intent { act=android.intent.action.MAIN cat=[android.intent.category.LAUNCHER] flg=0x10008000 cmp=com.example.lunchtray/androidx.test.core.app.InstrumentationActivityInvoker$BootstrapActivity (has extras) }, activity=androidx.test.core.app.InstrumentationActivityInvoker$BootstrapActivity@37df59d
03-07 14:50:37.921 10428 10428 V ActivityScenario: Activity lifecycle changed event received but ignored because the intent does not match. startActivityIntent=Intent { act=android.intent.action.MAIN cat=[android.intent.category.LAUNCHER] cmp=com.example.lunchtray/.MainActivity }, activity.getIntent()=Intent { act=android.intent.action.MAIN cat=[android.intent.category.LAUNCHER] flg=0x10008000 cmp=com.example.lunchtray/androidx.test.core.app.InstrumentationActivityInvoker$BootstrapActivity (has extras) }, activity=androidx.test.core.app.InstrumentationActivityInvoker$BootstrapActivity@37df59d
03-07 14:50:37.921 10428 10428 I chatty  : uid=10175(com.example.lunchtray) identical 1 line
03-07 14:50:37.922 10428 10428 V ActivityScenario: Activity lifecycle changed event received but ignored because the intent does not match. startActivityIntent=Intent { act=android.intent.action.MAIN cat=[android.intent.category.LAUNCHER] cmp=com.example.lunchtray/.MainActivity }, activity.getIntent()=Intent { act=android.intent.action.MAIN cat=[android.intent.category.LAUNCHER] flg=0x10008000 cmp=com.example.lunchtray/androidx.test.core.app.InstrumentationActivityInvoker$BootstrapActivity (has extras) }, activity=androidx.test.core.app.InstrumentationActivityInvoker$BootstrapActivity@37df59d
03-07 14:50:37.927 10428 10428 D LifecycleMonitor: Lifecycle status change: androidx.test.core.app.InstrumentationActivityInvoker$BootstrapActivity@37df59d in: STARTED
03-07 14:50:37.946   280  7979 D goldfish-address-space: claimShared: Ask to claim region [0x3f24d3000 0x3f2e38000]
03-07 14:50:37.959 10428 10428 V ActivityScenario: Activity lifecycle changed event received but ignored because the intent does not match. startActivityIntent=Intent { act=android.intent.action.MAIN cat=[android.intent.category.LAUNCHER] cmp=com.example.lunchtray/androidx.fragment.app.testing.FragmentScenario$EmptyFragmentActivity (has extras) }, activity.getIntent()=Intent { act=android.intent.action.MAIN cat=[android.intent.category.LAUNCHER] flg=0x10008000 cmp=com.example.lunchtray/androidx.test.core.app.InstrumentationActivityInvoker$BootstrapActivity (has extras) }, activity=androidx.test.core.app.InstrumentationActivityInvoker$BootstrapActivity@37df59d
03-07 14:50:37.961 10428 10428 I chatty  : uid=10175(com.example.lunchtray) identical 11 lines
03-07 14:50:37.961 10428 10428 V ActivityScenario: Activity lifecycle changed event received but ignored because the intent does not match. startActivityIntent=Intent { act=android.intent.action.MAIN cat=[android.intent.category.LAUNCHER] cmp=com.example.lunchtray/androidx.fragment.app.testing.FragmentScenario$EmptyFragmentActivity (has extras) }, activity.getIntent()=Intent { act=android.intent.action.MAIN cat=[android.intent.category.LAUNCHER] flg=0x10008000 cmp=com.example.lunchtray/androidx.test.core.app.InstrumentationActivityInvoker$BootstrapActivity (has extras) }, activity=androidx.test.core.app.InstrumentationActivityInvoker$BootstrapActivity@37df59d
03-07 14:50:37.961 10428 10428 V ActivityScenario: Activity lifecycle changed event received but ignored because the intent does not match. startActivityIntent=Intent { act=android.intent.action.MAIN cat=[android.intent.category.LAUNCHER] cmp=com.example.lunchtray/.MainActivity }, activity.getIntent()=Intent { act=android.intent.action.MAIN cat=[android.intent.category.LAUNCHER] flg=0x10008000 cmp=com.example.lunchtray/androidx.test.core.app.InstrumentationActivityInvoker$BootstrapActivity (has extras) }, activity=androidx.test.core.app.InstrumentationActivityInvoker$BootstrapActivity@37df59d
03-07 14:50:37.996 10428 10428 I chatty  : uid=10175(com.example.lunchtray) identical 1 line
03-07 14:50:37.996 10428 10428 V ActivityScenario: Activity lifecycle changed event received but ignored because the intent does not match. startActivityIntent=Intent { act=android.intent.action.MAIN cat=[android.intent.category.LAUNCHER] cmp=com.example.lunchtray/.MainActivity }, activity.getIntent()=Intent { act=android.intent.action.MAIN cat=[android.intent.category.LAUNCHER] flg=0x10008000 cmp=com.example.lunchtray/androidx.test.core.app.InstrumentationActivityInvoker$BootstrapActivity (has extras) }, activity=androidx.test.core.app.InstrumentationActivityInvoker$BootstrapActivity@37df59d
03-07 14:50:38.041  1641  1648 I earchbox:searc: CollectorTransition concurrent copying GC freed 14307(745KB) AllocSpace objects, 0(0B) LOS objects, 49% free, 18MB/37MB, paused 2.703ms total 4.020s
03-07 14:50:38.106  1641  2490 I A       : getLocaleToModelSpecsMap
03-07 14:50:38.106  1641  2490 I A       : Using proto config with mendel
03-07 14:50:38.111  1641  2490 W A       : (REDACTED) Task %s was queued for %dms before starting on executor %s
03-07 14:50:38.121 10428 10428 D LifecycleMonitor: Lifecycle status change: androidx.test.core.app.InstrumentationActivityInvoker$BootstrapActivity@37df59d in: RESUMED
03-07 14:50:38.122 10428 10428 V ActivityScenario: Activity lifecycle changed event received but ignored because the intent does not match. startActivityIntent=Intent { act=android.intent.action.MAIN cat=[android.intent.category.LAUNCHER] cmp=com.example.lunchtray/androidx.fragment.app.testing.FragmentScenario$EmptyFragmentActivity (has extras) }, activity.getIntent()=Intent { act=android.intent.action.MAIN cat=[android.intent.category.LAUNCHER] flg=0x10008000 cmp=com.example.lunchtray/androidx.test.core.app.InstrumentationActivityInvoker$BootstrapActivity (has extras) }, activity=androidx.test.core.app.InstrumentationActivityInvoker$BootstrapActivity@37df59d
03-07 14:50:38.131 10428 10428 I chatty  : uid=10175(com.example.lunchtray) identical 11 lines
03-07 14:50:38.131 10428 10428 V ActivityScenario: Activity lifecycle changed event received but ignored because the intent does not match. startActivityIntent=Intent { act=android.intent.action.MAIN cat=[android.intent.category.LAUNCHER] cmp=com.example.lunchtray/androidx.fragment.app.testing.FragmentScenario$EmptyFragmentActivity (has extras) }, activity.getIntent()=Intent { act=android.intent.action.MAIN cat=[android.intent.category.LAUNCHER] flg=0x10008000 cmp=com.example.lunchtray/androidx.test.core.app.InstrumentationActivityInvoker$BootstrapActivity (has extras) }, activity=androidx.test.core.app.InstrumentationActivityInvoker$BootstrapActivity@37df59d
03-07 14:50:38.132 10428 10428 V ActivityScenario: Activity lifecycle changed event received but ignored because the intent does not match. startActivityIntent=Intent { act=android.intent.action.MAIN cat=[android.intent.category.LAUNCHER] cmp=com.example.lunchtray/.MainActivity }, activity.getIntent()=Intent { act=android.intent.action.MAIN cat=[android.intent.category.LAUNCHER] flg=0x10008000 cmp=com.example.lunchtray/androidx.test.core.app.InstrumentationActivityInvoker$BootstrapActivity (has extras) }, activity=androidx.test.core.app.InstrumentationActivityInvoker$BootstrapActivity@37df59d
03-07 14:50:38.132 10428 10428 I chatty  : uid=10175(com.example.lunchtray) identical 1 line
03-07 14:50:38.132 10428 10428 V ActivityScenario: Activity lifecycle changed event received but ignored because the intent does not match. startActivityIntent=Intent { act=android.intent.action.MAIN cat=[android.intent.category.LAUNCHER] cmp=com.example.lunchtray/.MainActivity }, activity.getIntent()=Intent { act=android.intent.action.MAIN cat=[android.intent.category.LAUNCHER] flg=0x10008000 cmp=com.example.lunchtray/androidx.test.core.app.InstrumentationActivityInvoker$BootstrapActivity (has extras) }, activity=androidx.test.core.app.InstrumentationActivityInvoker$BootstrapActivity@37df59d
03-07 14:50:38.150 10428 10428 D LifecycleMonitor: Lifecycle status change: androidx.test.core.app.InstrumentationActivityInvoker$BootstrapActivity@37df59d in: PAUSED
03-07 14:50:38.150 10428 10428 V ActivityScenario: Activity lifecycle changed event received but ignored because the intent does not match. startActivityIntent=Intent { act=android.intent.action.MAIN cat=[android.intent.category.LAUNCHER] cmp=com.example.lunchtray/androidx.fragment.app.testing.FragmentScenario$EmptyFragmentActivity (has extras) }, activity.getIntent()=Intent { act=android.intent.action.MAIN cat=[android.intent.category.LAUNCHER] flg=0x10008000 cmp=com.example.lunchtray/androidx.test.core.app.InstrumentationActivityInvoker$BootstrapActivity (has extras) }, activity=androidx.test.core.app.InstrumentationActivityInvoker$BootstrapActivity@37df59d
03-07 14:50:38.152 10428 10428 I chatty  : uid=10175(com.example.lunchtray) identical 11 lines
03-07 14:50:38.152 10428 10428 V ActivityScenario: Activity lifecycle changed event received but ignored because the intent does not match. startActivityIntent=Intent { act=android.intent.action.MAIN cat=[android.intent.category.LAUNCHER] cmp=com.example.lunchtray/androidx.fragment.app.testing.FragmentScenario$EmptyFragmentActivity (has extras) }, activity.getIntent()=Intent { act=android.intent.action.MAIN cat=[android.intent.category.LAUNCHER] flg=0x10008000 cmp=com.example.lunchtray/androidx.test.core.app.InstrumentationActivityInvoker$BootstrapActivity (has extras) }, activity=androidx.test.core.app.InstrumentationActivityInvoker$BootstrapActivity@37df59d
03-07 14:50:38.152 10428 10428 V ActivityScenario: Activity lifecycle changed event received but ignored because the intent does not match. startActivityIntent=Intent { act=android.intent.action.MAIN cat=[android.intent.category.LAUNCHER] cmp=com.example.lunchtray/.MainActivity }, activity.getIntent()=Intent { act=android.intent.action.MAIN cat=[android.intent.category.LAUNCHER] flg=0x10008000 cmp=com.example.lunchtray/androidx.test.core.app.InstrumentationActivityInvoker$BootstrapActivity (has extras) }, activity=androidx.test.core.app.InstrumentationActivityInvoker$BootstrapActivity@37df59d
03-07 14:50:38.152 10428 10428 I chatty  : uid=10175(com.example.lunchtray) identical 1 line
03-07 14:50:38.152 10428 10428 V ActivityScenario: Activity lifecycle changed event received but ignored because the intent does not match. startActivityIntent=Intent { act=android.intent.action.MAIN cat=[android.intent.category.LAUNCHER] cmp=com.example.lunchtray/.MainActivity }, activity.getIntent()=Intent { act=android.intent.action.MAIN cat=[android.intent.category.LAUNCHER] flg=0x10008000 cmp=com.example.lunchtray/androidx.test.core.app.InstrumentationActivityInvoker$BootstrapActivity (has extras) }, activity=androidx.test.core.app.InstrumentationActivityInvoker$BootstrapActivity@37df59d
03-07 14:50:38.159   541  2014 W InputReader: Device virtio_input_multi_touch_10 is associated with display ADISPLAY_ID_NONE.
03-07 14:50:38.159   541  2014 W InputReader: Device virtio_input_multi_touch_4 is associated with display ADISPLAY_ID_NONE.
03-07 14:50:38.160   541  2014 W InputReader: Device virtio_input_multi_touch_11 is associated with display ADISPLAY_ID_NONE.
03-07 14:50:38.160   541  2014 W InputReader: Device virtio_input_multi_touch_9 is associated with display ADISPLAY_ID_NONE.
03-07 14:50:38.160   541  2014 W InputReader: Device virtio_input_multi_touch_6 is associated with display ADISPLAY_ID_NONE.
03-07 14:50:38.160   541  2014 W InputReader: Device virtio_input_multi_touch_5 is associated with display ADISPLAY_ID_NONE.
03-07 14:50:38.160   541  2014 W InputReader: Device virtio_input_multi_touch_3 is associated with display ADISPLAY_ID_NONE.
03-07 14:50:38.160   541  2014 W InputReader: Device virtio_input_multi_touch_2 is associated with display ADISPLAY_ID_NONE.
03-07 14:50:38.160   541  2014 W InputReader: Device virtio_input_multi_touch_7 is associated with display ADISPLAY_ID_NONE.
03-07 14:50:38.160   541  2014 W InputReader: Device virtio_input_multi_touch_8 is associated with display ADISPLAY_ID_NONE.
03-07 14:50:38.160   541  2014 W InputReader: Device virtio_input_multi_touch_10 is associated with display ADISPLAY_ID_NONE.
03-07 14:50:38.161   541  2014 W InputReader: Device virtio_input_multi_touch_4 is associated with display ADISPLAY_ID_NONE.
03-07 14:50:38.161   541  2014 W InputReader: Device virtio_input_multi_touch_11 is associated with display ADISPLAY_ID_NONE.
03-07 14:50:38.161   541  2014 W InputReader: Device virtio_input_multi_touch_9 is associated with display ADISPLAY_ID_NONE.
03-07 14:50:38.161   541  2014 W InputReader: Device virtio_input_multi_touch_6 is associated with display ADISPLAY_ID_NONE.
03-07 14:50:38.161   541  2014 W InputReader: Device virtio_input_multi_touch_5 is associated with display ADISPLAY_ID_NONE.
03-07 14:50:38.161   541  2014 W InputReader: Device virtio_input_multi_touch_3 is associated with display ADISPLAY_ID_NONE.
03-07 14:50:38.161   541  2014 W InputReader: Device virtio_input_multi_touch_2 is associated with display ADISPLAY_ID_NONE.
03-07 14:50:38.161   541  2014 W InputReader: Device virtio_input_multi_touch_7 is associated with display ADISPLAY_ID_NONE.
03-07 14:50:38.161   541  2014 W InputReader: Device virtio_input_multi_touch_8 is associated with display ADISPLAY_ID_NONE.
03-07 14:50:38.463   541   570 I Choreographer: Skipped 43 frames!  The application may be doing too much work on its main thread.
03-07 14:50:38.541 10428 10428 D LifecycleMonitor: Lifecycle status change: com.example.lunchtray.MainActivity@5890835 in: PRE_ON_CREATE
03-07 14:50:38.542 10428 10428 V ActivityScenario: Activity lifecycle changed event received but ignored because the intent does not match. startActivityIntent=Intent { act=android.intent.action.MAIN cat=[android.intent.category.LAUNCHER] cmp=com.example.lunchtray/androidx.fragment.app.testing.FragmentScenario$EmptyFragmentActivity (has extras) }, activity.getIntent()=Intent { act=android.intent.action.MAIN cat=[android.intent.category.LAUNCHER] cmp=com.example.lunchtray/.MainActivity }, activity=com.example.lunchtray.MainActivity@5890835
03-07 14:50:38.544 10428 10428 I chatty  : uid=10175(com.example.lunchtray) identical 11 lines
03-07 14:50:38.544 10428 10428 V ActivityScenario: Activity lifecycle changed event received but ignored because the intent does not match. startActivityIntent=Intent { act=android.intent.action.MAIN cat=[android.intent.category.LAUNCHER] cmp=com.example.lunchtray/androidx.fragment.app.testing.FragmentScenario$EmptyFragmentActivity (has extras) }, activity.getIntent()=Intent { act=android.intent.action.MAIN cat=[android.intent.category.LAUNCHER] cmp=com.example.lunchtray/.MainActivity }, activity=com.example.lunchtray.MainActivity@5890835
03-07 14:50:38.544 10428 10428 V ActivityScenario: Activity lifecycle changed event received but ignored because the reported transition was not ON_CREATE while the last known transition was DESTROYED
03-07 14:50:38.544 10428 10428 V ActivityScenario: Activity lifecycle changed event received but ignored because the reported transition was not ON_CREATE while the last known transition was DESTROYED
03-07 14:50:38.544 10428 10428 V ActivityScenario: Activity lifecycle changed event received but ignored because the reported transition was not ON_CREATE while the last known transition was PRE_ON_CREATE
03-07 14:50:38.821   280  7979 D goldfish-address-space: claimShared: Ask to claim region [0x3f0603000 0x3f0f68000]
03-07 14:50:38.983 10428 10428 D LifecycleMonitor: Lifecycle status change: com.example.lunchtray.MainActivity@5890835 in: CREATED
03-07 14:50:38.983 10428 10428 V ActivityScenario: Activity lifecycle changed event received but ignored because the intent does not match. startActivityIntent=Intent { act=android.intent.action.MAIN cat=[android.intent.category.LAUNCHER] cmp=com.example.lunchtray/androidx.fragment.app.testing.FragmentScenario$EmptyFragmentActivity (has extras) }, activity.getIntent()=Intent { act=android.intent.action.MAIN cat=[android.intent.category.LAUNCHER] cmp=com.example.lunchtray/.MainActivity }, activity=com.example.lunchtray.MainActivity@5890835
03-07 14:50:38.985 10428 10428 I chatty  : uid=10175(com.example.lunchtray) identical 11 lines
03-07 14:50:38.985 10428 10428 V ActivityScenario: Activity lifecycle changed event received but ignored because the intent does not match. startActivityIntent=Intent { act=android.intent.action.MAIN cat=[android.intent.category.LAUNCHER] cmp=com.example.lunchtray/androidx.fragment.app.testing.FragmentScenario$EmptyFragmentActivity (has extras) }, activity.getIntent()=Intent { act=android.intent.action.MAIN cat=[android.intent.category.LAUNCHER] cmp=com.example.lunchtray/.MainActivity }, activity=com.example.lunchtray.MainActivity@5890835
03-07 14:50:38.986 10428 10428 V ActivityScenario: Update currentActivityStage to CREATED, currentActivity=com.example.lunchtray.MainActivity@5890835
03-07 14:50:38.986 10428 10428 I chatty  : uid=10175(com.example.lunchtray) identical 1 line
03-07 14:50:38.986 10428 10428 V ActivityScenario: Update currentActivityStage to CREATED, currentActivity=com.example.lunchtray.MainActivity@5890835
03-07 14:50:39.020 10428 10428 D LifecycleMonitor: Lifecycle status change: com.example.lunchtray.MainActivity@5890835 in: STARTED
03-07 14:50:39.020 10428 10428 V ActivityScenario: Activity lifecycle changed event received but ignored because the intent does not match. startActivityIntent=Intent { act=android.intent.action.MAIN cat=[android.intent.category.LAUNCHER] cmp=com.example.lunchtray/androidx.fragment.app.testing.FragmentScenario$EmptyFragmentActivity (has extras) }, activity.getIntent()=Intent { act=android.intent.action.MAIN cat=[android.intent.category.LAUNCHER] cmp=com.example.lunchtray/.MainActivity }, activity=com.example.lunchtray.MainActivity@5890835
03-07 14:50:39.023 10428 10428 I chatty  : uid=10175(com.example.lunchtray) identical 11 lines
03-07 14:50:39.023 10428 10428 V ActivityScenario: Activity lifecycle changed event received but ignored because the intent does not match. startActivityIntent=Intent { act=android.intent.action.MAIN cat=[android.intent.category.LAUNCHER] cmp=com.example.lunchtray/androidx.fragment.app.testing.FragmentScenario$EmptyFragmentActivity (has extras) }, activity.getIntent()=Intent { act=android.intent.action.MAIN cat=[android.intent.category.LAUNCHER] cmp=com.example.lunchtray/.MainActivity }, activity=com.example.lunchtray.MainActivity@5890835
03-07 14:50:39.023 10428 10428 V ActivityScenario: Update currentActivityStage to STARTED, currentActivity=com.example.lunchtray.MainActivity@5890835
03-07 14:50:39.023 10428 10428 I chatty  : uid=10175(com.example.lunchtray) identical 1 line
03-07 14:50:39.024 10428 10428 V ActivityScenario: Update currentActivityStage to STARTED, currentActivity=com.example.lunchtray.MainActivity@5890835
03-07 14:50:39.026 10428 10428 D LifecycleMonitor: Lifecycle status change: com.example.lunchtray.MainActivity@5890835 in: RESUMED
03-07 14:50:39.026 10428 10428 V ActivityScenario: Activity lifecycle changed event received but ignored because the intent does not match. startActivityIntent=Intent { act=android.intent.action.MAIN cat=[android.intent.category.LAUNCHER] cmp=com.example.lunchtray/androidx.fragment.app.testing.FragmentScenario$EmptyFragmentActivity (has extras) }, activity.getIntent()=Intent { act=android.intent.action.MAIN cat=[android.intent.category.LAUNCHER] cmp=com.example.lunchtray/.MainActivity }, activity=com.example.lunchtray.MainActivity@5890835
03-07 14:50:39.033 10428 10428 I chatty  : uid=10175(com.example.lunchtray) identical 11 lines
03-07 14:50:39.033 10428 10428 V ActivityScenario: Activity lifecycle changed event received but ignored because the intent does not match. startActivityIntent=Intent { act=android.intent.action.MAIN cat=[android.intent.category.LAUNCHER] cmp=com.example.lunchtray/androidx.fragment.app.testing.FragmentScenario$EmptyFragmentActivity (has extras) }, activity.getIntent()=Intent { act=android.intent.action.MAIN cat=[android.intent.category.LAUNCHER] cmp=com.example.lunchtray/.MainActivity }, activity=com.example.lunchtray.MainActivity@5890835
03-07 14:50:39.034 10428 10428 V ActivityScenario: Update currentActivityStage to RESUMED, currentActivity=com.example.lunchtray.MainActivity@5890835
03-07 14:50:39.034 10428 10428 I chatty  : uid=10175(com.example.lunchtray) identical 1 line
03-07 14:50:39.035 10428 10428 V ActivityScenario: Update currentActivityStage to RESUMED, currentActivity=com.example.lunchtray.MainActivity@5890835
03-07 14:50:39.108   280  7979 D goldfish-address-space: claimShared: Ask to claim region [0x3f425a000 0x3f4bbf000]
03-07 14:50:39.130   280  7979 D goldfish-address-space: claimShared: Ask to claim region [0x3f4bbf000 0x3f5524000]
03-07 14:50:39.132   280  7979 D goldfish-address-space: claimShared: Ask to claim region [0x3f5524000 0x3f5e89000]
03-07 14:50:39.196   541   570 I Choreographer: Skipped 42 frames!  The application may be doing too much work on its main thread.
03-07 14:50:39.259 10428 10428 D RootViewPicker: Root not ready - waiting: 10ms for one to appear.
03-07 14:50:39.360   541   574 D ArtManagerInternalImpl: /data/misc/iorapd/com.example.lunchtray/1/com.example.lunchtray.MainActivity/compiled_traces/compiled_trace.pb doesn't exist
03-07 14:50:39.452 10428 10428 D RootViewPicker: Root not ready - waiting: 25ms for one to appear.
03-07 14:50:39.499 10428 10428 W ample.lunchtra: JNI critical lock held for 42.367ms on Thread[1,tid=10428,Runnable,Thread*=0xe9804610,peer=0x716d3c28,"main"]
03-07 14:50:39.502 10428 10428 D RootViewPicker: Root not ready - waiting: 50ms for one to appear.
03-07 14:50:39.508   541   569 D EventSequenceValidator: Transition from ACTIVITY_LAUNCHED to ACTIVITY_FINISHED
03-07 14:50:39.552 10428 10428 D RootViewPicker: Root not ready - waiting: 100ms for one to appear.
03-07 14:50:39.656 10428 10428 D RootViewPicker: Root not ready - waiting: 200ms for one to appear.
03-07 14:50:39.665   541   574 I ActivityTaskManager: Displayed com.example.lunchtray/.MainActivity: +1s947ms
03-07 14:50:39.681 10428 10428 D LifecycleMonitor: Lifecycle status change: androidx.test.core.app.InstrumentationActivityInvoker$BootstrapActivity@37df59d in: STOPPED
03-07 14:50:39.681 10428 10428 V ActivityScenario: Activity lifecycle changed event received but ignored because the intent does not match. startActivityIntent=Intent { act=android.intent.action.MAIN cat=[android.intent.category.LAUNCHER] cmp=com.example.lunchtray/androidx.fragment.app.testing.FragmentScenario$EmptyFragmentActivity (has extras) }, activity.getIntent()=Intent { act=android.intent.action.MAIN cat=[android.intent.category.LAUNCHER] flg=0x10008000 cmp=com.example.lunchtray/androidx.test.core.app.InstrumentationActivityInvoker$BootstrapActivity (has extras) }, activity=androidx.test.core.app.InstrumentationActivityInvoker$BootstrapActivity@37df59d
03-07 14:50:39.684 10428 10428 I chatty  : uid=10175(com.example.lunchtray) identical 11 lines
03-07 14:50:39.685 10428 10428 V ActivityScenario: Activity lifecycle changed event received but ignored because the intent does not match. startActivityIntent=Intent { act=android.intent.action.MAIN cat=[android.intent.category.LAUNCHER] cmp=com.example.lunchtray/androidx.fragment.app.testing.FragmentScenario$EmptyFragmentActivity (has extras) }, activity.getIntent()=Intent { act=android.intent.action.MAIN cat=[android.intent.category.LAUNCHER] flg=0x10008000 cmp=com.example.lunchtray/androidx.test.core.app.InstrumentationActivityInvoker$BootstrapActivity (has extras) }, activity=androidx.test.core.app.InstrumentationActivityInvoker$BootstrapActivity@37df59d
03-07 14:50:39.685 10428 10428 V ActivityScenario: Activity lifecycle changed event received but ignored because the intent does not match. startActivityIntent=Intent { act=android.intent.action.MAIN cat=[android.intent.category.LAUNCHER] cmp=com.example.lunchtray/.MainActivity }, activity.getIntent()=Intent { act=android.intent.action.MAIN cat=[android.intent.category.LAUNCHER] flg=0x10008000 cmp=com.example.lunchtray/androidx.test.core.app.InstrumentationActivityInvoker$BootstrapActivity (has extras) }, activity=androidx.test.core.app.InstrumentationActivityInvoker$BootstrapActivity@37df59d
03-07 14:50:39.685 10428 10428 I chatty  : uid=10175(com.example.lunchtray) identical 1 line
03-07 14:50:39.685 10428 10428 V ActivityScenario: Activity lifecycle changed event received but ignored because the intent does not match. startActivityIntent=Intent { act=android.intent.action.MAIN cat=[android.intent.category.LAUNCHER] cmp=com.example.lunchtray/.MainActivity }, activity.getIntent()=Intent { act=android.intent.action.MAIN cat=[android.intent.category.LAUNCHER] flg=0x10008000 cmp=com.example.lunchtray/androidx.test.core.app.InstrumentationActivityInvoker$BootstrapActivity (has extras) }, activity=androidx.test.core.app.InstrumentationActivityInvoker$BootstrapActivity@37df59d
03-07 14:50:39.848  1641  3110 I PBSessionCacheImpl: (REDACTED) Deleted sessionId[%d] from persistence.
03-07 14:50:39.955  1641  2490 W SearchServiceCore: Abort, client detached.
03-07 14:50:40.057   541   570 I Choreographer: Skipped 42 frames!  The application may be doing too much work on its main thread.
03-07 14:50:40.522 10428 10428 I ViewInteraction: Performing 'single click' action on view view.getId() is <2131231208/com.example.lunchtray:id/start_order_btn>
03-07 14:50:40.756   541  2004 I system_server: oneway function results will be dropped but finished with status OK and parcel size 4
03-07 14:50:40.771   339   430 D AudioFlinger: mixer(0xf09cd030) throttle end: throttle time(17)
03-07 14:50:40.795   541  2004 I system_server: oneway function results will be dropped but finished with status OK and parcel size 4
03-07 14:50:40.941   541   555 I system_server: oneway function results will be dropped but finished with status OK and parcel size 4
03-07 14:50:41.719 10428 10428 I ViewInteraction: Performing 'single click' action on view view.getId() is <2131230844/com.example.lunchtray:id/cauliflower>
03-07 14:50:41.857   541  2001 I system_server: oneway function results will be dropped but finished with status OK and parcel size 4
03-07 14:50:41.905   541  2001 I system_server: oneway function results will be dropped but finished with status OK and parcel size 4
03-07 14:50:42.202 10428 10428 I ViewInteraction: Performing 'single click' action on view view.getId() is <2131231081/com.example.lunchtray:id/next_button>
03-07 14:50:42.380   541  2004 I system_server: oneway function results will be dropped but finished with status OK and parcel size 4
03-07 14:50:42.387   339   430 D AudioFlinger: mixer(0xf09cd030) throttle end: throttle time(43)
03-07 14:50:42.569   541  2001 I system_server: oneway function results will be dropped but finished with status OK and parcel size 4
03-07 14:50:43.085 10428 10428 I ViewInteraction: Performing 'single click' action on view view.getId() is <2131231138/com.example.lunchtray:id/salad>
03-07 14:50:43.231   541  2004 I system_server: oneway function results will be dropped but finished with status OK and parcel size 4
03-07 14:50:43.536   541  2001 I system_server: oneway function results will be dropped but finished with status OK and parcel size 4
03-07 14:50:43.719 10428 10428 I ViewInteraction: Performing 'single click' action on view view.getId() is <2131231081/com.example.lunchtray:id/next_button>
03-07 14:50:43.902   541  2001 I system_server: oneway function results will be dropped but finished with status OK and parcel size 4
03-07 14:50:43.980   339   430 D AudioFlinger: mixer(0xf09cd030) throttle end: throttle time(17)
03-07 14:50:44.112   541  2001 I system_server: oneway function results will be dropped but finished with status OK and parcel size 4
03-07 14:50:44.486 10428 10428 I ViewInteraction: Performing 'single click' action on view view.getId() is <2131230835/com.example.lunchtray:id/bread>
03-07 14:50:45.117   541  2001 I system_server: oneway function results will be dropped but finished with status OK and parcel size 4
03-07 14:50:45.160   339   430 D AudioFlinger: mixer(0xf09cd030) throttle end: throttle time(9)
03-07 14:50:45.246   339   430 D AudioFlinger: mixer(0xf09cd030) throttle end: throttle time(13)
03-07 14:50:45.336   541   555 I system_server: oneway function results will be dropped but finished with status OK and parcel size 4
03-07 14:50:45.415 10428 10428 I ViewInteraction: Performing 'single click' action on view view.getId() is <2131231081/com.example.lunchtray:id/next_button>
03-07 14:50:45.622 10428 10428 W ample.lunchtra: JNI critical lock held for 33.898ms on Thread[1,tid=10428,Runnable,Thread*=0xe9804610,peer=0x716d3c28,"main"]
03-07 14:50:45.673   541  2001 I system_server: oneway function results will be dropped but finished with status OK and parcel size 4
03-07 14:50:45.680   339   430 D AudioFlinger: mixer(0xf09cd030) throttle end: throttle time(9)
03-07 14:50:45.760   339   430 D AudioFlinger: mixer(0xf09cd030) throttle end: throttle time(9)
03-07 14:50:45.835   541  2001 I system_server: oneway function results will be dropped but finished with status OK and parcel size 4
03-07 14:50:46.296 10428 10428 I ViewInteraction: Performing 'single click' action on view view.getId() is <2131231216/com.example.lunchtray:id/submit_button>
03-07 14:50:46.742   541  2004 I system_server: oneway function results will be dropped but finished with status OK and parcel size 4
03-07 14:50:46.756   339   430 D AudioFlinger: mixer(0xf09cd030) throttle end: throttle time(19)
03-07 14:50:46.876   541   555 I system_server: oneway function results will be dropped but finished with status OK and parcel size 4
03-07 14:50:46.982  2193  2209 I .gms.persisten: Background concurrent copying GC freed 206667(14MB) AllocSpace objects, 0(0B) LOS objects, 49% free, 13MB/27MB, paused 10.697ms total 2.604s
03-07 14:50:47.561 10428 10428 I ViewInteraction: Checking 'MatchesViewAssertion{viewMatcher=(view has effective visibility <VISIBLE> and view.getGlobalVisibleRect() to return non-empty rectangle)}' assertion on view an instance of android.widget.TextView and view.getText() with or without transformation to match: a string containing "Order Submitted!"
03-07 14:50:47.563 10428 10453 I TestRunner: finished: order_snackbar(com.example.lunchtray.OrderFunctionalityTests)
